Archive member included to satisfy reference by file (symbol)

c:/program files (x86)/atmel/studio/7.0/toolchain/arm/arm-gnu-toolchain/bin/../lib/gcc/arm-none-eabi/6.3.1/../../../../arm-none-eabi/lib/thumb/v7-m\libc.a(lib_a-exit.o)
                              c:/program files (x86)/atmel/studio/7.0/toolchain/arm/arm-gnu-toolchain/bin/../lib/gcc/arm-none-eabi/6.3.1/../../../../arm-none-eabi/lib/thumb/v7-m/crt0.o (exit)
c:/program files (x86)/atmel/studio/7.0/toolchain/arm/arm-gnu-toolchain/bin/../lib/gcc/arm-none-eabi/6.3.1/../../../../arm-none-eabi/lib/thumb/v7-m\libc.a(lib_a-impure.o)
                              c:/program files (x86)/atmel/studio/7.0/toolchain/arm/arm-gnu-toolchain/bin/../lib/gcc/arm-none-eabi/6.3.1/../../../../arm-none-eabi/lib/thumb/v7-m\libc.a(lib_a-exit.o) (_global_impure_ptr)
c:/program files (x86)/atmel/studio/7.0/toolchain/arm/arm-gnu-toolchain/bin/../lib/gcc/arm-none-eabi/6.3.1/../../../../arm-none-eabi/lib/thumb/v7-m\libc.a(lib_a-init.o)
                              c:/program files (x86)/atmel/studio/7.0/toolchain/arm/arm-gnu-toolchain/bin/../lib/gcc/arm-none-eabi/6.3.1/../../../../arm-none-eabi/lib/thumb/v7-m/crt0.o (__libc_init_array)
c:/program files (x86)/atmel/studio/7.0/toolchain/arm/arm-gnu-toolchain/bin/../lib/gcc/arm-none-eabi/6.3.1/../../../../arm-none-eabi/lib/thumb/v7-m\libc.a(lib_a-memcpy.o)
                              src/ASF/common/services/usb/class/cdc/device/udi_cdc.o (memcpy)
c:/program files (x86)/atmel/studio/7.0/toolchain/arm/arm-gnu-toolchain/bin/../lib/gcc/arm-none-eabi/6.3.1/../../../../arm-none-eabi/lib/thumb/v7-m\libc.a(lib_a-memset.o)
                              c:/program files (x86)/atmel/studio/7.0/toolchain/arm/arm-gnu-toolchain/bin/../lib/gcc/arm-none-eabi/6.3.1/../../../../arm-none-eabi/lib/thumb/v7-m/crt0.o (memset)
c:/program files (x86)/atmel/studio/7.0/toolchain/arm/arm-gnu-toolchain/bin/../lib/gcc/arm-none-eabi/6.3.1/../../../../arm-none-eabi/lib/thumb/v7-m\libc.a(lib_a-__call_atexit.o)
                              c:/program files (x86)/atmel/studio/7.0/toolchain/arm/arm-gnu-toolchain/bin/../lib/gcc/arm-none-eabi/6.3.1/../../../../arm-none-eabi/lib/thumb/v7-m\libc.a(lib_a-exit.o) (__call_exitprocs)
c:/program files (x86)/atmel/studio/7.0/toolchain/arm/arm-gnu-toolchain/bin/../lib/gcc/arm-none-eabi/6.3.1/../../../../arm-none-eabi/lib/thumb/v7-m\libc.a(lib_a-atexit.o)
                              c:/program files (x86)/atmel/studio/7.0/toolchain/arm/arm-gnu-toolchain/bin/../lib/gcc/arm-none-eabi/6.3.1/../../../../arm-none-eabi/lib/thumb/v7-m\libc.a(lib_a-__call_atexit.o) (atexit)
c:/program files (x86)/atmel/studio/7.0/toolchain/arm/arm-gnu-toolchain/bin/../lib/gcc/arm-none-eabi/6.3.1/../../../../arm-none-eabi/lib/thumb/v7-m\libc.a(lib_a-fini.o)
                              c:/program files (x86)/atmel/studio/7.0/toolchain/arm/arm-gnu-toolchain/bin/../lib/gcc/arm-none-eabi/6.3.1/../../../../arm-none-eabi/lib/thumb/v7-m\libc.a(lib_a-__call_atexit.o) (__libc_fini_array)
c:/program files (x86)/atmel/studio/7.0/toolchain/arm/arm-gnu-toolchain/bin/../lib/gcc/arm-none-eabi/6.3.1/../../../../arm-none-eabi/lib/thumb/v7-m\libc.a(lib_a-lock.o)
                              c:/program files (x86)/atmel/studio/7.0/toolchain/arm/arm-gnu-toolchain/bin/../lib/gcc/arm-none-eabi/6.3.1/../../../../arm-none-eabi/lib/thumb/v7-m\libc.a(lib_a-__call_atexit.o) (__retarget_lock_acquire_recursive)
c:/program files (x86)/atmel/studio/7.0/toolchain/arm/arm-gnu-toolchain/bin/../lib/gcc/arm-none-eabi/6.3.1/../../../../arm-none-eabi/lib/thumb/v7-m\libc.a(lib_a-__atexit.o)
                              c:/program files (x86)/atmel/studio/7.0/toolchain/arm/arm-gnu-toolchain/bin/../lib/gcc/arm-none-eabi/6.3.1/../../../../arm-none-eabi/lib/thumb/v7-m\libc.a(lib_a-atexit.o) (__register_exitproc)

Allocating common symbols
Common symbol       size              file

__lock___atexit_recursive_mutex
                    0x1               c:/program files (x86)/atmel/studio/7.0/toolchain/arm/arm-gnu-toolchain/bin/../lib/gcc/arm-none-eabi/6.3.1/../../../../arm-none-eabi/lib/thumb/v7-m\libc.a(lib_a-lock.o)
__lock___arc4random_mutex
                    0x1               c:/program files (x86)/atmel/studio/7.0/toolchain/arm/arm-gnu-toolchain/bin/../lib/gcc/arm-none-eabi/6.3.1/../../../../arm-none-eabi/lib/thumb/v7-m\libc.a(lib_a-lock.o)
__lock___env_recursive_mutex
                    0x1               c:/program files (x86)/atmel/studio/7.0/toolchain/arm/arm-gnu-toolchain/bin/../lib/gcc/arm-none-eabi/6.3.1/../../../../arm-none-eabi/lib/thumb/v7-m\libc.a(lib_a-lock.o)
__lock___sinit_recursive_mutex
                    0x1               c:/program files (x86)/atmel/studio/7.0/toolchain/arm/arm-gnu-toolchain/bin/../lib/gcc/arm-none-eabi/6.3.1/../../../../arm-none-eabi/lib/thumb/v7-m\libc.a(lib_a-lock.o)
__lock___malloc_recursive_mutex
[...]
Memory Configuration

Name             Origin             Length             Attributes
rom              0x00080000         0x00080000         xr
sram0            0x20000000         0x00010000         xrw
sram1            0x20080000         0x00008000         xrw
ram              0x20070000         0x00018000         xrw
*default*        0x00000000         0xffffffff

Linker script and memory map

LOAD c:/program files (x86)/atmel/studio/7.0/toolchain/arm/arm-gnu-toolchain/bin/../lib/gcc/arm-none-eabi/6.3.1/thumb/v7-m/crti.o
LOAD c:/program files (x86)/atmel/studio/7.0/toolchain/arm/arm-gnu-toolchain/bin/../lib/gcc/arm-none-eabi/6.3.1/thumb/v7-m/crtbegin.o
LOAD c:/program files (x86)/atmel/studio/7.0/toolchain/arm/arm-gnu-toolchain/bin/../lib/gcc/arm-none-eabi/6.3.1/../../../../arm-none-eabi/lib/thumb/v7-m/crt0.o
LOAD src/ASF/common/services/usb/class/cdc/device/example2/sam3x8e_arduino_due_x/ui.o
LOAD src/ASF/common/services/clock/sam3x/sysclk.o
LOAD src/ASF/common/services/sleepmgr/sam/sleepmgr.o
LOAD src/ASF/common/services/usb/class/cdc/device/udi_cdc.o
LOAD src/ASF/common/services/usb/class/cdc/device/udi_cdc_desc.o
LOAD src/ASF/common/services/usb/udc/udc.o
LOAD src/ASF/common/utils/interrupt/interrupt_sam_nvic.o
LOAD src/ASF/sam/boards/arduino_due_x/init.o
LOAD src/ASF/sam/boards/arduino_due_x/led.o
LOAD src/ASF/sam/drivers/pio/pio.o
LOAD src/ASF/sam/drivers/pio/pio_handler.o
LOAD src/ASF/sam/drivers/pmc/pmc.o
LOAD src/ASF/sam/drivers/pmc/sleep.o
LOAD src/ASF/sam/drivers/uotghs/uotghs_device.o
LOAD src/ASF/sam/drivers/usart/usart.o
LOAD src/ASF/sam/utils/cmsis/sam3x/source/templates/exceptions.o
LOAD src/ASF/sam/utils/cmsis/sam3x/source/templates/gcc/startup_sam3x.o
LOAD src/ASF/sam/utils/cmsis/sam3x/source/templates/system_sam3x.o
LOAD src/ASF/sam/utils/syscalls/gcc/syscalls.o
LOAD src/main.o
LOAD src/uart_sam.o
START GROUP
LOAD ../src/ASF/thirdparty/CMSIS/Lib/GCC\libarm_cortexM3l_math.a
LOAD c:/program files (x86)/atmel/studio/7.0/toolchain/arm/arm-gnu-toolchain/bin/../lib/gcc/arm-none-eabi/6.3.1/../../../../arm-none-eabi/lib/thumb/v7-m\libm.a
END GROUP
START GROUP
LOAD c:/program files (x86)/atmel/studio/7.0/toolchain/arm/arm-gnu-toolchain/bin/../lib/gcc/arm-none-eabi/6.3.1/thumb/v7-m\libgcc.a
LOAD c:/program files (x86)/atmel/studio/7.0/toolchain/arm/arm-gnu-toolchain/bin/../lib/gcc/arm-none-eabi/6.3.1/../../../../arm-none-eabi/lib/thumb/v7-m\libc.a
END GROUP
LOAD c:/program files (x86)/atmel/studio/7.0/toolchain/arm/arm-gnu-toolchain/bin/../lib/gcc/arm-none-eabi/6.3.1/thumb/v7-m/crtend.o
LOAD c:/program files (x86)/atmel/studio/7.0/toolchain/arm/arm-gnu-toolchain/bin/../lib/gcc/arm-none-eabi/6.3.1/thumb/v7-m/crtn.o
                0x00002000                __stack_size__ = DEFINED (__stack_size__)?__stack_size__:0x2000
                0x20087ffc                __ram_end__ = ((ORIGIN (ram) + LENGTH (ram)) - 0x4)

.text           0x00080000     0x3108
                0x00080000                . = ALIGN (0x4)
                0x00080000                _sfixed = .
 *(.vectors .vectors.*)
 .vectors       0x00080000       0xf4 src/ASF/sam/utils/cmsis/sam3x/source/templates/gcc/startup_sam3x.o
                0x00080000                exception_table
 *(.text .text.* .gnu.linkonce.t.*)
 .text          0x000800f4       0x6c c:/program files (x86)/atmel/studio/7.0/toolchain/arm/arm-gnu-toolchain/bin/../lib/gcc/arm-none-eabi/6.3.1/thumb/v7-m/crtbegin.o
 .text.ui_init  0x00080160       0x20 src/ASF/common/services/usb/class/cdc/device/example2/sam3x8e_arduino_due_x/ui.o
                0x00080160                ui_init
 .text.ui_powerdown
                0x00080180       0x1c src/ASF/common/services/usb/class/cdc/device/example2/sam3x8e_arduino_due_x/ui.o
                0x00080180                ui_powerdown
 .text.ui_wakeup
                0x0008019c        0xc src/ASF/common/services/usb/class/cdc/device/example2/sam3x8e_arduino_due_x/ui.o
                0x0008019c                ui_wakeup
 .text.ui_com_open
                0x000801a8       0x18 src/ASF/common/services/usb/class/cdc/device/example2/sam3x8e_arduino_due_x/ui.o
                0x000801a8                ui_com_open
 .text.ui_com_close
                0x000801c0       0x18 src/ASF/common/services/usb/class/cdc/device/example2/sam3x8e_arduino_due_x/ui.o
                0x000801c0                ui_com_close
 .text.ui_com_rx_start
                0x000801d8        0x2 src/ASF/common/services/usb/class/cdc/device/example2/sam3x8e_arduino_due_x/ui.o
                0x000801d8                ui_com_rx_start
 .text.ui_com_rx_stop
                0x000801da        0x2 src/ASF/common/services/usb/class/cdc/device/example2/sam3x8e_arduino_due_x/ui.o
                0x000801da                ui_com_rx_stop
 .text.ui_com_tx_start
                0x000801dc        0x2 src/ASF/common/services/usb/class/cdc/device/example2/sam3x8e_arduino_due_x/ui.o
                0x000801dc                ui_com_tx_start
 .text.ui_com_tx_stop
                0x000801de        0x2 src/ASF/common/services/usb/class/cdc/device/example2/sam3x8e_arduino_due_x/ui.o
                0x000801de                ui_com_tx_stop
 .text.ui_com_error
                0x000801e0        0x2 src/ASF/common/services/usb/class/cdc/device/example2/sam3x8e_arduino_due_x/ui.o
                0x000801e0                ui_com_error
 .text.ui_com_overflow
                0x000801e2        0x2 src/ASF/common/services/usb/class/cdc/device/example2/sam3x8e_arduino_due_x/ui.o
                0x000801e2                ui_com_overflow
 .text.ui_process
                0x000801e4       0x20 src/ASF/common/services/usb/class/cdc/device/example2/sam3x8e_arduino_due_x/ui.o
                0x000801e4                ui_process
 .text.sysclk_enable_usb
                0x00080204       0x20 src/ASF/common/services/clock/sam3x/sysclk.o
                0x00080204                sysclk_enable_usb
 .text.sysclk_init
                0x00080224       0x68 src/ASF/common/services/clock/sam3x/sysclk.o
                0x00080224                sysclk_init
 .text.cpu_irq_save
                0x0008028c       0x24 src/ASF/common/services/usb/class/cdc/device/udi_cdc.o
 .text.udi_cdc_comm_disable
                0x000802b0       0x10 src/ASF/common/services/usb/class/cdc/device/udi_cdc.o
                0x000802b0                udi_cdc_comm_disable
 .text.udi_cdc_data_setup
                0x000802c0        0x4 src/ASF/common/services/usb/class/cdc/device/udi_cdc.o
                0x000802c0                udi_cdc_data_setup
 .text.udi_cdc_getsetting
                0x000802c4        0x4 src/ASF/common/services/usb/class/cdc/device/udi_cdc.o
                0x000802c4                udi_cdc_getsetting
 .text.udi_cdc_ctrl_state_notify
                0x000802c8       0x4c src/ASF/common/services/usb/class/cdc/device/udi_cdc.o
 .text.udi_cdc_serial_state_msg_sent
                0x00080314       0x4c src/ASF/common/services/usb/class/cdc/device/udi_cdc.o
 .text.udi_cdc_data_disable
                0x00080360       0x28 src/ASF/common/services/usb/class/cdc/device/udi_cdc.o
                0x00080360                udi_cdc_data_disable
 .text.udi_cdc_comm_setup
                0x00080388       0x74 src/ASF/common/services/usb/class/cdc/device/udi_cdc.o
                0x00080388                udi_cdc_comm_setup
 .text.cpu_irq_restore
                0x000803fc       0x14 src/ASF/common/services/usb/class/cdc/device/udi_cdc.o
 .text.udi_cdc_tx_send
                0x00080410      0x130 src/ASF/common/services/usb/class/cdc/device/udi_cdc.o
 .text.udi_cdc_data_sent
                0x00080540       0x40 src/ASF/common/services/usb/class/cdc/device/udi_cdc.o
 .text.udi_cdc_data_sof_notify
                0x00080580       0x24 src/ASF/common/services/usb/class/cdc/device/udi_cdc.o
                0x00080580                udi_cdc_data_sof_notify
 .text.udi_cdc_ctrl_state_change
                0x000805a4       0x48 src/ASF/common/services/usb/class/cdc/device/udi_cdc.o
 .text.udi_cdc_comm_enable
                0x000805ec       0x8c src/ASF/common/services/usb/class/cdc/device/udi_cdc.o
                0x000805ec                udi_cdc_comm_enable
 .text.udi_cdc_line_coding_received
                0x00080678       0x24 src/ASF/common/services/usb/class/cdc/device/udi_cdc.o
 .text.udi_cdc_multi_signal_framing_error
                0x0008069c        0xc src/ASF/common/services/usb/class/cdc/device/udi_cdc.o
                0x0008069c                udi_cdc_multi_signal_framing_error
 .text.udi_cdc_multi_signal_overrun
                0x000806a8        0xc src/ASF/common/services/usb/class/cdc/device/udi_cdc.o
                0x000806a8                udi_cdc_multi_signal_overrun
 .text.udi_cdc_multi_get_nb_received_data
                0x000806b4       0x3c src/ASF/common/services/usb/class/cdc/device/udi_cdc.o
                0x000806b4                udi_cdc_multi_get_nb_received_data
 .text.udi_cdc_multi_is_rx_ready
                0x000806f0       0x14 src/ASF/common/services/usb/class/cdc/device/udi_cdc.o
                0x000806f0                udi_cdc_multi_is_rx_ready
 .text.udi_cdc_rx_start
                0x00080704       0xbc src/ASF/common/services/usb/class/cdc/device/udi_cdc.o
 .text.udi_cdc_data_enable
                0x000807c0       0xa4 src/ASF/common/services/usb/class/cdc/device/udi_cdc.o
                0x000807c0                udi_cdc_data_enable
 .text.udi_cdc_data_received
                0x00080864       0x6c src/ASF/common/services/usb/class/cdc/device/udi_cdc.o
 .text.udi_cdc_multi_getc
                0x000808d0       0xa4 src/ASF/common/services/usb/class/cdc/device/udi_cdc.o
                0x000808d0                udi_cdc_multi_getc
 .text.udi_cdc_multi_get_free_tx_buffer
                0x00080974       0x60 src/ASF/common/services/usb/class/cdc/device/udi_cdc.o
                0x00080974                udi_cdc_multi_get_free_tx_buffer
 .text.udi_cdc_multi_is_tx_ready
                0x000809d4       0x14 src/ASF/common/services/usb/class/cdc/device/udi_cdc.o
                0x000809d4                udi_cdc_multi_is_tx_ready
 .text.udi_cdc_multi_putc
                0x000809e8       0x8c src/ASF/common/services/usb/class/cdc/device/udi_cdc.o
                0x000809e8                udi_cdc_multi_putc
 .text.udc_valid_address
                0x00080a74       0x14 src/ASF/common/services/usb/udc/udc.o
 .text.udc_update_iface_desc
                0x00080a88       0x5c src/ASF/common/services/usb/udc/udc.o
 .text.udc_next_desc_in_iface.constprop.3
                0x00080ae4       0x28 src/ASF/common/services/usb/udc/udc.o
 .text.udc_iface_enable
                0x00080b0c       0x54 src/ASF/common/services/usb/udc/udc.o
 .text.udc_iface_disable
                0x00080b60       0x64 src/ASF/common/services/usb/udc/udc.o
 .text.udc_start
                0x00080bc4        0x8 src/ASF/common/services/usb/udc/udc.o
                0x00080bc4                udc_start
 .text.udc_reset
                0x00080bcc       0x3c src/ASF/common/services/usb/udc/udc.o
                0x00080bcc                udc_reset
 .text.udc_sof_notify
                0x00080c08       0x34 src/ASF/common/services/usb/udc/udc.o
                0x00080c08                udc_sof_notify
 .text.udc_process_setup
                0x00080c3c      0x480 src/ASF/common/services/usb/udc/udc.o
                0x00080c3c                udc_process_setup
 .text.board_init
                0x000810bc       0xa4 src/ASF/sam/boards/arduino_due_x/init.o
                0x000810bc                board_init
 .text.LED_Off  0x00081160       0x3c src/ASF/sam/boards/arduino_due_x/led.o
                0x00081160                LED_Off
 .text.LED_On   0x0008119c       0x3c src/ASF/sam/boards/arduino_due_x/led.o
                0x0008119c                LED_On
 .text.pio_set_peripheral
                0x000811d8       0x3e src/ASF/sam/drivers/pio/pio.o
                0x000811d8                pio_set_peripheral
 .text.pio_set_input
                0x00081216       0x2c src/ASF/sam/drivers/pio/pio.o
                0x00081216                pio_set_input
 .text.pio_set_output
                0x00081242       0x24 src/ASF/sam/drivers/pio/pio.o
                0x00081242                pio_set_output
 .text.pio_get_interrupt_status
                0x00081266        0x4 src/ASF/sam/drivers/pio/pio.o
                0x00081266                pio_get_interrupt_status
 .text.pio_get_interrupt_mask
                0x0008126a        0x4 src/ASF/sam/drivers/pio/pio.o
                0x0008126a                pio_get_interrupt_mask
 .text.pio_set_pin_high
                0x0008126e       0x1a src/ASF/sam/drivers/pio/pio.o
                0x0008126e                pio_set_pin_high
 .text.pio_set_pin_low
                0x00081288       0x1a src/ASF/sam/drivers/pio/pio.o
                0x00081288                pio_set_pin_low
 *fill*         0x000812a2        0x2 
 .text.pio_configure_pin
                0x000812a4       0xc4 src/ASF/sam/drivers/pio/pio.o
                0x000812a4                pio_configure_pin
 .text.pio_configure_pin_group
                0x00081368       0x84 src/ASF/sam/drivers/pio/pio.o
                0x00081368                pio_configure_pin_group
 .text.pio_handler_process
                0x000813ec       0x4c src/ASF/sam/drivers/pio/pio_handler.o
                0x000813ec                pio_handler_process
 .text.PIOA_Handler
                0x00081438       0x10 src/ASF/sam/drivers/pio/pio_handler.o
                0x00081438                PIOA_Handler
 .text.PIOB_Handler
                0x00081448       0x10 src/ASF/sam/drivers/pio/pio_handler.o
                0x00081448                PIOB_Handler
 .text.PIOC_Handler
                0x00081458       0x10 src/ASF/sam/drivers/pio/pio_handler.o
                0x00081458                PIOC_Handler
 .text.PIOD_Handler
                0x00081468       0x10 src/ASF/sam/drivers/pio/pio_handler.o
                0x00081468                PIOD_Handler
 .text.pmc_switch_mck_to_pllack
                0x00081478       0x44 src/ASF/sam/drivers/pmc/pmc.o
                0x00081478                pmc_switch_mck_to_pllack
 .text.pmc_switch_mainck_to_xtal
                0x000814bc       0x48 src/ASF/sam/drivers/pmc/pmc.o
                0x000814bc                pmc_switch_mainck_to_xtal
 .text.pmc_osc_is_ready_mainck
                0x00081504       0x10 src/ASF/sam/drivers/pmc/pmc.o
                0x00081504                pmc_osc_is_ready_mainck
 .text.pmc_disable_pllack
                0x00081514       0x10 src/ASF/sam/drivers/pmc/pmc.o
                0x00081514                pmc_disable_pllack
 .text.pmc_is_locked_pllack
                0x00081524       0x10 src/ASF/sam/drivers/pmc/pmc.o
                0x00081524                pmc_is_locked_pllack
 .text.pmc_enable_upll_clock
                0x00081534       0x14 src/ASF/sam/drivers/pmc/pmc.o
                0x00081534                pmc_enable_upll_clock
 .text.pmc_disable_upll_clock
                0x00081548       0x10 src/ASF/sam/drivers/pmc/pmc.o
                0x00081548                pmc_disable_upll_clock
 .text.pmc_enable_periph_clk
                0x00081558       0x20 src/ASF/sam/drivers/pmc/pmc.o
                0x00081558                pmc_enable_periph_clk
 .text.pmc_switch_udpck_to_upllck
                0x00081578       0x14 src/ASF/sam/drivers/pmc/pmc.o
                0x00081578                pmc_switch_udpck_to_upllck
 .text.pmc_enable_udpck
                0x0008158c        0xc src/ASF/sam/drivers/pmc/pmc.o
                0x0008158c                pmc_enable_udpck
 .text.pmc_set_fast_startup_input
                0x00081598       0x14 src/ASF/sam/drivers/pmc/pmc.o
                0x00081598                pmc_set_fast_startup_input
 .text.pmc_enable_waitmode
                0x000815ac       0x34 src/ASF/sam/drivers/pmc/pmc.o
                0x000815ac                pmc_enable_waitmode
 .text.pmc_sleep
                0x000815e0      0x258 src/ASF/sam/drivers/pmc/sleep.o
                0x000815e0                pmc_sleep
 .text.pmc_is_wakeup_clocks_restored
                0x00081838       0x10 src/ASF/sam/drivers/pmc/sleep.o
                0x00081838                pmc_is_wakeup_clocks_restored
 .text.cpu_irq_save
                0x00081848       0x24 src/ASF/sam/drivers/uotghs/uotghs_device.o
 .text.udd_ctrl_stall_data
                0x0008186c       0x18 src/ASF/sam/drivers/uotghs/uotghs_device.o
 .text.udd_ctrl_endofrequest
                0x00081884       0x10 src/ASF/sam/drivers/uotghs/uotghs_device.o
 .text.cpu_irq_restore
                0x00081894       0x14 src/ASF/sam/drivers/uotghs/uotghs_device.o
 .text.sleepmgr_lock_mode
                0x000818a8       0x2c src/ASF/sam/drivers/uotghs/uotghs_device.o
 .text.sleepmgr_unlock_mode
                0x000818d4       0x2c src/ASF/sam/drivers/uotghs/uotghs_device.o
 .text.udd_sleep_mode
                0x00081900       0x2c src/ASF/sam/drivers/uotghs/uotghs_device.o
 .text.udd_ctrl_init
                0x0008192c       0x40 src/ASF/sam/drivers/uotghs/uotghs_device.o
 .text.udd_ctrl_send_zlp_in
                0x0008196c       0x38 src/ASF/sam/drivers/uotghs/uotghs_device.o
 .text.udd_ctrl_in_sent
                0x000819a4      0x104 src/ASF/sam/drivers/uotghs/uotghs_device.o
 .text.udd_ep_finish_job
                0x00081aa8       0x34 src/ASF/sam/drivers/uotghs/uotghs_device.o
 .text.udd_ep_trans_done
                0x00081adc      0x150 src/ASF/sam/drivers/uotghs/uotghs_device.o
 .text.udd_enable
                0x00081c2c      0x128 src/ASF/sam/drivers/uotghs/uotghs_device.o
                0x00081c2c                udd_enable
 .text.udd_attach
                0x00081d54       0x70 src/ASF/sam/drivers/uotghs/uotghs_device.o
                0x00081d54                udd_attach
 .text.udd_detach
                0x00081dc4       0x30 src/ASF/sam/drivers/uotghs/uotghs_device.o
                0x00081dc4                udd_detach
 .text.UOTGHS_Handler
                0x00081df4      0x4e0 src/ASF/sam/drivers/uotghs/uotghs_device.o
                0x00081df4                UOTGHS_Handler
 .text.udd_is_high_speed
                0x000822d4       0x14 src/ASF/sam/drivers/uotghs/uotghs_device.o
                0x000822d4                udd_is_high_speed
 .text.udd_set_address
                0x000822e8       0x28 src/ASF/sam/drivers/uotghs/uotghs_device.o
                0x000822e8                udd_set_address
 .text.udd_getaddress
                0x00082310       0x10 src/ASF/sam/drivers/uotghs/uotghs_device.o
                0x00082310                udd_getaddress
 .text.udd_get_frame_number
                0x00082320       0x10 src/ASF/sam/drivers/uotghs/uotghs_device.o
                0x00082320                udd_get_frame_number
 .text.udd_get_micro_frame_number
                0x00082330       0x10 src/ASF/sam/drivers/uotghs/uotghs_device.o
                0x00082330                udd_get_micro_frame_number
 .text.udd_set_setup_payload
                0x00082340        0xc src/ASF/sam/drivers/uotghs/uotghs_device.o
                0x00082340                udd_set_setup_payload
 .text.udd_ep_free
                0x0008234c       0x54 src/ASF/sam/drivers/uotghs/uotghs_device.o
                0x0008234c                udd_ep_free
 .text.udd_ep_is_halted
                0x000823a0       0x14 src/ASF/sam/drivers/uotghs/uotghs_device.o
                0x000823a0                udd_ep_is_halted
 .text.udd_ep_set_halt
                0x000823b4       0xb0 src/ASF/sam/drivers/uotghs/uotghs_device.o
                0x000823b4                udd_ep_set_halt
 .text.udd_ep_clear_halt
                0x00082464       0xb8 src/ASF/sam/drivers/uotghs/uotghs_device.o
                0x00082464                udd_ep_clear_halt
 .text.udd_ep_run
                0x0008251c       0xc0 src/ASF/sam/drivers/uotghs/uotghs_device.o
                0x0008251c                udd_ep_run
 .text.udd_ep_alloc
                0x000825dc      0x1c0 src/ASF/sam/drivers/uotghs/uotghs_device.o
                0x000825dc                udd_ep_alloc
 .text.udd_ep_abort
                0x0008279c       0x78 src/ASF/sam/drivers/uotghs/uotghs_device.o
                0x0008279c                udd_ep_abort
 .text.udd_test_mode_j
                0x00082814       0x1c src/ASF/sam/drivers/uotghs/uotghs_device.o
                0x00082814                udd_test_mode_j
 .text.udd_test_mode_k
                0x00082830       0x1c src/ASF/sam/drivers/uotghs/uotghs_device.o
                0x00082830                udd_test_mode_k
 .text.udd_test_mode_se0_nak
                0x0008284c       0x14 src/ASF/sam/drivers/uotghs/uotghs_device.o
                0x0008284c                udd_test_mode_se0_nak
 .text.udd_test_mode_packet
                0x00082860       0xa4 src/ASF/sam/drivers/uotghs/uotghs_device.o
                0x00082860                udd_test_mode_packet
 .text.usart_set_async_baudrate
                0x00082904       0x4a src/ASF/sam/drivers/usart/usart.o
                0x00082904                usart_set_async_baudrate
 *fill*         0x0008294e        0x2 
 .text.usart_reset
                0x00082950       0x28 src/ASF/sam/drivers/usart/usart.o
                0x00082950                usart_reset
 .text.usart_init_rs232
                0x00082978       0x44 src/ASF/sam/drivers/usart/usart.o
                0x00082978                usart_init_rs232
 .text.usart_enable_tx
                0x000829bc        0x6 src/ASF/sam/drivers/usart/usart.o
                0x000829bc                usart_enable_tx
 .text.usart_disable_tx
                0x000829c2        0x6 src/ASF/sam/drivers/usart/usart.o
                0x000829c2                usart_disable_tx
 .text.usart_enable_rx
                0x000829c8        0x6 src/ASF/sam/drivers/usart/usart.o
                0x000829c8                usart_enable_rx
 .text.usart_reset_rx
                0x000829ce        0x6 src/ASF/sam/drivers/usart/usart.o
                0x000829ce                usart_reset_rx
 .text.usart_enable_interrupt
                0x000829d4        0x4 src/ASF/sam/drivers/usart/usart.o
                0x000829d4                usart_enable_interrupt
 .text.usart_disable_interrupt
                0x000829d8        0x4 src/ASF/sam/drivers/usart/usart.o
                0x000829d8                usart_disable_interrupt
 .text.usart_get_interrupt_mask
                0x000829dc        0x4 src/ASF/sam/drivers/usart/usart.o
                0x000829dc                usart_get_interrupt_mask
 .text.usart_get_status
                0x000829e0        0x4 src/ASF/sam/drivers/usart/usart.o
                0x000829e0                usart_get_status
 .text.usart_write
                0x000829e4       0x12 src/ASF/sam/drivers/usart/usart.o
                0x000829e4                usart_write
 .text.usart_read
                0x000829f6       0x16 src/ASF/sam/drivers/usart/usart.o
                0x000829f6                usart_read
 .text.Dummy_Handler
                0x00082a0c        0x2 src/ASF/sam/utils/cmsis/sam3x/source/templates/exceptions.o
                0x00082a0c                DACC_Handler
                0x00082a0c                DebugMon_Handler
                0x00082a0c                DMAC_Handler
                0x00082a0c                TRNG_Handler
                0x00082a0c                HardFault_Handler
                0x00082a0c                TC2_Handler
                0x00082a0c                SysTick_Handler
                0x00082a0c                USART3_Handler
                0x00082a0c                TWI1_Handler
                0x00082a0c                PendSV_Handler
                0x00082a0c                NMI_Handler
                0x00082a0c                TC7_Handler
                0x00082a0c                ADC_Handler
                0x00082a0c                SMC_Handler
                0x00082a0c                RTT_Handler
                0x00082a0c                EFC1_Handler
                0x00082a0c                RTC_Handler
                0x00082a0c                UsageFault_Handler
                0x00082a0c                TC6_Handler
                0x00082a0c                WDT_Handler
                0x00082a0c                CAN0_Handler
                0x00082a0c                TC4_Handler
                0x00082a0c                TC1_Handler
                0x00082a0c                HSMCI_Handler
                0x00082a0c                TC3_Handler
                0x00082a0c                Dummy_Handler
                0x00082a0c                TWI0_Handler
                0x00082a0c                SSC_Handler
                0x00082a0c                EFC0_Handler
                0x00082a0c                PMC_Handler
                0x00082a0c                PWM_Handler
                0x00082a0c                CAN1_Handler
                0x00082a0c                MemManage_Handler
                0x00082a0c                SUPC_Handler
                0x00082a0c                SVC_Handler
                0x00082a0c                TC8_Handler
                0x00082a0c                USART2_Handler
                0x00082a0c                EMAC_Handler
                0x00082a0c                UART_Handler
                0x00082a0c                BusFault_Handler
                0x00082a0c                RSTC_Handler
                0x00082a0c                TC0_Handler
                0x00082a0c                TC5_Handler
                0x00082a0c                SPI0_Handler
 *fill*         0x00082a0e        0x2 
 .text.Reset_Handler
                0x00082a10       0x7c src/ASF/sam/utils/cmsis/sam3x/source/templates/gcc/startup_sam3x.o
                0x00082a10                Reset_Handler
 .text.SystemCoreClockUpdate
                0x00082a8c       0xcc src/ASF/sam/utils/cmsis/sam3x/source/templates/system_sam3x.o
                0x00082a8c                SystemCoreClockUpdate
 .text.startup.main
                0x00082b58       0x84 src/main.o
                0x00082b58                main
 .text.main_suspend_action
                0x00082bdc        0x8 src/main.o
                0x00082bdc                main_suspend_action
 .text.main_resume_action
                0x00082be4        0x8 src/main.o
                0x00082be4                main_resume_action
 .text.main_sof_action
                0x00082bec       0x24 src/main.o
                0x00082bec                main_sof_action
 .text.main_cdc_enable
                0x00082c10       0x18 src/main.o
                0x00082c10                main_cdc_enable
 .text.main_cdc_disable
                0x00082c28       0x14 src/main.o
                0x00082c28                main_cdc_disable
 .text.main_cdc_set_dtr
                0x00082c3c       0x14 src/main.o
                0x00082c3c                main_cdc_set_dtr
 .text.usart_handler
                0x00082c50       0xf4 src/uart_sam.o
 .text.USART1_Handler
                0x00082d44        0xc src/uart_sam.o
                0x00082d44                USART1_Handler
 .text.USART0_Handler
                0x00082d50        0xc src/uart_sam.o
                0x00082d50                USART0_Handler
 .text.uart_rx_notify
                0x00082d5c       0x44 src/uart_sam.o
                0x00082d5c                uart_rx_notify
 .text.uart_config
                0x00082da0       0xb8 src/uart_sam.o
                0x00082da0                uart_config
 .text.uart_open
                0x00082e58       0x90 src/uart_sam.o
                0x00082e58                uart_open
 .text.uart_close
                0x00082ee8       0x28 src/uart_sam.o
                0x00082ee8                uart_close
 .text.__libc_init_array
                0x00082f10       0x50 c:/program files (x86)/atmel/studio/7.0/toolchain/arm/arm-gnu-toolchain/bin/../lib/gcc/arm-none-eabi/6.3.1/../../../../arm-none-eabi/lib/thumb/v7-m\libc.a(lib_a-init.o)
                0x00082f10                __libc_init_array
 .text.startup.register_fini
                0x00082f60       0x14 c:/program files (x86)/atmel/studio/7.0/toolchain/arm/arm-gnu-toolchain/bin/../lib/gcc/arm-none-eabi/6.3.1/../../../../arm-none-eabi/lib/thumb/v7-m\libc.a(lib_a-__call_atexit.o)
 .text.atexit   0x00082f74        0xc c:/program files (x86)/atmel/studio/7.0/toolchain/arm/arm-gnu-toolchain/bin/../lib/gcc/arm-none-eabi/6.3.1/../../../../arm-none-eabi/lib/thumb/v7-m\libc.a(lib_a-atexit.o)
                0x00082f74                atexit
 .text.__libc_fini_array
                0x00082f80       0x34 c:/program files (x86)/atmel/studio/7.0/toolchain/arm/arm-gnu-toolchain/bin/../lib/gcc/arm-none-eabi/6.3.1/../../../../arm-none-eabi/lib/thumb/v7-m\libc.a(lib_a-fini.o)
                0x00082f80                __libc_fini_array
 .text.__retarget_lock_acquire_recursive
                0x00082fb4        0x4 c:/program files (x86)/atmel/studio/7.0/toolchain/arm/arm-gnu-toolchain/bin/../lib/gcc/arm-none-eabi/6.3.1/../../../../arm-none-eabi/lib/thumb/v7-m\libc.a(lib_a-lock.o)
                0x00082fb4                __retarget_lock_acquire_recursive
 .text.__retarget_lock_release_recursive
                0x00082fb8        0x4 c:/program files (x86)/atmel/studio/7.0/toolchain/arm/arm-gnu-toolchain/bin/../lib/gcc/arm-none-eabi/6.3.1/../../../../arm-none-eabi/lib/thumb/v7-m\libc.a(lib_a-lock.o)
                0x00082fb8                __retarget_lock_release_recursive
 .text.__register_exitproc
                0x00082fbc       0xc4 c:/program files (x86)/atmel/studio/7.0/toolchain/arm/arm-gnu-toolchain/bin/../lib/gcc/arm-none-eabi/6.3.1/../../../../arm-none-eabi/lib/thumb/v7-m\libc.a(lib_a-__atexit.o)
                0x00082fbc                __register_exitproc
 *(.glue_7t)
 .glue_7t       0x00083080        0x0 linker stubs
 *(.glue_7)
 .glue_7        0x00083080        0x0 linker stubs
 *(.rodata .rodata* .gnu.linkonce.r.*)
 .rodata.LED_DESCRIPTOR
                0x00083080       0x20 src/ASF/sam/boards/arduino_due_x/led.o
 .rodata        0x000830a0       0x35 src/ASF/sam/drivers/uotghs/uotghs_device.o
 *fill*         0x000830d5        0x1 
 .rodata.CSWTCH.18
                0x000830d6        0x8 src/uart_sam.o
 *fill*         0x000830de        0x2 
 .rodata._global_impure_ptr
                0x000830e0        0x4 c:/program files (x86)/atmel/studio/7.0/toolchain/arm/arm-gnu-toolchain/bin/../lib/gcc/arm-none-eabi/6.3.1/../../../../arm-none-eabi/lib/thumb/v7-m\libc.a(lib_a-impure.o)
                0x000830e0                _global_impure_ptr
 *(.ARM.extab* .gnu.linkonce.armextab.*)
                0x000830e4                . = ALIGN (0x4)
 *(.init)
 .init          0x000830e4        0x4 c:/program files (x86)/atmel/studio/7.0/toolchain/arm/arm-gnu-toolchain/bin/../lib/gcc/arm-none-eabi/6.3.1/thumb/v7-m/crti.o
                0x000830e4                _init
 .init          0x000830e8        0x8 c:/program files (x86)/atmel/studio/7.0/toolchain/arm/arm-gnu-toolchain/bin/../lib/gcc/arm-none-eabi/6.3.1/thumb/v7-m/crtn.o
                0x000830f0                . = ALIGN (0x4)
                0x000830f0                __preinit_array_start = .
 *(.preinit_array)
                0x000830f0                __preinit_array_end = .
                0x000830f0                . = ALIGN (0x4)
                0x000830f0                __init_array_start = .
 *(SORT(.init_array.*))
 .init_array.00000
                0x000830f0        0x4 c:/program files (x86)/atmel/studio/7.0/toolchain/arm/arm-gnu-toolchain/bin/../lib/gcc/arm-none-eabi/6.3.1/../../../../arm-none-eabi/lib/thumb/v7-m\libc.a(lib_a-__call_atexit.o)
 *(.init_array)
 .init_array    0x000830f4        0x4 c:/program files (x86)/atmel/studio/7.0/toolchain/arm/arm-gnu-toolchain/bin/../lib/gcc/arm-none-eabi/6.3.1/thumb/v7-m/crtbegin.o
                0x000830f8                __init_array_end = .
                0x000830f8                . = ALIGN (0x4)
 *crtbegin.o(.ctors)
 *(EXCLUDE_FILE(*crtend.o) .ctors)
 *(SORT(.ctors.*))
 *crtend.o(.ctors)
                0x000830f8                . = ALIGN (0x4)
 *(.fini)
 .fini          0x000830f8        0x4 c:/program files (x86)/atmel/studio/7.0/toolchain/arm/arm-gnu-toolchain/bin/../lib/gcc/arm-none-eabi/6.3.1/thumb/v7-m/crti.o
                0x000830f8                _fini
 .fini          0x000830fc        0x8 c:/program files (x86)/atmel/studio/7.0/toolchain/arm/arm-gnu-toolchain/bin/../lib/gcc/arm-none-eabi/6.3.1/thumb/v7-m/crtn.o
                0x00083104                . = ALIGN (0x4)
                0x00083104                __fini_array_start = .
 *(.fini_array)
 .fini_array    0x00083104        0x4 c:/program files (x86)/atmel/studio/7.0/toolchain/arm/arm-gnu-toolchain/bin/../lib/gcc/arm-none-eabi/6.3.1/thumb/v7-m/crtbegin.o
 *(SORT(.fini_array.*))
                0x00083108                __fini_array_end = .
 *crtbegin.o(.dtors)
 *(EXCLUDE_FILE(*crtend.o) .dtors)
 *(SORT(.dtors.*))
 *crtend.o(.dtors)
                0x00083108                . = ALIGN (0x4)
                0x00083108                _efixed = .
                [!provide]                PROVIDE (__exidx_start, .)

.vfp11_veneer   0x00083108        0x0
 .vfp11_veneer  0x00083108        0x0 linker stubs

.v4_bx          0x00083108        0x0
 .v4_bx         0x00083108        0x0 linker stubs

.iplt           0x00083108        0x0
 .iplt          0x00083108        0x0 c:/program files (x86)/atmel/studio/7.0/toolchain/arm/arm-gnu-toolchain/bin/../lib/gcc/arm-none-eabi/6.3.1/thumb/v7-m/crtbegin.o

.eh_frame       0x00083108        0x0
 .eh_frame      0x00083108        0x0 c:/program files (x86)/atmel/studio/7.0/toolchain/arm/arm-gnu-toolchain/bin/../lib/gcc/arm-none-eabi/6.3.1/thumb/v7-m/crtbegin.o

.rel.dyn        0x00083108        0x0
 .rel.iplt      0x00083108        0x0 c:/program files (x86)/atmel/studio/7.0/toolchain/arm/arm-gnu-toolchain/bin/../lib/gcc/arm-none-eabi/6.3.1/thumb/v7-m/crtbegin.o

.jcr            0x00083108        0x0
 .jcr           0x00083108        0x0 c:/program files (x86)/atmel/studio/7.0/toolchain/arm/arm-gnu-toolchain/bin/../lib/gcc/arm-none-eabi/6.3.1/thumb/v7-m/crtbegin.o

.igot.plt       0x00083108        0x0
 .igot.plt      0x00083108        0x0 c:/program files (x86)/atmel/studio/7.0/toolchain/arm/arm-gnu-toolchain/bin/../lib/gcc/arm-none-eabi/6.3.1/thumb/v7-m/crtbegin.o

.ARM.exidx
 *(.ARM.exidx* .gnu.linkonce.armexidx.*)
                [!provide]                PROVIDE (__exidx_end, .)
                0x00083108                . = ALIGN (0x4)
                0x00083108                _etext = .

.relocate       0x20070000      0x70c load address 0x00083108
                0x20070000                . = ALIGN (0x4)
                0x20070000                _srelocate = .
 *(.ramfunc .ramfunc.*)
 .ramfunc       0x20070000       0xe4 src/ASF/sam/utils/cmsis/sam3x/source/templates/system_sam3x.o
                0x20070000                SystemInit
                0x20070080                system_init_flash
 *(.data .data.*)
 .data.udi_api_cdc_comm
                0x200700e4       0x14 src/ASF/common/services/usb/class/cdc/device/udi_cdc.o
                0x200700e4                udi_api_cdc_comm
 .data.udi_api_cdc_data
                0x200700f8       0x14 src/ASF/common/services/usb/class/cdc/device/udi_cdc.o
                0x200700f8                udi_api_cdc_data
 .data.udc_config
                0x2007010c       0x18 src/ASF/common/services/usb/class/cdc/device/udi_cdc_desc.o
                0x2007010c                udc_config
 .data.udc_config_fs
                0x20070124        0x8 src/ASF/common/services/usb/class/cdc/device/udi_cdc_desc.o
                0x20070124                udc_config_fs
 .data.udc_config_hs
                0x2007012c        0x8 src/ASF/common/services/usb/class/cdc/device/udi_cdc_desc.o
                0x2007012c                udc_config_hs
 .data.udc_desc_fs
                0x20070134       0x8d src/ASF/common/services/usb/class/cdc/device/udi_cdc_desc.o
                0x20070134                udc_desc_fs
 *fill*         0x200701c1        0x3 
 .data.udc_desc_hs
                0x200701c4       0x8d src/ASF/common/services/usb/class/cdc/device/udi_cdc_desc.o
                0x200701c4                udc_desc_hs
 *fill*         0x20070251        0x3 
 .data.udc_device_desc
                0x20070254       0x12 src/ASF/common/services/usb/class/cdc/device/udi_cdc_desc.o
                0x20070254                udc_device_desc
 *fill*         0x20070266        0x2 
 .data.udc_device_qual
                0x20070268        0xa src/ASF/common/services/usb/class/cdc/device/udi_cdc_desc.o
                0x20070268                udc_device_qual
 *fill*         0x20070272        0x2 
 .data.udi_apis
                0x20070274       0x10 src/ASF/common/services/usb/class/cdc/device/udi_cdc_desc.o
                0x20070274                udi_apis
 .data.udc_string_desc
                0x20070284       0x28 src/ASF/common/services/usb/udc/udc.o
 .data.udc_string_desc_languageid
                0x200702ac        0x4 src/ASF/common/services/usb/udc/udc.o
 .data.udc_string_manufacturer_name
                0x200702b0       0x10 src/ASF/common/services/usb/udc/udc.o
 .data.udc_string_product_name
                0x200702c0       0x14 src/ASF/common/services/usb/udc/udc.o
 .data.g_interrupt_enabled
                0x200702d4        0x1 src/ASF/common/utils/interrupt/interrupt_sam_nvic.o
                0x200702d4                g_interrupt_enabled
 *fill*         0x200702d5        0x3 
 .data.SystemCoreClock
                0x200702d8        0x4 src/ASF/sam/utils/cmsis/sam3x/source/templates/system_sam3x.o
                0x200702d8                SystemCoreClock
 *fill*         0x200702dc        0x4 
 .data.impure_data
                0x200702e0      0x428 c:/program files (x86)/atmel/studio/7.0/toolchain/arm/arm-gnu-toolchain/bin/../lib/gcc/arm-none-eabi/6.3.1/../../../../arm-none-eabi/lib/thumb/v7-m\libc.a(lib_a-impure.o)
 .data.__atexit_recursive_mutex
                0x20070708        0x4 c:/program files (x86)/atmel/studio/7.0/toolchain/arm/arm-gnu-toolchain/bin/../lib/gcc/arm-none-eabi/6.3.1/../../../../arm-none-eabi/lib/thumb/v7-m\libc.a(lib_a-__call_atexit.o)
                0x20070708                __atexit_recursive_mutex
                0x2007070c                . = ALIGN (0x4)
                0x2007070c                _erelocate = .

.bss            0x2007070c     0x11fc load address 0x00083814
                0x2007070c                . = ALIGN (0x4)
                0x2007070c                _sbss = .
                0x2007070c                _szero = .
 *(.bss .bss.*)
 .bss           0x2007070c       0x1c c:/program files (x86)/atmel/studio/7.0/toolchain/arm/arm-gnu-toolchain/bin/../lib/gcc/arm-none-eabi/6.3.1/thumb/v7-m/crtbegin.o
 .bss.port_notify.7917
                0x20070728        0x1 src/ASF/common/services/usb/class/cdc/device/udi_cdc.o
 *fill*         0x20070729        0x1 
 .bss.sof_zlp_counter.7993
                0x2007072a        0x2 src/ASF/common/services/usb/class/cdc/device/udi_cdc.o
 .bss.udi_cdc_data_running
                0x2007072c        0x1 src/ASF/common/services/usb/class/cdc/device/udi_cdc.o
 *fill*         0x2007072d        0x3 
 .bss.udi_cdc_line_coding
                0x20070730        0xe src/ASF/common/services/usb/class/cdc/device/udi_cdc.o
 .bss.udi_cdc_nb_comm_enabled
                0x2007073e        0x1 src/ASF/common/services/usb/class/cdc/device/udi_cdc.o
 .bss.udi_cdc_nb_data_enabled
                0x2007073f        0x1 src/ASF/common/services/usb/class/cdc/device/udi_cdc.o
 .bss.udi_cdc_rx_buf
                0x20070740      0x800 src/ASF/common/services/usb/class/cdc/device/udi_cdc.o
 .bss.udi_cdc_rx_buf_nb
                0x20070f40        0x8 src/ASF/common/services/usb/class/cdc/device/udi_cdc.o
 .bss.udi_cdc_rx_buf_sel
                0x20070f48        0x2 src/ASF/common/services/usb/class/cdc/device/udi_cdc.o
 .bss.udi_cdc_rx_pos
                0x20070f4a        0x4 src/ASF/common/services/usb/class/cdc/device/udi_cdc.o
 .bss.udi_cdc_rx_trans_ongoing
                0x20070f4e        0x2 src/ASF/common/services/usb/class/cdc/device/udi_cdc.o
 .bss.udi_cdc_serial_state_msg_ongoing
                0x20070f50        0x2 src/ASF/common/services/usb/class/cdc/device/udi_cdc.o
 .bss.udi_cdc_state
                0x20070f52        0x4 src/ASF/common/services/usb/class/cdc/device/udi_cdc.o
 .bss.udi_cdc_tx_both_buf_to_send
                0x20070f56        0x2 src/ASF/common/services/usb/class/cdc/device/udi_cdc.o
 .bss.udi_cdc_tx_buf
                0x20070f58      0x800 src/ASF/common/services/usb/class/cdc/device/udi_cdc.o
 .bss.udi_cdc_tx_buf_nb
                0x20071758        0x8 src/ASF/common/services/usb/class/cdc/device/udi_cdc.o
 .bss.udi_cdc_tx_buf_sel
                0x20071760        0x2 src/ASF/common/services/usb/class/cdc/device/udi_cdc.o
 .bss.udi_cdc_tx_sof_num
                0x20071762        0x4 src/ASF/common/services/usb/class/cdc/device/udi_cdc.o
 .bss.udi_cdc_tx_trans_ongoing
                0x20071766        0x2 src/ASF/common/services/usb/class/cdc/device/udi_cdc.o
 .bss.uid_cdc_state_msg
                0x20071768       0x14 src/ASF/common/services/usb/class/cdc/device/udi_cdc.o
 .bss.udc_device_status
                0x2007177c        0x2 src/ASF/common/services/usb/udc/udc.o
 .bss.udc_ep_status.7629
                0x2007177e        0x2 src/ASF/common/services/usb/udc/udc.o
 .bss.udc_iface_setting
                0x20071780        0x1 src/ASF/common/services/usb/udc/udc.o
 *fill*         0x20071781        0x3 
 .bss.udc_num_configuration
                0x20071784        0x1 src/ASF/common/services/usb/udc/udc.o
 *fill*         0x20071785        0x3 
 .bss.udc_ptr_conf
                0x20071788        0x4 src/ASF/common/services/usb/udc/udc.o
 .bss.udc_ptr_iface
                0x2007178c        0x4 src/ASF/common/services/usb/udc/udc.o
 .bss.gs_interrupt_sources
                0x20071790       0x70 src/ASF/sam/drivers/pio/pio_handler.o
 .bss.b_is_sleep_clock_used
                0x20071800        0x1 src/ASF/sam/drivers/pmc/sleep.o
 *fill*         0x20071801        0x3 
 .bss.callback_clocks_restored
                0x20071804        0x4 src/ASF/sam/drivers/pmc/sleep.o
 .bss.b_shortpacket.8340
                0x20071808        0x1 src/ASF/sam/drivers/uotghs/uotghs_device.o
 .bss.udd_b_idle
                0x20071809        0x1 src/ASF/sam/drivers/uotghs/uotghs_device.o
 .bss.udd_b_sleep_initialized
                0x2007180a        0x1 src/ASF/sam/drivers/uotghs/uotghs_device.o
 *fill*         0x2007180b        0x1 
 .bss.udd_ctrl_payload_buf_cnt
                0x2007180c        0x2 src/ASF/sam/drivers/uotghs/uotghs_device.o
 .bss.udd_ctrl_prev_payload_buf_cnt
                0x2007180e        0x2 src/ASF/sam/drivers/uotghs/uotghs_device.o
 .bss.udd_ep_control_state
                0x20071810        0x1 src/ASF/sam/drivers/uotghs/uotghs_device.o
 *fill*         0x20071811        0x3 
 .bss.udd_ep_job
                0x20071814       0x90 src/ASF/sam/drivers/uotghs/uotghs_device.o
 .bss.ul_reg_val.7444
                0x200718a4        0x4 src/ASF/sam/drivers/usart/usart.o
 .bss.main_b_cdc_enable
                0x200718a8        0x1 src/main.o
 *fill*         0x200718a9        0x3 
 .bss.usart_options
                0x200718ac       0x18 src/uart_sam.o
 *(COMMON)
 COMMON         0x200718c4        0x6 src/ASF/common/services/sleepmgr/sam/sleepmgr.o
                0x200718c4                sleepmgr_locks
 *fill*         0x200718ca        0x2 
 COMMON         0x200718cc       0x18 src/ASF/sam/drivers/uotghs/uotghs_device.o
                0x200718cc                udd_g_ctrlreq
 COMMON         0x200718e4       0x21 c:/program files (x86)/atmel/studio/7.0/toolchain/arm/arm-gnu-toolchain/bin/../lib/gcc/arm-none-eabi/6.3.1/../../../../arm-none-eabi/lib/thumb/v7-m\libc.a(lib_a-lock.o)
                0x200718e4                __lock___atexit_recursive_mutex
                0x200718e8                __lock___arc4random_mutex
                0x200718ec                __lock___env_recursive_mutex
                0x200718f0                __lock___sinit_recursive_mutex
                0x200718f4                __lock___malloc_recursive_mutex
                0x200718f8                __lock___at_quick_exit_mutex
                0x200718fc                __lock___dd_hash_mutex
                0x20071900                __lock___tz_mutex
                0x20071904                __lock___sfp_recursive_mutex
                0x20071908                . = ALIGN (0x4)
 *fill*         0x20071905        0x3 
                0x20071908                _ebss = .
                0x20071908                _ezero = .

.stack          0x20071908     0x2000 load address 0x00084a10
                0x20071908                . = ALIGN (0x8)
                0x20071908                _sstack = .
                0x20073908                . = (. + __stack_size__)
 *fill*         0x20071908     0x2000 
                0x20073908                . = ALIGN (0x8)
                0x20073908                _estack = .
                0x20073908                . = ALIGN (0x4)
                0x20073908                _end = .
OUTPUT(USB_uart_manchester.elf elf32-littlearm)

.ARM.attributes
                0x00000000       0x29
 .ARM.attributes
                0x00000000       0x1d c:/program files (x86)/atmel/studio/7.0/toolchain/arm/arm-gnu-toolchain/bin/../lib/gcc/arm-none-eabi/6.3.1/thumb/v7-m/crti.o
 .ARM.attributes
                0x0000001d       0x2d c:/program files (x86)/atmel/studio/7.0/toolchain/arm/arm-gnu-toolchain/bin/../lib/gcc/arm-none-eabi/6.3.1/thumb/v7-m/crtbegin.o
 .ARM.attributes
                0x0000004a       0x33 src/ASF/common/services/usb/class/cdc/device/example2/sam3x8e_arduino_due_x/ui.o
 .ARM.attributes
                0x0000007d       0x33 src/ASF/common/services/clock/sam3x/sysclk.o
 .ARM.attributes
                0x000000b0       0x33 src/ASF/common/services/sleepmgr/sam/sleepmgr.o
 .ARM.attributes
                0x000000e3       0x33 src/ASF/common/services/usb/class/cdc/device/udi_cdc.o
 .ARM.attributes
                0x00000116       0x33 src/ASF/common/services/usb/class/cdc/device/udi_cdc_desc.o
 .ARM.attributes
                0x00000149       0x33 src/ASF/common/services/usb/udc/udc.o
 .ARM.attributes
                0x0000017c       0x33 src/ASF/common/utils/interrupt/interrupt_sam_nvic.o
 .ARM.attributes
                0x000001af       0x33 src/ASF/sam/boards/arduino_due_x/init.o
 .ARM.attributes
                0x000001e2       0x33 src/ASF/sam/boards/arduino_due_x/led.o
 .ARM.attributes
                0x00000215       0x33 src/ASF/sam/drivers/pio/pio.o
 .ARM.attributes
                0x00000248       0x33 src/ASF/sam/drivers/pio/pio_handler.o
 .ARM.attributes
                0x0000027b       0x33 src/ASF/sam/drivers/pmc/pmc.o
 .ARM.attributes
                0x000002ae       0x33 src/ASF/sam/drivers/pmc/sleep.o
 .ARM.attributes
                0x000002e1       0x33 src/ASF/sam/drivers/uotghs/uotghs_device.o
 .ARM.attributes
                0x00000314       0x33 src/ASF/sam/drivers/usart/usart.o
 .ARM.attributes
                0x00000347       0x33 src/ASF/sam/utils/cmsis/sam3x/source/templates/exceptions.o
 .ARM.attributes
                0x0000037a       0x33 src/ASF/sam/utils/cmsis/sam3x/source/templates/gcc/startup_sam3x.o
 .ARM.attributes
                0x000003ad       0x33 src/ASF/sam/utils/cmsis/sam3x/source/templates/system_sam3x.o
 .ARM.attributes
                0x000003e0       0x33 src/main.o
 .ARM.attributes
                0x00000413       0x33 src/uart_sam.o
 .ARM.attributes
                0x00000446       0x2d c:/program files (x86)/atmel/studio/7.0/toolchain/arm/arm-gnu-toolchain/bin/../lib/gcc/arm-none-eabi/6.3.1/../../../../arm-none-eabi/lib/thumb/v7-m\libc.a(lib_a-impure.o)
 .ARM.attributes
                0x00000473       0x2d c:/program files (x86)/atmel/studio/7.0/toolchain/arm/arm-gnu-toolchain/bin/../lib/gcc/arm-none-eabi/6.3.1/../../../../arm-none-eabi/lib/thumb/v7-m\libc.a(lib_a-init.o)
 .ARM.attributes
                0x000004a0       0x2d c:/program files (x86)/atmel/studio/7.0/toolchain/arm/arm-gnu-toolchain/bin/../lib/gcc/arm-none-eabi/6.3.1/../../../../arm-none-eabi/lib/thumb/v7-m\libc.a(lib_a-__call_atexit.o)
 .ARM.attributes
                0x000004cd       0x2d c:/program files (x86)/atmel/studio/7.0/toolchain/arm/arm-gnu-toolchain/bin/../lib/gcc/arm-none-eabi/6.3.1/../../../../arm-none-eabi/lib/thumb/v7-m\libc.a(lib_a-atexit.o)
 .ARM.attributes
                0x000004fa       0x2d c:/program files (x86)/atmel/studio/7.0/toolchain/arm/arm-gnu-toolchain/bin/../lib/gcc/arm-none-eabi/6.3.1/../../../../arm-none-eabi/lib/thumb/v7-m\libc.a(lib_a-fini.o)
 .ARM.attributes
                0x00000527       0x2d c:/program files (x86)/atmel/studio/7.0/toolchain/arm/arm-gnu-toolchain/bin/../lib/gcc/arm-none-eabi/6.3.1/../../../../arm-none-eabi/lib/thumb/v7-m\libc.a(lib_a-lock.o)
 .ARM.attributes
                0x00000554       0x2d c:/program files (x86)/atmel/studio/7.0/toolchain/arm/arm-gnu-toolchain/bin/../lib/gcc/arm-none-eabi/6.3.1/../../../../arm-none-eabi/lib/thumb/v7-m\libc.a(lib_a-__atexit.o)
 .ARM.attributes
                0x00000581       0x1d c:/program files (x86)/atmel/studio/7.0/toolchain/arm/arm-gnu-toolchain/bin/../lib/gcc/arm-none-eabi/6.3.1/thumb/v7-m/crtn.o

.comment        0x00000000       0x59
 .comment       0x00000000       0x59 src/ASF/common/services/usb/class/cdc/device/example2/sam3x8e_arduino_due_x/ui.o
                                 0x5a (size before relaxing)
 .comment       0x00000059       0x5a src/ASF/common/services/clock/sam3x/sysclk.o
 .comment       0x00000059       0x5a src/ASF/common/services/sleepmgr/sam/sleepmgr.o
 .comment       0x00000059       0x5a src/ASF/common/services/usb/class/cdc/device/udi_cdc.o
 .comment       0x00000059       0x5a src/ASF/common/services/usb/class/cdc/device/udi_cdc_desc.o
 .comment       0x00000059       0x5a src/ASF/common/services/usb/udc/udc.o
 .comment       0x00000059       0x5a src/ASF/common/utils/interrupt/interrupt_sam_nvic.o
 .comment       0x00000059       0x5a src/ASF/sam/boards/arduino_due_x/init.o
 .comment       0x00000059       0x5a src/ASF/sam/boards/arduino_due_x/led.o
 .comment       0x00000059       0x5a src/ASF/sam/drivers/pio/pio.o
 .comment       0x00000059       0x5a src/ASF/sam/drivers/pio/pio_handler.o
 .comment       0x00000059       0x5a src/ASF/sam/drivers/pmc/pmc.o
 .comment       0x00000059       0x5a src/ASF/sam/drivers/pmc/sleep.o
 .comment       0x00000059       0x5a src/ASF/sam/drivers/uotghs/uotghs_device.o
 .comment       0x00000059       0x5a src/ASF/sam/drivers/usart/usart.o
 .comment       0x00000059       0x5a src/ASF/sam/utils/cmsis/sam3x/source/templates/exceptions.o
 .comment       0x00000059       0x5a src/ASF/sam/utils/cmsis/sam3x/source/templates/gcc/startup_sam3x.o
 .comment       0x00000059       0x5a src/ASF/sam/utils/cmsis/sam3x/source/templates/system_sam3x.o
 .comment       0x00000059       0x5a src/main.o
 .comment       0x00000059       0x5a src/uart_sam.o

.debug_frame    0x00000000      0x1c0
 .debug_frame   0x00000000       0x2c c:/program files (x86)/atmel/studio/7.0/toolchain/arm/arm-gnu-toolchain/bin/../lib/gcc/arm-none-eabi/6.3.1/../../../../arm-none-eabi/lib/thumb/v7-m\libc.a(lib_a-init.o)
 .debug_frame   0x0000002c       0x5c c:/program files (x86)/atmel/studio/7.0/toolchain/arm/arm-gnu-toolchain/bin/../lib/gcc/arm-none-eabi/6.3.1/../../../../arm-none-eabi/lib/thumb/v7-m\libc.a(lib_a-__call_atexit.o)
 .debug_frame   0x00000088       0x20 c:/program files (x86)/atmel/studio/7.0/toolchain/arm/arm-gnu-toolchain/bin/../lib/gcc/arm-none-eabi/6.3.1/../../../../arm-none-eabi/lib/thumb/v7-m\libc.a(lib_a-atexit.o)
 .debug_frame   0x000000a8       0x34 c:/program files (x86)/atmel/studio/7.0/toolchain/arm/arm-gnu-toolchain/bin/../lib/gcc/arm-none-eabi/6.3.1/../../../../arm-none-eabi/lib/thumb/v7-m\libc.a(lib_a-fini.o)
 .debug_frame   0x000000dc       0xb0 c:/program files (x86)/atmel/studio/7.0/toolchain/arm/arm-gnu-toolchain/bin/../lib/gcc/arm-none-eabi/6.3.1/../../../../arm-none-eabi/lib/thumb/v7-m\libc.a(lib_a-lock.o)
 .debug_frame   0x0000018c       0x34 c:/program files (x86)/atmel/studio/7.0/toolchain/arm/arm-gnu-toolchain/bin/../lib/gcc/arm-none-eabi/6.3.1/../../../../arm-none-eabi/lib/thumb/v7-m\libc.a(lib_a-__atexit.o)

Cross Reference Table

Symbol                                            File
ADC_Handler                                       src/ASF/sam/utils/cmsis/sam3x/source/templates/exceptions.o
                                                  src/ASF/sam/utils/cmsis/sam3x/source/templates/gcc/startup_sam3x.o
BusFault_Handler                                  src/ASF/sam/utils/cmsis/sam3x/source/templates/exceptions.o
                                                  src/ASF/sam/utils/cmsis/sam3x/source/templates/gcc/startup_sam3x.o
CAN0_Handler                                      src/ASF/sam/utils/cmsis/sam3x/source/templates/exceptions.o
                                                  src/ASF/sam/utils/cmsis/sam3x/source/templates/gcc/startup_sam3x.o
CAN1_Handler                                      src/ASF/sam/utils/cmsis/sam3x/source/templates/exceptions.o
                                                  src/ASF/sam/utils/cmsis/sam3x/source/templates/gcc/startup_sam3x.o
DACC_Handler                                      src/ASF/sam/utils/cmsis/sam3x/source/templates/exceptions.o
                                                  src/ASF/sam/utils/cmsis/sam3x/source/templates/gcc/startup_sam3x.o
DMAC_Handler                                      src/ASF/sam/utils/cmsis/sam3x/source/templates/exceptions.o
                                                  src/ASF/sam/utils/cmsis/sam3x/source/templates/gcc/startup_sam3x.o
DebugMon_Handler                                  src/ASF/sam/utils/cmsis/sam3x/source/templates/exceptions.o
                                                  src/ASF/sam/utils/cmsis/sam3x/source/templates/gcc/startup_sam3x.o
Dummy_Handler                                     src/ASF/sam/utils/cmsis/sam3x/source/templates/exceptions.o
EFC0_Handler                                      src/ASF/sam/utils/cmsis/sam3x/source/templates/exceptions.o
                                                  src/ASF/sam/utils/cmsis/sam3x/source/templates/gcc/startup_sam3x.o
EFC1_Handler                                      src/ASF/sam/utils/cmsis/sam3x/source/templates/exceptions.o
                                                  src/ASF/sam/utils/cmsis/sam3x/source/templates/gcc/startup_sam3x.o
EMAC_Handler                                      src/ASF/sam/utils/cmsis/sam3x/source/templates/exceptions.o
                                                  src/ASF/sam/utils/cmsis/sam3x/source/templates/gcc/startup_sam3x.o
HSMCI_Handler                                     src/ASF/sam/utils/cmsis/sam3x/source/templates/exceptions.o
                                                  src/ASF/sam/utils/cmsis/sam3x/source/templates/gcc/startup_sam3x.o
HardFault_Handler                                 src/ASF/sam/utils/cmsis/sam3x/source/templates/exceptions.o
                                                  src/ASF/sam/utils/cmsis/sam3x/source/templates/gcc/startup_sam3x.o
LED_Off                                           src/ASF/sam/boards/arduino_due_x/led.o
                                                  src/ASF/common/services/usb/class/cdc/device/example2/sam3x8e_arduino_due_x/ui.o
LED_On                                            src/ASF/sam/boards/arduino_due_x/led.o
                                                  src/ASF/common/services/usb/class/cdc/device/example2/sam3x8e_arduino_due_x/ui.o
MemManage_Handler                                 src/ASF/sam/utils/cmsis/sam3x/source/templates/exceptions.o
                                                  src/ASF/sam/utils/cmsis/sam3x/source/templates/gcc/startup_sam3x.o
NMI_Handler                                       src/ASF/sam/utils/cmsis/sam3x/source/templates/exceptions.o
                                                  src/ASF/sam/utils/cmsis/sam3x/source/templates/gcc/startup_sam3x.o
PIOA_Handler                                      src/ASF/sam/drivers/pio/pio_handler.o
                                                  src/ASF/sam/utils/cmsis/sam3x/source/templates/gcc/startup_sam3x.o
PIOB_Handler                                      src/ASF/sam/drivers/pio/pio_handler.o
                                                  src/ASF/sam/utils/cmsis/sam3x/source/templates/gcc/startup_sam3x.o
PIOC_Handler                                      src/ASF/sam/drivers/pio/pio_handler.o
                                                  src/ASF/sam/utils/cmsis/sam3x/source/templates/gcc/startup_sam3x.o
PIOD_Handler                                      src/ASF/sam/drivers/pio/pio_handler.o
                                                  src/ASF/sam/utils/cmsis/sam3x/source/templates/gcc/startup_sam3x.o
PMC_Handler                                       src/ASF/sam/utils/cmsis/sam3x/source/templates/exceptions.o
                                                  src/ASF/sam/utils/cmsis/sam3x/source/templates/gcc/startup_sam3x.o
PWM_Handler                                       src/ASF/sam/utils/cmsis/sam3x/source/templates/exceptions.o
                                                  src/ASF/sam/utils/cmsis/sam3x/source/templates/gcc/startup_sam3x.o
PendSV_Handler                                    src/ASF/sam/utils/cmsis/sam3x/source/templates/exceptions.o
                                                  src/ASF/sam/utils/cmsis/sam3x/source/templates/gcc/startup_sam3x.o
RSTC_Handler                                      src/ASF/sam/utils/cmsis/sam3x/source/templates/exceptions.o
                                                  src/ASF/sam/utils/cmsis/sam3x/source/templates/gcc/startup_sam3x.o
RTC_Handler                                       src/ASF/sam/utils/cmsis/sam3x/source/templates/exceptions.o
                                                  src/ASF/sam/utils/cmsis/sam3x/source/templates/gcc/startup_sam3x.o
RTT_Handler                                       src/ASF/sam/utils/cmsis/sam3x/source/templates/exceptions.o
                                                  src/ASF/sam/utils/cmsis/sam3x/source/templates/gcc/startup_sam3x.o
Reset_Handler                                     src/ASF/sam/utils/cmsis/sam3x/source/templates/gcc/startup_sam3x.o
SMC_Handler                                       src/ASF/sam/utils/cmsis/sam3x/source/templates/exceptions.o
                                                  src/ASF/sam/utils/cmsis/sam3x/source/templates/gcc/startup_sam3x.o
SPI0_Handler                                      src/ASF/sam/utils/cmsis/sam3x/source/templates/exceptions.o
                                                  src/ASF/sam/utils/cmsis/sam3x/source/templates/gcc/startup_sam3x.o
SSC_Handler                                       src/ASF/sam/utils/cmsis/sam3x/source/templates/exceptions.o
                                                  src/ASF/sam/utils/cmsis/sam3x/source/templates/gcc/startup_sam3x.o
SUPC_Handler                                      src/ASF/sam/utils/cmsis/sam3x/source/templates/exceptions.o
                                                  src/ASF/sam/utils/cmsis/sam3x/source/templates/gcc/startup_sam3x.o
SVC_Handler                                       src/ASF/sam/utils/cmsis/sam3x/source/templates/exceptions.o
                                                  src/ASF/sam/utils/cmsis/sam3x/source/templates/gcc/startup_sam3x.o
SysTick_Handler                                   src/ASF/sam/utils/cmsis/sam3x/source/templates/exceptions.o
                                                  src/ASF/sam/utils/cmsis/sam3x/source/templates/gcc/startup_sam3x.o
SystemCoreClock                                   src/ASF/sam/utils/cmsis/sam3x/source/templates/system_sam3x.o
SystemCoreClockUpdate                             src/ASF/sam/utils/cmsis/sam3x/source/templates/system_sam3x.o
                                                  src/ASF/common/services/clock/sam3x/sysclk.o
SystemInit                                        src/ASF/sam/utils/cmsis/sam3x/source/templates/system_sam3x.o
TC0_Handler                                       src/ASF/sam/utils/cmsis/sam3x/source/templates/exceptions.o
                                                  src/ASF/sam/utils/cmsis/sam3x/source/templates/gcc/startup_sam3x.o
TC1_Handler                                       src/ASF/sam/utils/cmsis/sam3x/source/templates/exceptions.o
                                                  src/ASF/sam/utils/cmsis/sam3x/source/templates/gcc/startup_sam3x.o
TC2_Handler                                       src/ASF/sam/utils/cmsis/sam3x/source/templates/exceptions.o
                                                  src/ASF/sam/utils/cmsis/sam3x/source/templates/gcc/startup_sam3x.o
TC3_Handler                                       src/ASF/sam/utils/cmsis/sam3x/source/templates/exceptions.o
                                                  src/ASF/sam/utils/cmsis/sam3x/source/templates/gcc/startup_sam3x.o
TC4_Handler                                       src/ASF/sam/utils/cmsis/sam3x/source/templates/exceptions.o
                                                  src/ASF/sam/utils/cmsis/sam3x/source/templates/gcc/startup_sam3x.o
TC5_Handler                                       src/ASF/sam/utils/cmsis/sam3x/source/templates/exceptions.o
                                                  src/ASF/sam/utils/cmsis/sam3x/source/templates/gcc/startup_sam3x.o
TC6_Handler                                       src/ASF/sam/utils/cmsis/sam3x/source/templates/exceptions.o
                                                  src/ASF/sam/utils/cmsis/sam3x/source/templates/gcc/startup_sam3x.o
TC7_Handler                                       src/ASF/sam/utils/cmsis/sam3x/source/templates/exceptions.o
                                                  src/ASF/sam/utils/cmsis/sam3x/source/templates/gcc/startup_sam3x.o
TC8_Handler                                       src/ASF/sam/utils/cmsis/sam3x/source/templates/exceptions.o
                                                  src/ASF/sam/utils/cmsis/sam3x/source/templates/gcc/startup_sam3x.o
TRNG_Handler                                      src/ASF/sam/utils/cmsis/sam3x/source/templates/exceptions.o
                                                  src/ASF/sam/utils/cmsis/sam3x/source/templates/gcc/startup_sam3x.o
TWI0_Handler                                      src/ASF/sam/utils/cmsis/sam3x/source/templates/exceptions.o
                                                  src/ASF/sam/utils/cmsis/sam3x/source/templates/gcc/startup_sam3x.o
TWI1_Handler                                      src/ASF/sam/utils/cmsis/sam3x/source/templates/exceptions.o
                                                  src/ASF/sam/utils/cmsis/sam3x/source/templates/gcc/startup_sam3x.o
UART_Handler                                      src/ASF/sam/utils/cmsis/sam3x/source/templates/exceptions.o
                                                  src/ASF/sam/utils/cmsis/sam3x/source/templates/gcc/startup_sam3x.o
UOTGHS_Handler                                    src/ASF/sam/drivers/uotghs/uotghs_device.o
                                                  src/ASF/sam/utils/cmsis/sam3x/source/templates/gcc/startup_sam3x.o
USART0_Handler                                    src/uart_sam.o
                                                  src/ASF/sam/utils/cmsis/sam3x/source/templates/exceptions.o
                                                  src/ASF/sam/utils/cmsis/sam3x/source/templates/gcc/startup_sam3x.o
USART1_Handler                                    src/uart_sam.o
                                                  src/ASF/sam/utils/cmsis/sam3x/source/templates/exceptions.o
                                                  src/ASF/sam/utils/cmsis/sam3x/source/templates/gcc/startup_sam3x.o
USART2_Handler                                    src/ASF/sam/utils/cmsis/sam3x/source/templates/exceptions.o
                                                  src/ASF/sam/utils/cmsis/sam3x/source/templates/gcc/startup_sam3x.o
USART3_Handler                                    src/ASF/sam/utils/cmsis/sam3x/source/templates/exceptions.o
                                                  src/ASF/sam/utils/cmsis/sam3x/source/templates/gcc/startup_sam3x.o
UsageFault_Handler                                src/ASF/sam/utils/cmsis/sam3x/source/templates/exceptions.o
                                                  src/ASF/sam/utils/cmsis/sam3x/source/templates/gcc/startup_sam3x.o
WDT_Handler                                       src/ASF/sam/utils/cmsis/sam3x/source/templates/exceptions.o
                                                  src/ASF/sam/utils/cmsis/sam3x/source/templates/gcc/startup_sam3x.o
_Jv_RegisterClasses                               c:/program files (x86)/atmel/studio/7.0/toolchain/arm/arm-gnu-toolchain/bin/../lib/gcc/arm-none-eabi/6.3.1/thumb/v7-m/crtbegin.o
__atexit_recursive_mutex                          c:/program files (x86)/atmel/studio/7.0/toolchain/arm/arm-gnu-toolchain/bin/../lib/gcc/arm-none-eabi/6.3.1/../../../../arm-none-eabi/lib/thumb/v7-m\libc.a(lib_a-__call_atexit.o)
                                                  c:/program files (x86)/atmel/studio/7.0/toolchain/arm/arm-gnu-toolchain/bin/../lib/gcc/arm-none-eabi/6.3.1/../../../../arm-none-eabi/lib/thumb/v7-m\libc.a(lib_a-__atexit.o)
__bss_end__                                       c:/program files (x86)/atmel/studio/7.0/toolchain/arm/arm-gnu-toolchain/bin/../lib/gcc/arm-none-eabi/6.3.1/../../../../arm-none-eabi/lib/thumb/v7-m/crt0.o
__bss_start__                                     c:/program files (x86)/atmel/studio/7.0/toolchain/arm/arm-gnu-toolchain/bin/../lib/gcc/arm-none-eabi/6.3.1/../../../../arm-none-eabi/lib/thumb/v7-m/crt0.o
__call_exitprocs                                  c:/program files (x86)/atmel/studio/7.0/toolchain/arm/arm-gnu-toolchain/bin/../lib/gcc/arm-none-eabi/6.3.1/../../../../arm-none-eabi/lib/thumb/v7-m\libc.a(lib_a-__call_atexit.o)
                                                  c:/program files (x86)/atmel/studio/7.0/toolchain/arm/arm-gnu-toolchain/bin/../lib/gcc/arm-none-eabi/6.3.1/../../../../arm-none-eabi/lib/thumb/v7-m\libc.a(lib_a-exit.o)
__deregister_frame_info                           c:/program files (x86)/atmel/studio/7.0/toolchain/arm/arm-gnu-toolchain/bin/../lib/gcc/arm-none-eabi/6.3.1/thumb/v7-m/crtbegin.o
__dso_handle                                      c:/program files (x86)/atmel/studio/7.0/toolchain/arm/arm-gnu-toolchain/bin/../lib/gcc/arm-none-eabi/6.3.1/thumb/v7-m/crtbegin.o
__fini_array_end                                  c:/program files (x86)/atmel/studio/7.0/toolchain/arm/arm-gnu-toolchain/bin/../lib/gcc/arm-none-eabi/6.3.1/../../../../arm-none-eabi/lib/thumb/v7-m\libc.a(lib_a-fini.o)
__fini_array_start                                c:/program files (x86)/atmel/studio/7.0/toolchain/arm/arm-gnu-toolchain/bin/../lib/gcc/arm-none-eabi/6.3.1/../../../../arm-none-eabi/lib/thumb/v7-m\libc.a(lib_a-fini.o)
__init_array_end                                  c:/program files (x86)/atmel/studio/7.0/toolchain/arm/arm-gnu-toolchain/bin/../lib/gcc/arm-none-eabi/6.3.1/../../../../arm-none-eabi/lib/thumb/v7-m\libc.a(lib_a-init.o)
__init_array_start                                c:/program files (x86)/atmel/studio/7.0/toolchain/arm/arm-gnu-toolchain/bin/../lib/gcc/arm-none-eabi/6.3.1/../../../../arm-none-eabi/lib/thumb/v7-m\libc.a(lib_a-init.o)
__libc_fini                                       c:/program files (x86)/atmel/studio/7.0/toolchain/arm/arm-gnu-toolchain/bin/../lib/gcc/arm-none-eabi/6.3.1/../../../../arm-none-eabi/lib/thumb/v7-m\libc.a(lib_a-__call_atexit.o)
__libc_fini_array                                 c:/program files (x86)/atmel/studio/7.0/toolchain/arm/arm-gnu-toolchain/bin/../lib/gcc/arm-none-eabi/6.3.1/../../../../arm-none-eabi/lib/thumb/v7-m\libc.a(lib_a-fini.o)
                                                  c:/program files (x86)/atmel/studio/7.0/toolchain/arm/arm-gnu-toolchain/bin/../lib/gcc/arm-none-eabi/6.3.1/../../../../arm-none-eabi/lib/thumb/v7-m\libc.a(lib_a-__call_atexit.o)
                                                  c:/program files (x86)/atmel/studio/7.0/toolchain/arm/arm-gnu-toolchain/bin/../lib/gcc/arm-none-eabi/6.3.1/../../../../arm-none-eabi/lib/thumb/v7-m/crt0.o
__libc_init_array                                 c:/program files (x86)/atmel/studio/7.0/toolchain/arm/arm-gnu-toolchain/bin/../lib/gcc/arm-none-eabi/6.3.1/../../../../arm-none-eabi/lib/thumb/v7-m\libc.a(lib_a-init.o)
                                                  src/ASF/sam/utils/cmsis/sam3x/source/templates/gcc/startup_sam3x.o
                                                  c:/program files (x86)/atmel/studio/7.0/toolchain/arm/arm-gnu-toolchain/bin/../lib/gcc/arm-none-eabi/6.3.1/../../../../arm-none-eabi/lib/thumb/v7-m/crt0.o
__lock___arc4random_mutex                         c:/program files (x86)/atmel/studio/7.0/toolchain/arm/arm-gnu-toolchain/bin/../lib/gcc/arm-none-eabi/6.3.1/../../../../arm-none-eabi/lib/thumb/v7-m\libc.a(lib_a-lock.o)
__lock___at_quick_exit_mutex                      c:/program files (x86)/atmel/studio/7.0/toolchain/arm/arm-gnu-toolchain/bin/../lib/gcc/arm-none-eabi/6.3.1/../../../../arm-none-eabi/lib/thumb/v7-m\libc.a(lib_a-lock.o)
__lock___atexit_recursive_mutex                   c:/program files (x86)/atmel/studio/7.0/toolchain/arm/arm-gnu-toolchain/bin/../lib/gcc/arm-none-eabi/6.3.1/../../../../arm-none-eabi/lib/thumb/v7-m\libc.a(lib_a-lock.o)
                                                  c:/program files (x86)/atmel/studio/7.0/toolchain/arm/arm-gnu-toolchain/bin/../lib/gcc/arm-none-eabi/6.3.1/../../../../arm-none-eabi/lib/thumb/v7-m\libc.a(lib_a-__call_atexit.o)
__lock___dd_hash_mutex                            c:/program files (x86)/atmel/studio/7.0/toolchain/arm/arm-gnu-toolchain/bin/../lib/gcc/arm-none-eabi/6.3.1/../../../../arm-none-eabi/lib/thumb/v7-m\libc.a(lib_a-lock.o)
__lock___env_recursive_mutex                      c:/program files (x86)/atmel/studio/7.0/toolchain/arm/arm-gnu-toolchain/bin/../lib/gcc/arm-none-eabi/6.3.1/../../../../arm-none-eabi/lib/thumb/v7-m\libc.a(lib_a-lock.o)
__lock___malloc_recursive_mutex                   c:/program files (x86)/atmel/studio/7.0/toolchain/arm/arm-gnu-toolchain/bin/../lib/gcc/arm-none-eabi/6.3.1/../../../../arm-none-eabi/lib/thumb/v7-m\libc.a(lib_a-lock.o)
__lock___sfp_recursive_mutex                      c:/program files (x86)/atmel/studio/7.0/toolchain/arm/arm-gnu-toolchain/bin/../lib/gcc/arm-none-eabi/6.3.1/../../../../arm-none-eabi/lib/thumb/v7-m\libc.a(lib_a-lock.o)
__lock___sinit_recursive_mutex                    c:/program files (x86)/atmel/studio/7.0/toolchain/arm/arm-gnu-toolchain/bin/../lib/gcc/arm-none-eabi/6.3.1/../../../../arm-none-eabi/lib/thumb/v7-m\libc.a(lib_a-lock.o)
__lock___tz_mutex                                 c:/program files (x86)/atmel/studio/7.0/toolchain/arm/arm-gnu-toolchain/bin/../lib/gcc/arm-none-eabi/6.3.1/../../../../arm-none-eabi/lib/thumb/v7-m\libc.a(lib_a-lock.o)
__preinit_array_end                               c:/program files (x86)/atmel/studio/7.0/toolchain/arm/arm-gnu-toolchain/bin/../lib/gcc/arm-none-eabi/6.3.1/../../../../arm-none-eabi/lib/thumb/v7-m\libc.a(lib_a-init.o)
__preinit_array_start                             c:/program files (x86)/atmel/studio/7.0/toolchain/arm/arm-gnu-toolchain/bin/../lib/gcc/arm-none-eabi/6.3.1/../../../../arm-none-eabi/lib/thumb/v7-m\libc.a(lib_a-init.o)
__ram_end__                                       src/ASF/sam/utils/syscalls/gcc/syscalls.o
__register_exitproc                               c:/program files (x86)/atmel/studio/7.0/toolchain/arm/arm-gnu-toolchain/bin/../lib/gcc/arm-none-eabi/6.3.1/../../../../arm-none-eabi/lib/thumb/v7-m\libc.a(lib_a-__atexit.o)
                                                  c:/program files (x86)/atmel/studio/7.0/toolchain/arm/arm-gnu-toolchain/bin/../lib/gcc/arm-none-eabi/6.3.1/../../../../arm-none-eabi/lib/thumb/v7-m\libc.a(lib_a-atexit.o)
__register_frame_info                             c:/program files (x86)/atmel/studio/7.0/toolchain/arm/arm-gnu-toolchain/bin/../lib/gcc/arm-none-eabi/6.3.1/thumb/v7-m/crtbegin.o
__retarget_lock_acquire                           c:/program files (x86)/atmel/studio/7.0/toolchain/arm/arm-gnu-toolchain/bin/../lib/gcc/arm-none-eabi/6.3.1/../../../../arm-none-eabi/lib/thumb/v7-m\libc.a(lib_a-lock.o)
__retarget_lock_acquire_recursive                 c:/program files (x86)/atmel/studio/7.0/toolchain/arm/arm-gnu-toolchain/bin/../lib/gcc/arm-none-eabi/6.3.1/../../../../arm-none-eabi/lib/thumb/v7-m\libc.a(lib_a-lock.o)
                                                  c:/program files (x86)/atmel/studio/7.0/toolchain/arm/arm-gnu-toolchain/bin/../lib/gcc/arm-none-eabi/6.3.1/../../../../arm-none-eabi/lib/thumb/v7-m\libc.a(lib_a-__atexit.o)
                                                  c:/program files (x86)/atmel/studio/7.0/toolchain/arm/arm-gnu-toolchain/bin/../lib/gcc/arm-none-eabi/6.3.1/../../../../arm-none-eabi/lib/thumb/v7-m\libc.a(lib_a-__call_atexit.o)
__retarget_lock_close                             c:/program files (x86)/atmel/studio/7.0/toolchain/arm/arm-gnu-toolchain/bin/../lib/gcc/arm-none-eabi/6.3.1/../../../../arm-none-eabi/lib/thumb/v7-m\libc.a(lib_a-lock.o)
__retarget_lock_close_recursive                   c:/program files (x86)/atmel/studio/7.0/toolchain/arm/arm-gnu-toolchain/bin/../lib/gcc/arm-none-eabi/6.3.1/../../../../arm-none-eabi/lib/thumb/v7-m\libc.a(lib_a-lock.o)
__retarget_lock_init                              c:/program files (x86)/atmel/studio/7.0/toolchain/arm/arm-gnu-toolchain/bin/../lib/gcc/arm-none-eabi/6.3.1/../../../../arm-none-eabi/lib/thumb/v7-m\libc.a(lib_a-lock.o)
__retarget_lock_init_recursive                    c:/program files (x86)/atmel/studio/7.0/toolchain/arm/arm-gnu-toolchain/bin/../lib/gcc/arm-none-eabi/6.3.1/../../../../arm-none-eabi/lib/thumb/v7-m\libc.a(lib_a-lock.o)
__retarget_lock_release                           c:/program files (x86)/atmel/studio/7.0/toolchain/arm/arm-gnu-toolchain/bin/../lib/gcc/arm-none-eabi/6.3.1/../../../../arm-none-eabi/lib/thumb/v7-m\libc.a(lib_a-lock.o)
__retarget_lock_release_recursive                 c:/program files (x86)/atmel/studio/7.0/toolchain/arm/arm-gnu-toolchain/bin/../lib/gcc/arm-none-eabi/6.3.1/../../../../arm-none-eabi/lib/thumb/v7-m\libc.a(lib_a-lock.o)
                                                  c:/program files (x86)/atmel/studio/7.0/toolchain/arm/arm-gnu-toolchain/bin/../lib/gcc/arm-none-eabi/6.3.1/../../../../arm-none-eabi/lib/thumb/v7-m\libc.a(lib_a-__atexit.o)
                                                  c:/program files (x86)/atmel/studio/7.0/toolchain/arm/arm-gnu-toolchain/bin/../lib/gcc/arm-none-eabi/6.3.1/../../../../arm-none-eabi/lib/thumb/v7-m\libc.a(lib_a-__call_atexit.o)
__retarget_lock_try_acquire                       c:/program files (x86)/atmel/studio/7.0/toolchain/arm/arm-gnu-toolchain/bin/../lib/gcc/arm-none-eabi/6.3.1/../../../../arm-none-eabi/lib/thumb/v7-m\libc.a(lib_a-lock.o)
__retarget_lock_try_acquire_recursive             c:/program files (x86)/atmel/studio/7.0/toolchain/arm/arm-gnu-toolchain/bin/../lib/gcc/arm-none-eabi/6.3.1/../../../../arm-none-eabi/lib/thumb/v7-m\libc.a(lib_a-lock.o)
__stack                                           c:/program files (x86)/atmel/studio/7.0/toolchain/arm/arm-gnu-toolchain/bin/../lib/gcc/arm-none-eabi/6.3.1/../../../../arm-none-eabi/lib/thumb/v7-m/crt0.o
_close                                            src/ASF/sam/utils/syscalls/gcc/syscalls.o
_end                                              src/ASF/sam/utils/syscalls/gcc/syscalls.o
_erelocate                                        src/ASF/sam/utils/cmsis/sam3x/source/templates/gcc/startup_sam3x.o
_estack                                           src/ASF/sam/utils/cmsis/sam3x/source/templates/gcc/startup_sam3x.o
_etext                                            src/ASF/sam/utils/cmsis/sam3x/source/templates/gcc/startup_sam3x.o
_exit                                             src/ASF/sam/utils/syscalls/gcc/syscalls.o
                                                  c:/program files (x86)/atmel/studio/7.0/toolchain/arm/arm-gnu-toolchain/bin/../lib/gcc/arm-none-eabi/6.3.1/../../../../arm-none-eabi/lib/thumb/v7-m\libc.a(lib_a-exit.o)
_ezero                                            src/ASF/sam/utils/cmsis/sam3x/source/templates/gcc/startup_sam3x.o
_fini                                             c:/program files (x86)/atmel/studio/7.0/toolchain/arm/arm-gnu-toolchain/bin/../lib/gcc/arm-none-eabi/6.3.1/thumb/v7-m/crti.o
                                                  c:/program files (x86)/atmel/studio/7.0/toolchain/arm/arm-gnu-toolchain/bin/../lib/gcc/arm-none-eabi/6.3.1/../../../../arm-none-eabi/lib/thumb/v7-m\libc.a(lib_a-fini.o)
_fstat                                            src/ASF/sam/utils/syscalls/gcc/syscalls.o
_getpid                                           src/ASF/sam/utils/syscalls/gcc/syscalls.o
_global_impure_ptr                                c:/program files (x86)/atmel/studio/7.0/toolchain/arm/arm-gnu-toolchain/bin/../lib/gcc/arm-none-eabi/6.3.1/../../../../arm-none-eabi/lib/thumb/v7-m\libc.a(lib_a-impure.o)
                                                  c:/program files (x86)/atmel/studio/7.0/toolchain/arm/arm-gnu-toolchain/bin/../lib/gcc/arm-none-eabi/6.3.1/../../../../arm-none-eabi/lib/thumb/v7-m\libc.a(lib_a-__atexit.o)
                                                  c:/program files (x86)/atmel/studio/7.0/toolchain/arm/arm-gnu-toolchain/bin/../lib/gcc/arm-none-eabi/6.3.1/../../../../arm-none-eabi/lib/thumb/v7-m\libc.a(lib_a-__call_atexit.o)
                                                  c:/program files (x86)/atmel/studio/7.0/toolchain/arm/arm-gnu-toolchain/bin/../lib/gcc/arm-none-eabi/6.3.1/../../../../arm-none-eabi/lib/thumb/v7-m\libc.a(lib_a-exit.o)
_impure_ptr                                       c:/program files (x86)/atmel/studio/7.0/toolchain/arm/arm-gnu-toolchain/bin/../lib/gcc/arm-none-eabi/6.3.1/../../../../arm-none-eabi/lib/thumb/v7-m\libc.a(lib_a-impure.o)
_init                                             c:/program files (x86)/atmel/studio/7.0/toolchain/arm/arm-gnu-toolchain/bin/../lib/gcc/arm-none-eabi/6.3.1/thumb/v7-m/crti.o
                                                  c:/program files (x86)/atmel/studio/7.0/toolchain/arm/arm-gnu-toolchain/bin/../lib/gcc/arm-none-eabi/6.3.1/../../../../arm-none-eabi/lib/thumb/v7-m\libc.a(lib_a-init.o)
_isatty                                           src/ASF/sam/utils/syscalls/gcc/syscalls.o
_kill                                             src/ASF/sam/utils/syscalls/gcc/syscalls.o
_lseek                                            src/ASF/sam/utils/syscalls/gcc/syscalls.o
_mainCRTStartup                                   c:/program files (x86)/atmel/studio/7.0/toolchain/arm/arm-gnu-toolchain/bin/../lib/gcc/arm-none-eabi/6.3.1/../../../../arm-none-eabi/lib/thumb/v7-m/crt0.o
_sbrk                                             src/ASF/sam/utils/syscalls/gcc/syscalls.o
_sfixed                                           src/ASF/sam/utils/cmsis/sam3x/source/templates/gcc/startup_sam3x.o
_srelocate                                        src/ASF/sam/utils/cmsis/sam3x/source/templates/gcc/startup_sam3x.o
_start                                            c:/program files (x86)/atmel/studio/7.0/toolchain/arm/arm-gnu-toolchain/bin/../lib/gcc/arm-none-eabi/6.3.1/../../../../arm-none-eabi/lib/thumb/v7-m/crt0.o
_szero                                            src/ASF/sam/utils/cmsis/sam3x/source/templates/gcc/startup_sam3x.o
atexit                                            c:/program files (x86)/atmel/studio/7.0/toolchain/arm/arm-gnu-toolchain/bin/../lib/gcc/arm-none-eabi/6.3.1/../../../../arm-none-eabi/lib/thumb/v7-m\libc.a(lib_a-atexit.o)
                                                  c:/program files (x86)/atmel/studio/7.0/toolchain/arm/arm-gnu-toolchain/bin/../lib/gcc/arm-none-eabi/6.3.1/../../../../arm-none-eabi/lib/thumb/v7-m\libc.a(lib_a-__call_atexit.o)
                                                  c:/program files (x86)/atmel/studio/7.0/toolchain/arm/arm-gnu-toolchain/bin/../lib/gcc/arm-none-eabi/6.3.1/../../../../arm-none-eabi/lib/thumb/v7-m/crt0.o
board_init                                        src/ASF/sam/boards/arduino_due_x/init.o
                                                  src/main.o
cpu_irq_enter_critical                            src/ASF/common/utils/interrupt/interrupt_sam_nvic.o
cpu_irq_leave_critical                            src/ASF/common/utils/interrupt/interrupt_sam_nvic.o
exception_table                                   src/ASF/sam/utils/cmsis/sam3x/source/templates/gcc/startup_sam3x.o
exit                                              c:/program files (x86)/atmel/studio/7.0/toolchain/arm/arm-gnu-toolchain/bin/../lib/gcc/arm-none-eabi/6.3.1/../../../../arm-none-eabi/lib/thumb/v7-m\libc.a(lib_a-exit.o)
                                                  c:/program files (x86)/atmel/studio/7.0/toolchain/arm/arm-gnu-toolchain/bin/../lib/gcc/arm-none-eabi/6.3.1/../../../../arm-none-eabi/lib/thumb/v7-m/crt0.o
free                                              c:/program files (x86)/atmel/studio/7.0/toolchain/arm/arm-gnu-toolchain/bin/../lib/gcc/arm-none-eabi/6.3.1/../../../../arm-none-eabi/lib/thumb/v7-m\libc.a(lib_a-__call_atexit.o)
g_interrupt_enabled                               src/ASF/common/utils/interrupt/interrupt_sam_nvic.o
                                                  src/main.o
                                                  src/ASF/sam/drivers/uotghs/uotghs_device.o
                                                  src/ASF/sam/drivers/pmc/sleep.o
                                                  src/ASF/common/services/usb/class/cdc/device/udi_cdc.o
hardware_init_hook                                c:/program files (x86)/atmel/studio/7.0/toolchain/arm/arm-gnu-toolchain/bin/../lib/gcc/arm-none-eabi/6.3.1/../../../../arm-none-eabi/lib/thumb/v7-m/crt0.o
link                                              src/ASF/sam/utils/syscalls/gcc/syscalls.o
main                                              src/main.o
                                                  src/ASF/sam/utils/cmsis/sam3x/source/templates/gcc/startup_sam3x.o
                                                  c:/program files (x86)/atmel/studio/7.0/toolchain/arm/arm-gnu-toolchain/bin/../lib/gcc/arm-none-eabi/6.3.1/../../../../arm-none-eabi/lib/thumb/v7-m/crt0.o
main_cdc_disable                                  src/main.o
                                                  src/ASF/common/services/usb/class/cdc/device/udi_cdc.o
main_cdc_enable                                   src/main.o
                                                  src/ASF/common/services/usb/class/cdc/device/udi_cdc.o
main_cdc_set_dtr                                  src/main.o
                                                  src/ASF/common/services/usb/class/cdc/device/udi_cdc.o
main_resume_action                                src/main.o
                                                  src/ASF/sam/drivers/uotghs/uotghs_device.o
main_sof_action                                   src/main.o
                                                  src/ASF/sam/drivers/uotghs/uotghs_device.o
main_suspend_action                               src/main.o
                                                  src/ASF/sam/drivers/uotghs/uotghs_device.o
malloc                                            c:/program files (x86)/atmel/studio/7.0/toolchain/arm/arm-gnu-toolchain/bin/../lib/gcc/arm-none-eabi/6.3.1/../../../../arm-none-eabi/lib/thumb/v7-m\libc.a(lib_a-__atexit.o)
memcpy                                            c:/program files (x86)/atmel/studio/7.0/toolchain/arm/arm-gnu-toolchain/bin/../lib/gcc/arm-none-eabi/6.3.1/../../../../arm-none-eabi/lib/thumb/v7-m\libc.a(lib_a-memcpy.o)
                                                  src/ASF/common/services/usb/class/cdc/device/udi_cdc.o
memset                                            c:/program files (x86)/atmel/studio/7.0/toolchain/arm/arm-gnu-toolchain/bin/../lib/gcc/arm-none-eabi/6.3.1/../../../../arm-none-eabi/lib/thumb/v7-m\libc.a(lib_a-memset.o)
                                                  c:/program files (x86)/atmel/studio/7.0/toolchain/arm/arm-gnu-toolchain/bin/../lib/gcc/arm-none-eabi/6.3.1/../../../../arm-none-eabi/lib/thumb/v7-m/crt0.o
pio_clear                                         src/ASF/sam/drivers/pio/pio.o
pio_configure                                     src/ASF/sam/drivers/pio/pio.o
pio_configure_interrupt                           src/ASF/sam/drivers/pio/pio.o
                                                  src/ASF/sam/drivers/pio/pio_handler.o
pio_configure_pin                                 src/ASF/sam/drivers/pio/pio.o
                                                  src/ASF/sam/boards/arduino_due_x/init.o
pio_configure_pin_group                           src/ASF/sam/drivers/pio/pio.o
                                                  src/ASF/sam/boards/arduino_due_x/init.o
pio_disable_interrupt                             src/ASF/sam/drivers/pio/pio.o
                                                  src/ASF/sam/drivers/pio/pio_handler.o
pio_disable_output_write                          src/ASF/sam/drivers/pio/pio.o
pio_disable_pin_interrupt                         src/ASF/sam/drivers/pio/pio.o
pio_enable_interrupt                              src/ASF/sam/drivers/pio/pio.o
                                                  src/ASF/sam/drivers/pio/pio_handler.o
pio_enable_output_write                           src/ASF/sam/drivers/pio/pio.o
pio_enable_pin_interrupt                          src/ASF/sam/drivers/pio/pio.o
pio_get                                           src/ASF/sam/drivers/pio/pio.o
pio_get_interrupt_mask                            src/ASF/sam/drivers/pio/pio.o
                                                  src/ASF/sam/drivers/pio/pio_handler.o
pio_get_interrupt_status                          src/ASF/sam/drivers/pio/pio.o
                                                  src/ASF/sam/drivers/pio/pio_handler.o
pio_get_multi_driver_status                       src/ASF/sam/drivers/pio/pio.o
pio_get_output_data_status                        src/ASF/sam/drivers/pio/pio.o
pio_get_output_write_status                       src/ASF/sam/drivers/pio/pio.o
pio_get_pin_group                                 src/ASF/sam/drivers/pio/pio.o
                                                  src/ASF/sam/drivers/pio/pio_handler.o
pio_get_pin_group_id                              src/ASF/sam/drivers/pio/pio.o
                                                  src/ASF/sam/drivers/pio/pio_handler.o
pio_get_pin_group_mask                            src/ASF/sam/drivers/pio/pio.o
                                                  src/ASF/sam/drivers/pio/pio_handler.o
pio_get_pin_value                                 src/ASF/sam/drivers/pio/pio.o
pio_get_writeprotect_status                       src/ASF/sam/drivers/pio/pio.o
pio_handler_process                               src/ASF/sam/drivers/pio/pio_handler.o
pio_handler_set                                   src/ASF/sam/drivers/pio/pio_handler.o
pio_handler_set_pin                               src/ASF/sam/drivers/pio/pio_handler.o
pio_handler_set_priority                          src/ASF/sam/drivers/pio/pio_handler.o
pio_pull_up                                       src/ASF/sam/drivers/pio/pio.o
pio_set                                           src/ASF/sam/drivers/pio/pio.o
pio_set_additional_interrupt_mode                 src/ASF/sam/drivers/pio/pio.o
pio_set_debounce_filter                           src/ASF/sam/drivers/pio/pio.o
pio_set_input                                     src/ASF/sam/drivers/pio/pio.o
pio_set_multi_driver                              src/ASF/sam/drivers/pio/pio.o
pio_set_output                                    src/ASF/sam/drivers/pio/pio.o
pio_set_peripheral                                src/ASF/sam/drivers/pio/pio.o
pio_set_pin_group_high                            src/ASF/sam/drivers/pio/pio.o
pio_set_pin_group_low                             src/ASF/sam/drivers/pio/pio.o
pio_set_pin_high                                  src/ASF/sam/drivers/pio/pio.o
                                                  src/ASF/sam/boards/arduino_due_x/led.o
pio_set_pin_low                                   src/ASF/sam/drivers/pio/pio.o
                                                  src/ASF/sam/boards/arduino_due_x/led.o
pio_set_writeprotect                              src/ASF/sam/drivers/pio/pio.o
pio_sync_output_write                             src/ASF/sam/drivers/pio/pio.o
pio_toggle_pin                                    src/ASF/sam/drivers/pio/pio.o
pio_toggle_pin_group                              src/ASF/sam/drivers/pio/pio.o
pmc_clr_fast_startup_input                        src/ASF/sam/drivers/pmc/pmc.o
pmc_disable_all_pck                               src/ASF/sam/drivers/pmc/pmc.o
pmc_disable_all_periph_clk                        src/ASF/sam/drivers/pmc/pmc.o
pmc_disable_clock_failure_detector                src/ASF/sam/drivers/pmc/pmc.o
pmc_disable_interrupt                             src/ASF/sam/drivers/pmc/pmc.o
pmc_disable_pck                                   src/ASF/sam/drivers/pmc/pmc.o
pmc_disable_periph_clk                            src/ASF/sam/drivers/pmc/pmc.o
                                                  src/ASF/sam/drivers/uotghs/uotghs_device.o
pmc_disable_pllack                                src/ASF/sam/drivers/pmc/pmc.o
                                                  src/ASF/sam/drivers/pmc/sleep.o
                                                  src/ASF/common/services/clock/sam3x/sysclk.o
pmc_disable_udpck                                 src/ASF/sam/drivers/pmc/pmc.o
                                                  src/ASF/common/services/clock/sam3x/sysclk.o
pmc_disable_upll_clock                            src/ASF/sam/drivers/pmc/pmc.o
                                                  src/ASF/sam/drivers/pmc/sleep.o
pmc_enable_all_pck                                src/ASF/sam/drivers/pmc/pmc.o
pmc_enable_all_periph_clk                         src/ASF/sam/drivers/pmc/pmc.o
pmc_enable_backupmode                             src/ASF/sam/drivers/pmc/pmc.o
pmc_enable_clock_failure_detector                 src/ASF/sam/drivers/pmc/pmc.o
pmc_enable_interrupt                              src/ASF/sam/drivers/pmc/pmc.o
pmc_enable_pck                                    src/ASF/sam/drivers/pmc/pmc.o
pmc_enable_periph_clk                             src/ASF/sam/drivers/pmc/pmc.o
                                                  src/uart_sam.o
                                                  src/ASF/sam/drivers/uotghs/uotghs_device.o
                                                  src/ASF/sam/boards/arduino_due_x/init.o
pmc_enable_pllack                                 src/ASF/sam/drivers/pmc/pmc.o
pmc_enable_sleepmode                              src/ASF/sam/drivers/pmc/pmc.o
pmc_enable_udpck                                  src/ASF/sam/drivers/pmc/pmc.o
                                                  src/ASF/common/services/clock/sam3x/sysclk.o
pmc_enable_upll_clock                             src/ASF/sam/drivers/pmc/pmc.o
                                                  src/ASF/common/services/clock/sam3x/sysclk.o
pmc_enable_waitmode                               src/ASF/sam/drivers/pmc/pmc.o
                                                  src/ASF/sam/drivers/pmc/sleep.o
pmc_get_interrupt_mask                            src/ASF/sam/drivers/pmc/pmc.o
pmc_get_status                                    src/ASF/sam/drivers/pmc/pmc.o
pmc_get_writeprotect_status                       src/ASF/sam/drivers/pmc/pmc.o
pmc_is_locked_pllack                              src/ASF/sam/drivers/pmc/pmc.o
                                                  src/ASF/common/services/clock/sam3x/sysclk.o
pmc_is_locked_upll                                src/ASF/sam/drivers/pmc/pmc.o
pmc_is_pck_enabled                                src/ASF/sam/drivers/pmc/pmc.o
pmc_is_periph_clk_enabled                         src/ASF/sam/drivers/pmc/pmc.o
pmc_is_wakeup_clocks_restored                     src/ASF/sam/drivers/pmc/sleep.o
                                                  src/ASF/sam/drivers/uotghs/uotghs_device.o
pmc_mainck_osc_select                             src/ASF/sam/drivers/pmc/pmc.o
pmc_mck_set_prescaler                             src/ASF/sam/drivers/pmc/pmc.o
                                                  src/ASF/common/services/clock/sam3x/sysclk.o
pmc_mck_set_source                                src/ASF/sam/drivers/pmc/pmc.o
                                                  src/ASF/common/services/clock/sam3x/sysclk.o
pmc_osc_bypass_main_xtal                          src/ASF/sam/drivers/pmc/pmc.o
pmc_osc_disable_fastrc                            src/ASF/sam/drivers/pmc/pmc.o
pmc_osc_disable_main_xtal                         src/ASF/sam/drivers/pmc/pmc.o
pmc_osc_disable_xtal                              src/ASF/sam/drivers/pmc/pmc.o
pmc_osc_enable_fastrc                             src/ASF/sam/drivers/pmc/pmc.o
pmc_osc_enable_main_xtal                          src/ASF/sam/drivers/pmc/pmc.o
pmc_osc_is_bypassed_main_xtal                     src/ASF/sam/drivers/pmc/pmc.o
pmc_osc_is_ready_32kxtal                          src/ASF/sam/drivers/pmc/pmc.o
pmc_osc_is_ready_fastrc                           src/ASF/sam/drivers/pmc/pmc.o
pmc_osc_is_ready_main_xtal                        src/ASF/sam/drivers/pmc/pmc.o
pmc_osc_is_ready_mainck                           src/ASF/sam/drivers/pmc/pmc.o
                                                  src/ASF/common/services/clock/sam3x/sysclk.o
pmc_pck_set_prescaler                             src/ASF/sam/drivers/pmc/pmc.o
pmc_pck_set_source                                src/ASF/sam/drivers/pmc/pmc.o
pmc_set_fast_startup_input                        src/ASF/sam/drivers/pmc/pmc.o
                                                  src/ASF/sam/drivers/uotghs/uotghs_device.o
pmc_set_writeprotect                              src/ASF/sam/drivers/pmc/pmc.o
pmc_sleep                                         src/ASF/sam/drivers/pmc/sleep.o
                                                  src/main.o