Archive member included to satisfy reference by file (symbol)

c:/program files (x86)/atmel/studio/7.0/toolchain/arm/arm-gnu-toolchain/bin/../lib/gcc/arm-none-eabi/6.3.1/../../../../arm-none-eabi/lib/thumb/v7-m\libc.a(lib_a-exit.o)
                              c:/program files (x86)/atmel/studio/7.0/toolchain/arm/arm-gnu-toolchain/bin/../lib/gcc/arm-none-eabi/6.3.1/../../../../arm-none-eabi/lib/thumb/v7-m/crt0.o (exit)
c:/program files (x86)/atmel/studio/7.0/toolchain/arm/arm-gnu-toolchain/bin/../lib/gcc/arm-none-eabi/6.3.1/../../../../arm-none-eabi/lib/thumb/v7-m\libc.a(lib_a-impure.o)
                              c:/program files (x86)/atmel/studio/7.0/toolchain/arm/arm-gnu-toolchain/bin/../lib/gcc/arm-none-eabi/6.3.1/../../../../arm-none-eabi/lib/thumb/v7-m\libc.a(lib_a-exit.o) (_global_impure_ptr)
c:/program files (x86)/atmel/studio/7.0/toolchain/arm/arm-gnu-toolchain/bin/../lib/gcc/arm-none-eabi/6.3.1/../../../../arm-none-eabi/lib/thumb/v7-m\libc.a(lib_a-init.o)
                              c:/program files (x86)/atmel/studio/7.0/toolchain/arm/arm-gnu-toolchain/bin/../lib/gcc/arm-none-eabi/6.3.1/../../../../arm-none-eabi/lib/thumb/v7-m/crt0.o (__libc_init_array)
c:/program files (x86)/atmel/studio/7.0/toolchain/arm/arm-gnu-toolchain/bin/../lib/gcc/arm-none-eabi/6.3.1/../../../../arm-none-eabi/lib/thumb/v7-m\libc.a(lib_a-memcpy.o)
                              src/ASF/common/services/usb/class/cdc/device/udi_cdc.o (memcpy)
c:/program files (x86)/atmel/studio/7.0/toolchain/arm/arm-gnu-toolchain/bin/../lib/gcc/arm-none-eabi/6.3.1/../../../../arm-none-eabi/lib/thumb/v7-m\libc.a(lib_a-memset.o)
                              c:/program files (x86)/atmel/studio/7.0/toolchain/arm/arm-gnu-toolchain/bin/../lib/gcc/arm-none-eabi/6.3.1/../../../../arm-none-eabi/lib/thumb/v7-m/crt0.o (memset)
c:/program files (x86)/atmel/studio/7.0/toolchain/arm/arm-gnu-toolchain/bin/../lib/gcc/arm-none-eabi/6.3.1/../../../../arm-none-eabi/lib/thumb/v7-m\libc.a(lib_a-__call_atexit.o)
                              c:/program files (x86)/atmel/studio/7.0/toolchain/arm/arm-gnu-toolchain/bin/../lib/gcc/arm-none-eabi/6.3.1/../../../../arm-none-eabi/lib/thumb/v7-m\libc.a(lib_a-exit.o) (__call_exitprocs)
c:/program files (x86)/atmel/studio/7.0/toolchain/arm/arm-gnu-toolchain/bin/../lib/gcc/arm-none-eabi/6.3.1/../../../../arm-none-eabi/lib/thumb/v7-m\libc.a(lib_a-atexit.o)
                              c:/program files (x86)/atmel/studio/7.0/toolchain/arm/arm-gnu-toolchain/bin/../lib/gcc/arm-none-eabi/6.3.1/../../../../arm-none-eabi/lib/thumb/v7-m\libc.a(lib_a-__call_atexit.o) (atexit)
c:/program files (x86)/atmel/studio/7.0/toolchain/arm/arm-gnu-toolchain/bin/../lib/gcc/arm-none-eabi/6.3.1/../../../../arm-none-eabi/lib/thumb/v7-m\libc.a(lib_a-fini.o)
                              c:/program files (x86)/atmel/studio/7.0/toolchain/arm/arm-gnu-toolchain/bin/../lib/gcc/arm-none-eabi/6.3.1/../../../../arm-none-eabi/lib/thumb/v7-m\libc.a(lib_a-__call_atexit.o) (__libc_fini_array)
c:/program files (x86)/atmel/studio/7.0/toolchain/arm/arm-gnu-toolchain/bin/../lib/gcc/arm-none-eabi/6.3.1/../../../../arm-none-eabi/lib/thumb/v7-m\libc.a(lib_a-lock.o)
                              c:/program files (x86)/atmel/studio/7.0/toolchain/arm/arm-gnu-toolchain/bin/../lib/gcc/arm-none-eabi/6.3.1/../../../../arm-none-eabi/lib/thumb/v7-m\libc.a(lib_a-__call_atexit.o) (__retarget_lock_acquire_recursive)
c:/program files (x86)/atmel/studio/7.0/toolchain/arm/arm-gnu-toolchain/bin/../lib/gcc/arm-none-eabi/6.3.1/../../../../arm-none-eabi/lib/thumb/v7-m\libc.a(lib_a-__atexit.o)
                              c:/program files (x86)/atmel/studio/7.0/toolchain/arm/arm-gnu-toolchain/bin/../lib/gcc/arm-none-eabi/6.3.1/../../../../arm-none-eabi/lib/thumb/v7-m\libc.a(lib_a-atexit.o) (__register_exitproc)

Allocating common symbols
Common symbol       size              file

__lock___atexit_recursive_mutex
                    0x1               c:/program files (x86)/atmel/studio/7.0/toolchain/arm/arm-gnu-toolchain/bin/../lib/gcc/arm-none-eabi/6.3.1/../../../../arm-none-eabi/lib/thumb/v7-m\libc.a(lib_a-lock.o)
__lock___arc4random_mutex
                    0x1               c:/program files (x86)/atmel/studio/7.0/toolchain/arm/arm-gnu-toolchain/bin/../lib/gcc/arm-none-eabi/6.3.1/../../../../arm-none-eabi/lib/thumb/v7-m\libc.a(lib_a-lock.o)
__lock___env_recursive_mutex
                    0x1               c:/program files (x86)/atmel/studio/7.0/toolchain/arm/arm-gnu-toolchain/bin/../lib/gcc/arm-none-eabi/6.3.1/../../../../arm-none-eabi/lib/thumb/v7-m\libc.a(lib_a-lock.o)
__lock___sinit_recursive_mutex
                    0x1               c:/program files (x86)/atmel/studio/7.0/toolchain/arm/arm-gnu-toolchain/bin/../lib/gcc/arm-none-eabi/6.3.1/../../../../arm-none-eabi/lib/thumb/v7-m\libc.a(lib_a-lock.o)
__lock___malloc_recursive_mutex
[...]
Memory Configuration

Name             Origin             Length             Attributes
rom              0x00080000         0x00080000         xr
sram0            0x20000000         0x00010000         xrw
sram1            0x20080000         0x00008000         xrw
ram              0x20070000         0x00018000         xrw
*default*        0x00000000         0xffffffff

Linker script and memory map

LOAD c:/program files (x86)/atmel/studio/7.0/toolchain/arm/arm-gnu-toolchain/bin/../lib/gcc/arm-none-eabi/6.3.1/thumb/v7-m/crti.o
LOAD c:/program files (x86)/atmel/studio/7.0/toolchain/arm/arm-gnu-toolchain/bin/../lib/gcc/arm-none-eabi/6.3.1/thumb/v7-m/crtbegin.o
LOAD c:/program files (x86)/atmel/studio/7.0/toolchain/arm/arm-gnu-toolchain/bin/../lib/gcc/arm-none-eabi/6.3.1/../../../../arm-none-eabi/lib/thumb/v7-m/crt0.o
LOAD src/ASF/common/services/usb/class/cdc/device/example2/sam3x8e_arduino_due_x/ui.o
LOAD src/ASF/common/services/clock/sam3x/sysclk.o
LOAD src/ASF/common/services/sleepmgr/sam/sleepmgr.o
LOAD src/ASF/common/services/usb/class/cdc/device/udi_cdc.o
LOAD src/ASF/common/services/usb/class/cdc/device/udi_cdc_desc.o
LOAD src/ASF/common/services/usb/udc/udc.o
LOAD src/ASF/common/utils/interrupt/interrupt_sam_nvic.o
LOAD src/ASF/sam/boards/arduino_due_x/init.o
LOAD src/ASF/sam/boards/arduino_due_x/led.o
LOAD src/ASF/sam/drivers/pio/pio.o
LOAD src/ASF/sam/drivers/pio/pio_handler.o
LOAD src/ASF/sam/drivers/pmc/pmc.o
LOAD src/ASF/sam/drivers/pmc/sleep.o
LOAD src/ASF/sam/drivers/uotghs/uotghs_device.o
LOAD src/ASF/sam/drivers/usart/usart.o
LOAD src/ASF/sam/utils/cmsis/sam3x/source/templates/exceptions.o
LOAD src/ASF/sam/utils/cmsis/sam3x/source/templates/gcc/startup_sam3x.o
LOAD src/ASF/sam/utils/cmsis/sam3x/source/templates/system_sam3x.o
LOAD src/ASF/sam/utils/syscalls/gcc/syscalls.o
LOAD src/main.o
LOAD src/uart_sam.o
START GROUP
LOAD ../src/ASF/thirdparty/CMSIS/Lib/GCC\libarm_cortexM3l_math.a
LOAD c:/program files (x86)/atmel/studio/7.0/toolchain/arm/arm-gnu-toolchain/bin/../lib/gcc/arm-none-eabi/6.3.1/../../../../arm-none-eabi/lib/thumb/v7-m\libm.a
END GROUP
START GROUP
LOAD c:/program files (x86)/atmel/studio/7.0/toolchain/arm/arm-gnu-toolchain/bin/../lib/gcc/arm-none-eabi/6.3.1/thumb/v7-m\libgcc.a
LOAD c:/program files (x86)/atmel/studio/7.0/toolchain/arm/arm-gnu-toolchain/bin/../lib/gcc/arm-none-eabi/6.3.1/../../../../arm-none-eabi/lib/thumb/v7-m\libc.a
END GROUP
LOAD c:/program files (x86)/atmel/studio/7.0/toolchain/arm/arm-gnu-toolchain/bin/../lib/gcc/arm-none-eabi/6.3.1/thumb/v7-m/crtend.o
LOAD c:/program files (x86)/atmel/studio/7.0/toolchain/arm/arm-gnu-toolchain/bin/../lib/gcc/arm-none-eabi/6.3.1/thumb/v7-m/crtn.o
                0x00002000                __stack_size__ = DEFINED (__stack_size__)?__stack_size__:0x2000
                0x20087ffc                __ram_end__ = ((ORIGIN (ram) + LENGTH (ram)) - 0x4)

.text           0x00080000     0x3964
                0x00080000                . = ALIGN (0x4)
                0x00080000                _sfixed = .
 *(.vectors .vectors.*)
 .vectors       0x00080000       0xf4 src/ASF/sam/utils/cmsis/sam3x/source/templates/gcc/startup_sam3x.o
                0x00080000                exception_table
 *(.text .text.* .gnu.linkonce.t.*)
 .text          0x000800f4       0x6c c:/program files (x86)/atmel/studio/7.0/toolchain/arm/arm-gnu-toolchain/bin/../lib/gcc/arm-none-eabi/6.3.1/thumb/v7-m/crtbegin.o
 .text.ui_init  0x00080160       0x1c src/ASF/common/services/usb/class/cdc/device/example2/sam3x8e_arduino_due_x/ui.o
                0x00080160                ui_init
 .text.ui_powerdown
                0x0008017c       0x18 src/ASF/common/services/usb/class/cdc/device/example2/sam3x8e_arduino_due_x/ui.o
                0x0008017c                ui_powerdown
 .text.ui_wakeup
                0x00080194       0x10 src/ASF/common/services/usb/class/cdc/device/example2/sam3x8e_arduino_due_x/ui.o
                0x00080194                ui_wakeup
 .text.ui_com_open
                0x000801a4       0x20 src/ASF/common/services/usb/class/cdc/device/example2/sam3x8e_arduino_due_x/ui.o
                0x000801a4                ui_com_open
 .text.ui_com_close
                0x000801c4       0x20 src/ASF/common/services/usb/class/cdc/device/example2/sam3x8e_arduino_due_x/ui.o
                0x000801c4                ui_com_close
 .text.ui_com_rx_start
                0x000801e4        0x2 src/ASF/common/services/usb/class/cdc/device/example2/sam3x8e_arduino_due_x/ui.o
                0x000801e4                ui_com_rx_start
 .text.ui_com_rx_stop
                0x000801e6        0x2 src/ASF/common/services/usb/class/cdc/device/example2/sam3x8e_arduino_due_x/ui.o
                0x000801e6                ui_com_rx_stop
 .text.ui_com_tx_start
                0x000801e8        0x2 src/ASF/common/services/usb/class/cdc/device/example2/sam3x8e_arduino_due_x/ui.o
                0x000801e8                ui_com_tx_start
 .text.ui_com_tx_stop
                0x000801ea        0x2 src/ASF/common/services/usb/class/cdc/device/example2/sam3x8e_arduino_due_x/ui.o
                0x000801ea                ui_com_tx_stop
 .text.ui_com_error
                0x000801ec        0x2 src/ASF/common/services/usb/class/cdc/device/example2/sam3x8e_arduino_due_x/ui.o
                0x000801ec                ui_com_error
 .text.ui_com_overflow
                0x000801ee        0x2 src/ASF/common/services/usb/class/cdc/device/example2/sam3x8e_arduino_due_x/ui.o
                0x000801ee                ui_com_overflow
 .text.ui_process
                0x000801f0       0x24 src/ASF/common/services/usb/class/cdc/device/example2/sam3x8e_arduino_due_x/ui.o
                0x000801f0                ui_process
 .text.sysclk_enable_usb
                0x00080214       0x20 src/ASF/common/services/clock/sam3x/sysclk.o
                0x00080214                sysclk_enable_usb
 .text.sysclk_init
                0x00080234       0x64 src/ASF/common/services/clock/sam3x/sysclk.o
                0x00080234                sysclk_init
 .text.udi_cdc_comm_disable
                0x00080298       0x10 src/ASF/common/services/usb/class/cdc/device/udi_cdc.o
                0x00080298                udi_cdc_comm_disable
 .text.udi_cdc_data_setup
                0x000802a8        0x4 src/ASF/common/services/usb/class/cdc/device/udi_cdc.o
                0x000802a8                udi_cdc_data_setup
 .text.udi_cdc_getsetting
                0x000802ac        0x4 src/ASF/common/services/usb/class/cdc/device/udi_cdc.o
                0x000802ac                udi_cdc_getsetting
 .text.udi_cdc_line_coding_received
                0x000802b0       0x28 src/ASF/common/services/usb/class/cdc/device/udi_cdc.o
 .text.udi_cdc_comm_enable
                0x000802d8       0xa8 src/ASF/common/services/usb/class/cdc/device/udi_cdc.o
                0x000802d8                udi_cdc_comm_enable
 .text.udi_cdc_tx_send
                0x00080380      0x16c src/ASF/common/services/usb/class/cdc/device/udi_cdc.o
 .text.udi_cdc_data_sent
                0x000804ec       0x48 src/ASF/common/services/usb/class/cdc/device/udi_cdc.o
 .text.udi_cdc_data_sof_notify
                0x00080534       0x28 src/ASF/common/services/usb/class/cdc/device/udi_cdc.o
                0x00080534                udi_cdc_data_sof_notify
 .text.udi_cdc_ctrl_state_notify
                0x0008055c       0x6c src/ASF/common/services/usb/class/cdc/device/udi_cdc.o
 .text.udi_cdc_ctrl_state_change
                0x000805c8       0x6c src/ASF/common/services/usb/class/cdc/device/udi_cdc.o
 .text.udi_cdc_serial_state_msg_sent
                0x00080634       0x4c src/ASF/common/services/usb/class/cdc/device/udi_cdc.o
 .text.udi_cdc_data_disable
                0x00080680       0x28 src/ASF/common/services/usb/class/cdc/device/udi_cdc.o
                0x00080680                udi_cdc_data_disable
 .text.udi_cdc_comm_setup
                0x000806a8       0xb0 src/ASF/common/services/usb/class/cdc/device/udi_cdc.o
                0x000806a8                udi_cdc_comm_setup
 .text.udi_cdc_multi_signal_framing_error
                0x00080758       0x10 src/ASF/common/services/usb/class/cdc/device/udi_cdc.o
                0x00080758                udi_cdc_multi_signal_framing_error
 .text.udi_cdc_multi_signal_overrun
                0x00080768       0x10 src/ASF/common/services/usb/class/cdc/device/udi_cdc.o
                0x00080768                udi_cdc_multi_signal_overrun
 .text.udi_cdc_multi_get_nb_received_data
                0x00080778       0x58 src/ASF/common/services/usb/class/cdc/device/udi_cdc.o
                0x00080778                udi_cdc_multi_get_nb_received_data
 .text.udi_cdc_multi_is_rx_ready
                0x000807d0       0x14 src/ASF/common/services/usb/class/cdc/device/udi_cdc.o
                0x000807d0                udi_cdc_multi_is_rx_ready
 .text.udi_cdc_rx_start
                0x000807e4       0xdc src/ASF/common/services/usb/class/cdc/device/udi_cdc.o
 .text.udi_cdc_data_enable
                0x000808c0       0xb4 src/ASF/common/services/usb/class/cdc/device/udi_cdc.o
                0x000808c0                udi_cdc_data_enable
 .text.udi_cdc_data_received
                0x00080974       0x70 src/ASF/common/services/usb/class/cdc/device/udi_cdc.o
 .text.udi_cdc_multi_getc
                0x000809e4       0xd4 src/ASF/common/services/usb/class/cdc/device/udi_cdc.o
                0x000809e4                udi_cdc_multi_getc
 .text.udi_cdc_multi_get_free_tx_buffer
                0x00080ab8       0x84 src/ASF/common/services/usb/class/cdc/device/udi_cdc.o
                0x00080ab8                udi_cdc_multi_get_free_tx_buffer
 .text.udi_cdc_multi_is_tx_ready
                0x00080b3c       0x14 src/ASF/common/services/usb/class/cdc/device/udi_cdc.o
                0x00080b3c                udi_cdc_multi_is_tx_ready
 .text.udi_cdc_multi_putc
                0x00080b50       0xac src/ASF/common/services/usb/class/cdc/device/udi_cdc.o
                0x00080b50                udi_cdc_multi_putc
 .text.udc_next_desc_in_iface
                0x00080bfc       0x48 src/ASF/common/services/usb/udc/udc.o
 .text.udc_valid_address
                0x00080c44       0x18 src/ASF/common/services/usb/udc/udc.o
 .text.udc_update_iface_desc
                0x00080c5c       0x74 src/ASF/common/services/usb/udc/udc.o
 .text.udc_iface_disable
                0x00080cd0       0x6c src/ASF/common/services/usb/udc/udc.o
 .text.udc_iface_enable
                0x00080d3c       0x5c src/ASF/common/services/usb/udc/udc.o
 .text.udc_start
                0x00080d98        0xc src/ASF/common/services/usb/udc/udc.o
                0x00080d98                udc_start
 .text.udc_reset
                0x00080da4       0x48 src/ASF/common/services/usb/udc/udc.o
                0x00080da4                udc_reset
 .text.udc_sof_notify
                0x00080dec       0x40 src/ASF/common/services/usb/udc/udc.o
                0x00080dec                udc_sof_notify
 .text.udc_process_setup
                0x00080e2c      0x5a8 src/ASF/common/services/usb/udc/udc.o
                0x00080e2c                udc_process_setup
 .text.board_init
                0x000813d4       0xa0 src/ASF/sam/boards/arduino_due_x/init.o
                0x000813d4                board_init
 .text.LED_Off  0x00081474       0x3c src/ASF/sam/boards/arduino_due_x/led.o
                0x00081474                LED_Off
 .text.LED_On   0x000814b0       0x3c src/ASF/sam/boards/arduino_due_x/led.o
                0x000814b0                LED_On
 .text.pio_set_peripheral
                0x000814ec       0x3e src/ASF/sam/drivers/pio/pio.o
                0x000814ec                pio_set_peripheral
 .text.pio_set_input
                0x0008152a       0x32 src/ASF/sam/drivers/pio/pio.o
                0x0008152a                pio_set_input
 .text.pio_set_output
                0x0008155c       0x26 src/ASF/sam/drivers/pio/pio.o
                0x0008155c                pio_set_output
 .text.pio_get_interrupt_status
                0x00081582        0x4 src/ASF/sam/drivers/pio/pio.o
                0x00081582                pio_get_interrupt_status
 .text.pio_get_interrupt_mask
                0x00081586        0x4 src/ASF/sam/drivers/pio/pio.o
                0x00081586                pio_get_interrupt_mask
 .text.pio_set_pin_high
                0x0008158a       0x1a src/ASF/sam/drivers/pio/pio.o
                0x0008158a                pio_set_pin_high
 .text.pio_set_pin_low
                0x000815a4       0x1a src/ASF/sam/drivers/pio/pio.o
                0x000815a4                pio_set_pin_low
 *fill*         0x000815be        0x2 
 .text.pio_configure_pin
                0x000815c0       0xd0 src/ASF/sam/drivers/pio/pio.o
                0x000815c0                pio_configure_pin
 .text.pio_configure_pin_group
                0x00081690       0x9c src/ASF/sam/drivers/pio/pio.o
                0x00081690                pio_configure_pin_group
 .text.pio_handler_process
                0x0008172c       0x50 src/ASF/sam/drivers/pio/pio_handler.o
                0x0008172c                pio_handler_process
 .text.PIOA_Handler
                0x0008177c       0x14 src/ASF/sam/drivers/pio/pio_handler.o
                0x0008177c                PIOA_Handler
 .text.PIOB_Handler
                0x00081790       0x14 src/ASF/sam/drivers/pio/pio_handler.o
                0x00081790                PIOB_Handler
 .text.PIOC_Handler
                0x000817a4       0x14 src/ASF/sam/drivers/pio/pio_handler.o
                0x000817a4                PIOC_Handler
 .text.PIOD_Handler
                0x000817b8       0x14 src/ASF/sam/drivers/pio/pio_handler.o
                0x000817b8                PIOD_Handler
 .text.pmc_switch_mck_to_pllack
                0x000817cc       0x64 src/ASF/sam/drivers/pmc/pmc.o
                0x000817cc                pmc_switch_mck_to_pllack
 .text.pmc_switch_mainck_to_xtal
                0x00081830       0x54 src/ASF/sam/drivers/pmc/pmc.o
                0x00081830                pmc_switch_mainck_to_xtal
 .text.pmc_osc_is_ready_mainck
                0x00081884       0x10 src/ASF/sam/drivers/pmc/pmc.o
                0x00081884                pmc_osc_is_ready_mainck
 .text.pmc_disable_pllack
                0x00081894       0x10 src/ASF/sam/drivers/pmc/pmc.o
                0x00081894                pmc_disable_pllack
 .text.pmc_is_locked_pllack
                0x000818a4       0x10 src/ASF/sam/drivers/pmc/pmc.o
                0x000818a4                pmc_is_locked_pllack
 .text.pmc_enable_upll_clock
                0x000818b4       0x18 src/ASF/sam/drivers/pmc/pmc.o
                0x000818b4                pmc_enable_upll_clock
 .text.pmc_disable_upll_clock
                0x000818cc       0x10 src/ASF/sam/drivers/pmc/pmc.o
                0x000818cc                pmc_disable_upll_clock
 .text.pmc_enable_periph_clk
                0x000818dc       0x20 src/ASF/sam/drivers/pmc/pmc.o
                0x000818dc                pmc_enable_periph_clk
 .text.pmc_switch_udpck_to_upllck
                0x000818fc       0x14 src/ASF/sam/drivers/pmc/pmc.o
                0x000818fc                pmc_switch_udpck_to_upllck
 .text.pmc_enable_udpck
                0x00081910        0xc src/ASF/sam/drivers/pmc/pmc.o
                0x00081910                pmc_enable_udpck
 .text.pmc_set_fast_startup_input
                0x0008191c       0x14 src/ASF/sam/drivers/pmc/pmc.o
                0x0008191c                pmc_set_fast_startup_input
 .text.pmc_enable_waitmode
                0x00081930       0x38 src/ASF/sam/drivers/pmc/pmc.o
                0x00081930                pmc_enable_waitmode
 .text.pmc_sleep
                0x00081968      0x2b4 src/ASF/sam/drivers/pmc/sleep.o
                0x00081968                pmc_sleep
 .text.pmc_is_wakeup_clocks_restored
                0x00081c1c       0x10 src/ASF/sam/drivers/pmc/sleep.o
                0x00081c1c                pmc_is_wakeup_clocks_restored
 .text.udd_ctrl_init
                0x00081c2c       0x5c src/ASF/sam/drivers/uotghs/uotghs_device.o
 .text.udd_ctrl_stall_data
                0x00081c88       0x18 src/ASF/sam/drivers/uotghs/uotghs_device.o
 .text.udd_ctrl_send_zlp_in
                0x00081ca0       0x54 src/ASF/sam/drivers/uotghs/uotghs_device.o
 .text.udd_ctrl_endofrequest
                0x00081cf4       0x10 src/ASF/sam/drivers/uotghs/uotghs_device.o
 .text.udd_ctrl_in_sent
                0x00081d04      0x17c src/ASF/sam/drivers/uotghs/uotghs_device.o
 .text.udd_ep_finish_job
                0x00081e80       0x38 src/ASF/sam/drivers/uotghs/uotghs_device.o
 .text.udd_ep_trans_done
                0x00081eb8      0x1a8 src/ASF/sam/drivers/uotghs/uotghs_device.o
 .text.udd_sleep_mode
                0x00082060       0xa4 src/ASF/sam/drivers/uotghs/uotghs_device.o
 .text.udd_enable
                0x00082104      0x18c src/ASF/sam/drivers/uotghs/uotghs_device.o
                0x00082104                udd_enable
 .text.udd_attach
                0x00082290       0x8c src/ASF/sam/drivers/uotghs/uotghs_device.o
                0x00082290                udd_attach
 .text.udd_detach
                0x0008231c       0x34 src/ASF/sam/drivers/uotghs/uotghs_device.o
                0x0008231c                udd_detach
 .text.UOTGHS_Handler
                0x00082350      0x62c src/ASF/sam/drivers/uotghs/uotghs_device.o
                0x00082350                UOTGHS_Handler
 .text.udd_is_high_speed
                0x0008297c       0x14 src/ASF/sam/drivers/uotghs/uotghs_device.o
                0x0008297c                udd_is_high_speed
 .text.udd_set_address
                0x00082990       0x28 src/ASF/sam/drivers/uotghs/uotghs_device.o
                0x00082990                udd_set_address
 .text.udd_getaddress
                0x000829b8       0x10 src/ASF/sam/drivers/uotghs/uotghs_device.o
                0x000829b8                udd_getaddress
 .text.udd_get_frame_number
                0x000829c8       0x10 src/ASF/sam/drivers/uotghs/uotghs_device.o
                0x000829c8                udd_get_frame_number
 .text.udd_get_micro_frame_number
                0x000829d8       0x10 src/ASF/sam/drivers/uotghs/uotghs_device.o
                0x000829d8                udd_get_micro_frame_number
 .text.udd_set_setup_payload
                0x000829e8        0xc src/ASF/sam/drivers/uotghs/uotghs_device.o
                0x000829e8                udd_set_setup_payload
 .text.udd_ep_free
                0x000829f4       0x5c src/ASF/sam/drivers/uotghs/uotghs_device.o
                0x000829f4                udd_ep_free
 .text.udd_ep_is_halted
                0x00082a50       0x14 src/ASF/sam/drivers/uotghs/uotghs_device.o
                0x00082a50                udd_ep_is_halted
 .text.udd_ep_set_halt
                0x00082a64      0x100 src/ASF/sam/drivers/uotghs/uotghs_device.o
                0x00082a64                udd_ep_set_halt
 .text.udd_ep_clear_halt
                0x00082b64       0xdc src/ASF/sam/drivers/uotghs/uotghs_device.o
                0x00082b64                udd_ep_clear_halt
 .text.udd_ep_run
                0x00082c40       0xfc src/ASF/sam/drivers/uotghs/uotghs_device.o
                0x00082c40                udd_ep_run
 .text.udd_ep_alloc
                0x00082d3c      0x1f4 src/ASF/sam/drivers/uotghs/uotghs_device.o
                0x00082d3c                udd_ep_alloc
 .text.udd_ep_abort
                0x00082f30       0x80 src/ASF/sam/drivers/uotghs/uotghs_device.o
                0x00082f30                udd_ep_abort
 .text.udd_test_mode_j
                0x00082fb0       0x1c src/ASF/sam/drivers/uotghs/uotghs_device.o
                0x00082fb0                udd_test_mode_j
 .text.udd_test_mode_k
                0x00082fcc       0x1c src/ASF/sam/drivers/uotghs/uotghs_device.o
                0x00082fcc                udd_test_mode_k
 .text.udd_test_mode_se0_nak
                0x00082fe8       0x14 src/ASF/sam/drivers/uotghs/uotghs_device.o
                0x00082fe8                udd_test_mode_se0_nak
 .text.udd_test_mode_packet
                0x00082ffc       0x98 src/ASF/sam/drivers/uotghs/uotghs_device.o
                0x00082ffc                udd_test_mode_packet
 .text.usart_set_async_baudrate
                0x00083094       0x58 src/ASF/sam/drivers/usart/usart.o
                0x00083094                usart_set_async_baudrate
 .text.usart_reset
                0x000830ec       0x28 src/ASF/sam/drivers/usart/usart.o
                0x000830ec                usart_reset
 .text.usart_init_rs232
                0x00083114       0x54 src/ASF/sam/drivers/usart/usart.o
                0x00083114                usart_init_rs232
 .text.usart_enable_tx
                0x00083168        0x6 src/ASF/sam/drivers/usart/usart.o
                0x00083168                usart_enable_tx
 .text.usart_disable_tx
                0x0008316e        0x6 src/ASF/sam/drivers/usart/usart.o
                0x0008316e                usart_disable_tx
 .text.usart_enable_rx
                0x00083174        0x6 src/ASF/sam/drivers/usart/usart.o
                0x00083174                usart_enable_rx
 .text.usart_reset_rx
                0x0008317a        0x6 src/ASF/sam/drivers/usart/usart.o
                0x0008317a                usart_reset_rx
 .text.usart_enable_interrupt
                0x00083180        0x4 src/ASF/sam/drivers/usart/usart.o
                0x00083180                usart_enable_interrupt
 .text.usart_disable_interrupt
                0x00083184        0x4 src/ASF/sam/drivers/usart/usart.o
                0x00083184                usart_disable_interrupt
 .text.usart_get_interrupt_mask
                0x00083188        0x4 src/ASF/sam/drivers/usart/usart.o
                0x00083188                usart_get_interrupt_mask
 .text.usart_get_status
                0x0008318c        0x4 src/ASF/sam/drivers/usart/usart.o
                0x0008318c                usart_get_status
 .text.usart_write
                0x00083190       0x14 src/ASF/sam/drivers/usart/usart.o
                0x00083190                usart_write
 .text.usart_read
                0x000831a4       0x18 src/ASF/sam/drivers/usart/usart.o
                0x000831a4                usart_read
 .text.Dummy_Handler
                0x000831bc        0x2 src/ASF/sam/utils/cmsis/sam3x/source/templates/exceptions.o
                0x000831bc                DACC_Handler
                0x000831bc                DebugMon_Handler
                0x000831bc                DMAC_Handler
                0x000831bc                TRNG_Handler
                0x000831bc                HardFault_Handler
                0x000831bc                TC2_Handler
                0x000831bc                SysTick_Handler
                0x000831bc                USART3_Handler
                0x000831bc                TWI1_Handler
                0x000831bc                PendSV_Handler
                0x000831bc                NMI_Handler
                0x000831bc                TC7_Handler
                0x000831bc                ADC_Handler
                0x000831bc                SMC_Handler
                0x000831bc                RTT_Handler
                0x000831bc                EFC1_Handler
                0x000831bc                RTC_Handler
                0x000831bc                UsageFault_Handler
                0x000831bc                TC6_Handler
                0x000831bc                WDT_Handler
                0x000831bc                CAN0_Handler
                0x000831bc                TC4_Handler
                0x000831bc                TC1_Handler
                0x000831bc                HSMCI_Handler
                0x000831bc                TC3_Handler
                0x000831bc                Dummy_Handler
                0x000831bc                TWI0_Handler
                0x000831bc                SSC_Handler
                0x000831bc                EFC0_Handler
                0x000831bc                PMC_Handler
                0x000831bc                PWM_Handler
                0x000831bc                CAN1_Handler
                0x000831bc                MemManage_Handler
                0x000831bc                SUPC_Handler
                0x000831bc                SVC_Handler
                0x000831bc                TC8_Handler
                0x000831bc                USART2_Handler
                0x000831bc                EMAC_Handler
                0x000831bc                UART_Handler
                0x000831bc                BusFault_Handler
                0x000831bc                RSTC_Handler
                0x000831bc                TC0_Handler
                0x000831bc                TC5_Handler
                0x000831bc                SPI0_Handler
 *fill*         0x000831be        0x2 
 .text.Reset_Handler
                0x000831c0       0x98 src/ASF/sam/utils/cmsis/sam3x/source/templates/gcc/startup_sam3x.o
                0x000831c0                Reset_Handler
 .text.SystemCoreClockUpdate
                0x00083258      0x118 src/ASF/sam/utils/cmsis/sam3x/source/templates/system_sam3x.o
                0x00083258                SystemCoreClockUpdate
 .text.main     0x00083370       0x98 src/main.o
                0x00083370                main
 .text.main_suspend_action
                0x00083408        0xc src/main.o
                0x00083408                main_suspend_action
 .text.main_resume_action
                0x00083414        0xc src/main.o
                0x00083414                main_resume_action
 .text.main_sof_action
                0x00083420       0x20 src/main.o
                0x00083420                main_sof_action
 .text.main_cdc_enable
                0x00083440       0x18 src/main.o
                0x00083440                main_cdc_enable
 .text.main_cdc_disable
                0x00083458       0x18 src/main.o
                0x00083458                main_cdc_disable
 .text.main_cdc_set_dtr
                0x00083470       0x18 src/main.o
                0x00083470                main_cdc_set_dtr
 .text.usart_handler
                0x00083488      0x100 src/uart_sam.o
 .text.USART1_Handler
                0x00083588       0x10 src/uart_sam.o
                0x00083588                USART1_Handler
 .text.USART0_Handler
                0x00083598       0x10 src/uart_sam.o
                0x00083598                USART0_Handler
 .text.uart_rx_notify
                0x000835a8       0x44 src/uart_sam.o
                0x000835a8                uart_rx_notify
 .text.uart_config
                0x000835ec       0xc8 src/uart_sam.o
                0x000835ec                uart_config
 .text.uart_open
                0x000836b4       0x90 src/uart_sam.o
                0x000836b4                uart_open
 .text.uart_close
                0x00083744       0x30 src/uart_sam.o
                0x00083744                uart_close
 .text.__libc_init_array
                0x00083774       0x50 c:/program files (x86)/atmel/studio/7.0/toolchain/arm/arm-gnu-toolchain/bin/../lib/gcc/arm-none-eabi/6.3.1/../../../../arm-none-eabi/lib/thumb/v7-m\libc.a(lib_a-init.o)
                0x00083774                __libc_init_array
 .text.startup.register_fini
                0x000837c4       0x14 c:/program files (x86)/atmel/studio/7.0/toolchain/arm/arm-gnu-toolchain/bin/../lib/gcc/arm-none-eabi/6.3.1/../../../../arm-none-eabi/lib/thumb/v7-m\libc.a(lib_a-__call_atexit.o)
 .text.atexit   0x000837d8        0xc c:/program files (x86)/atmel/studio/7.0/toolchain/arm/arm-gnu-toolchain/bin/../lib/gcc/arm-none-eabi/6.3.1/../../../../arm-none-eabi/lib/thumb/v7-m\libc.a(lib_a-atexit.o)
                0x000837d8                atexit
 .text.__libc_fini_array
                0x000837e4       0x34 c:/program files (x86)/atmel/studio/7.0/toolchain/arm/arm-gnu-toolchain/bin/../lib/gcc/arm-none-eabi/6.3.1/../../../../arm-none-eabi/lib/thumb/v7-m\libc.a(lib_a-fini.o)
                0x000837e4                __libc_fini_array
 .text.__retarget_lock_acquire_recursive
                0x00083818        0x4 c:/program files (x86)/atmel/studio/7.0/toolchain/arm/arm-gnu-toolchain/bin/../lib/gcc/arm-none-eabi/6.3.1/../../../../arm-none-eabi/lib/thumb/v7-m\libc.a(lib_a-lock.o)
                0x00083818                __retarget_lock_acquire_recursive
 .text.__retarget_lock_release_recursive
                0x0008381c        0x4 c:/program files (x86)/atmel/studio/7.0/toolchain/arm/arm-gnu-toolchain/bin/../lib/gcc/arm-none-eabi/6.3.1/../../../../arm-none-eabi/lib/thumb/v7-m\libc.a(lib_a-lock.o)
                0x0008381c                __retarget_lock_release_recursive
 .text.__register_exitproc
                0x00083820       0xc4 c:/program files (x86)/atmel/studio/7.0/toolchain/arm/arm-gnu-toolchain/bin/../lib/gcc/arm-none-eabi/6.3.1/../../../../arm-none-eabi/lib/thumb/v7-m\libc.a(lib_a-__atexit.o)
                0x00083820                __register_exitproc
 *(.glue_7t)
 .glue_7t       0x000838e4        0x0 linker stubs
 *(.glue_7)
 .glue_7        0x000838e4        0x0 linker stubs
 *(.rodata .rodata* .gnu.linkonce.r.*)
 .rodata.LED_DESCRIPTOR
                0x000838e4       0x20 src/ASF/sam/boards/arduino_due_x/led.o
 .rodata        0x00083904       0x35 src/ASF/sam/drivers/uotghs/uotghs_device.o
 *fill*         0x00083939        0x3 
 .rodata._global_impure_ptr
                0x0008393c        0x4 c:/program files (x86)/atmel/studio/7.0/toolchain/arm/arm-gnu-toolchain/bin/../lib/gcc/arm-none-eabi/6.3.1/../../../../arm-none-eabi/lib/thumb/v7-m\libc.a(lib_a-impure.o)
                0x0008393c                _global_impure_ptr
 *(.ARM.extab* .gnu.linkonce.armextab.*)
                0x00083940                . = ALIGN (0x4)
 *(.init)
 .init          0x00083940        0x4 c:/program files (x86)/atmel/studio/7.0/toolchain/arm/arm-gnu-toolchain/bin/../lib/gcc/arm-none-eabi/6.3.1/thumb/v7-m/crti.o
                0x00083940                _init
 .init          0x00083944        0x8 c:/program files (x86)/atmel/studio/7.0/toolchain/arm/arm-gnu-toolchain/bin/../lib/gcc/arm-none-eabi/6.3.1/thumb/v7-m/crtn.o
                0x0008394c                . = ALIGN (0x4)
                0x0008394c                __preinit_array_start = .
 *(.preinit_array)
                0x0008394c                __preinit_array_end = .
                0x0008394c                . = ALIGN (0x4)
                0x0008394c                __init_array_start = .
 *(SORT(.init_array.*))
 .init_array.00000
                0x0008394c        0x4 c:/program files (x86)/atmel/studio/7.0/toolchain/arm/arm-gnu-toolchain/bin/../lib/gcc/arm-none-eabi/6.3.1/../../../../arm-none-eabi/lib/thumb/v7-m\libc.a(lib_a-__call_atexit.o)
 *(.init_array)
 .init_array    0x00083950        0x4 c:/program files (x86)/atmel/studio/7.0/toolchain/arm/arm-gnu-toolchain/bin/../lib/gcc/arm-none-eabi/6.3.1/thumb/v7-m/crtbegin.o
                0x00083954                __init_array_end = .
                0x00083954                . = ALIGN (0x4)
 *crtbegin.o(.ctors)
 *(EXCLUDE_FILE(*crtend.o) .ctors)
 *(SORT(.ctors.*))
 *crtend.o(.ctors)
                0x00083954                . = ALIGN (0x4)
 *(.fini)
 .fini          0x00083954        0x4 c:/program files (x86)/atmel/studio/7.0/toolchain/arm/arm-gnu-toolchain/bin/../lib/gcc/arm-none-eabi/6.3.1/thumb/v7-m/crti.o
                0x00083954                _fini
 .fini          0x00083958        0x8 c:/program files (x86)/atmel/studio/7.0/toolchain/arm/arm-gnu-toolchain/bin/../lib/gcc/arm-none-eabi/6.3.1/thumb/v7-m/crtn.o
                0x00083960                . = ALIGN (0x4)
                0x00083960                __fini_array_start = .
 *(.fini_array)
 .fini_array    0x00083960        0x4 c:/program files (x86)/atmel/studio/7.0/toolchain/arm/arm-gnu-toolchain/bin/../lib/gcc/arm-none-eabi/6.3.1/thumb/v7-m/crtbegin.o
 *(SORT(.fini_array.*))
                0x00083964                __fini_array_end = .
 *crtbegin.o(.dtors)
 *(EXCLUDE_FILE(*crtend.o) .dtors)
 *(SORT(.dtors.*))
 *crtend.o(.dtors)
                0x00083964                . = ALIGN (0x4)
                0x00083964                _efixed = .
                [!provide]                PROVIDE (__exidx_start, .)

.vfp11_veneer   0x00083964        0x0
 .vfp11_veneer  0x00083964        0x0 linker stubs

.v4_bx          0x00083964        0x0
 .v4_bx         0x00083964        0x0 linker stubs

.iplt           0x00083964        0x0
 .iplt          0x00083964        0x0 c:/program files (x86)/atmel/studio/7.0/toolchain/arm/arm-gnu-toolchain/bin/../lib/gcc/arm-none-eabi/6.3.1/thumb/v7-m/crtbegin.o

.eh_frame       0x00083964        0x0
 .eh_frame      0x00083964        0x0 c:/program files (x86)/atmel/studio/7.0/toolchain/arm/arm-gnu-toolchain/bin/../lib/gcc/arm-none-eabi/6.3.1/thumb/v7-m/crtbegin.o

.rel.dyn        0x00083964        0x0
 .rel.iplt      0x00083964        0x0 c:/program files (x86)/atmel/studio/7.0/toolchain/arm/arm-gnu-toolchain/bin/../lib/gcc/arm-none-eabi/6.3.1/thumb/v7-m/crtbegin.o

.jcr            0x00083964        0x0
 .jcr           0x00083964        0x0 c:/program files (x86)/atmel/studio/7.0/toolchain/arm/arm-gnu-toolchain/bin/../lib/gcc/arm-none-eabi/6.3.1/thumb/v7-m/crtbegin.o

.igot.plt       0x00083964        0x0
 .igot.plt      0x00083964        0x0 c:/program files (x86)/atmel/studio/7.0/toolchain/arm/arm-gnu-toolchain/bin/../lib/gcc/arm-none-eabi/6.3.1/thumb/v7-m/crtbegin.o

.ARM.exidx
 *(.ARM.exidx* .gnu.linkonce.armexidx.*)
                [!provide]                PROVIDE (__exidx_end, .)
                0x00083964                . = ALIGN (0x4)
                0x00083964                _etext = .

.relocate       0x20070000      0x754 load address 0x00083964
                0x20070000                . = ALIGN (0x4)
                0x20070000                _srelocate = .
 *(.ramfunc .ramfunc.*)
 .ramfunc       0x20070000      0x12c src/ASF/sam/utils/cmsis/sam3x/source/templates/system_sam3x.o
                0x20070000                SystemInit
                0x200700a4                system_init_flash
 *(.data .data.*)
 .data.udi_api_cdc_comm
                0x2007012c       0x14 src/ASF/common/services/usb/class/cdc/device/udi_cdc.o
                0x2007012c                udi_api_cdc_comm
 .data.udi_api_cdc_data
                0x20070140       0x14 src/ASF/common/services/usb/class/cdc/device/udi_cdc.o
                0x20070140                udi_api_cdc_data
 .data.udc_config
                0x20070154       0x18 src/ASF/common/services/usb/class/cdc/device/udi_cdc_desc.o
                0x20070154                udc_config
 .data.udc_config_fs
                0x2007016c        0x8 src/ASF/common/services/usb/class/cdc/device/udi_cdc_desc.o
                0x2007016c                udc_config_fs
 .data.udc_config_hs
                0x20070174        0x8 src/ASF/common/services/usb/class/cdc/device/udi_cdc_desc.o
                0x20070174                udc_config_hs
 .data.udc_desc_fs
                0x2007017c       0x8d src/ASF/common/services/usb/class/cdc/device/udi_cdc_desc.o
                0x2007017c                udc_desc_fs
 *fill*         0x20070209        0x3 
 .data.udc_desc_hs
                0x2007020c       0x8d src/ASF/common/services/usb/class/cdc/device/udi_cdc_desc.o
                0x2007020c                udc_desc_hs
 *fill*         0x20070299        0x3 
 .data.udc_device_desc
                0x2007029c       0x12 src/ASF/common/services/usb/class/cdc/device/udi_cdc_desc.o
                0x2007029c                udc_device_desc
 *fill*         0x200702ae        0x2 
 .data.udc_device_qual
                0x200702b0        0xa src/ASF/common/services/usb/class/cdc/device/udi_cdc_desc.o
                0x200702b0                udc_device_qual
 *fill*         0x200702ba        0x2 
 .data.udi_apis
                0x200702bc       0x10 src/ASF/common/services/usb/class/cdc/device/udi_cdc_desc.o
                0x200702bc                udi_apis
 .data.udc_string_desc
                0x200702cc       0x28 src/ASF/common/services/usb/udc/udc.o
 .data.udc_string_desc_languageid
                0x200702f4        0x4 src/ASF/common/services/usb/udc/udc.o
 .data.udc_string_manufacturer_name
                0x200702f8       0x10 src/ASF/common/services/usb/udc/udc.o
 .data.udc_string_product_name
                0x20070308       0x14 src/ASF/common/services/usb/udc/udc.o
 .data.g_interrupt_enabled
                0x2007031c        0x1 src/ASF/common/utils/interrupt/interrupt_sam_nvic.o
                0x2007031c                g_interrupt_enabled
 *fill*         0x2007031d        0x3 
 .data.SystemCoreClock
                0x20070320        0x4 src/ASF/sam/utils/cmsis/sam3x/source/templates/system_sam3x.o
                0x20070320                SystemCoreClock
 *fill*         0x20070324        0x4 
 .data.impure_data
                0x20070328      0x428 c:/program files (x86)/atmel/studio/7.0/toolchain/arm/arm-gnu-toolchain/bin/../lib/gcc/arm-none-eabi/6.3.1/../../../../arm-none-eabi/lib/thumb/v7-m\libc.a(lib_a-impure.o)
 .data.__atexit_recursive_mutex
                0x20070750        0x4 c:/program files (x86)/atmel/studio/7.0/toolchain/arm/arm-gnu-toolchain/bin/../lib/gcc/arm-none-eabi/6.3.1/../../../../arm-none-eabi/lib/thumb/v7-m\libc.a(lib_a-__call_atexit.o)
                0x20070750                __atexit_recursive_mutex
                0x20070754                . = ALIGN (0x4)
                0x20070754                _erelocate = .

.bss            0x20070754     0x1208 load address 0x000840b8
                0x20070754                . = ALIGN (0x4)
                0x20070754                _sbss = .
                0x20070754                _szero = .
 *(.bss .bss.*)
 .bss           0x20070754       0x1c c:/program files (x86)/atmel/studio/7.0/toolchain/arm/arm-gnu-toolchain/bin/../lib/gcc/arm-none-eabi/6.3.1/thumb/v7-m/crtbegin.o
 .bss.port_notify.7917
                0x20070770        0x1 src/ASF/common/services/usb/class/cdc/device/udi_cdc.o
 *fill*         0x20070771        0x1 
 .bss.sof_zlp_counter.7993
                0x20070772        0x2 src/ASF/common/services/usb/class/cdc/device/udi_cdc.o
 .bss.udi_cdc_data_running
                0x20070774        0x1 src/ASF/common/services/usb/class/cdc/device/udi_cdc.o
 *fill*         0x20070775        0x3 
 .bss.udi_cdc_line_coding
                0x20070778        0xe src/ASF/common/services/usb/class/cdc/device/udi_cdc.o
 .bss.udi_cdc_nb_comm_enabled
                0x20070786        0x1 src/ASF/common/services/usb/class/cdc/device/udi_cdc.o
 .bss.udi_cdc_nb_data_enabled
                0x20070787        0x1 src/ASF/common/services/usb/class/cdc/device/udi_cdc.o
 .bss.udi_cdc_rx_buf
                0x20070788      0x800 src/ASF/common/services/usb/class/cdc/device/udi_cdc.o
 .bss.udi_cdc_rx_buf_nb
                0x20070f88        0x8 src/ASF/common/services/usb/class/cdc/device/udi_cdc.o
 .bss.udi_cdc_rx_buf_sel
                0x20070f90        0x2 src/ASF/common/services/usb/class/cdc/device/udi_cdc.o
 *fill*         0x20070f92        0x2 
 .bss.udi_cdc_rx_pos
                0x20070f94        0x4 src/ASF/common/services/usb/class/cdc/device/udi_cdc.o
 .bss.udi_cdc_rx_trans_ongoing
                0x20070f98        0x2 src/ASF/common/services/usb/class/cdc/device/udi_cdc.o
 *fill*         0x20070f9a        0x2 
 .bss.udi_cdc_serial_state_msg_ongoing
                0x20070f9c        0x2 src/ASF/common/services/usb/class/cdc/device/udi_cdc.o
 *fill*         0x20070f9e        0x2 
 .bss.udi_cdc_state
                0x20070fa0        0x4 src/ASF/common/services/usb/class/cdc/device/udi_cdc.o
 .bss.udi_cdc_tx_both_buf_to_send
                0x20070fa4        0x2 src/ASF/common/services/usb/class/cdc/device/udi_cdc.o
 *fill*         0x20070fa6        0x2 
 .bss.udi_cdc_tx_buf
                0x20070fa8      0x800 src/ASF/common/services/usb/class/cdc/device/udi_cdc.o
 .bss.udi_cdc_tx_buf_nb
                0x200717a8        0x8 src/ASF/common/services/usb/class/cdc/device/udi_cdc.o
 .bss.udi_cdc_tx_buf_sel
                0x200717b0        0x2 src/ASF/common/services/usb/class/cdc/device/udi_cdc.o
 *fill*         0x200717b2        0x2 
 .bss.udi_cdc_tx_sof_num
                0x200717b4        0x4 src/ASF/common/services/usb/class/cdc/device/udi_cdc.o
 .bss.udi_cdc_tx_trans_ongoing
                0x200717b8        0x2 src/ASF/common/services/usb/class/cdc/device/udi_cdc.o
 *fill*         0x200717ba        0x2 
 .bss.uid_cdc_state_msg
                0x200717bc       0x14 src/ASF/common/services/usb/class/cdc/device/udi_cdc.o
 .bss.udc_device_status
                0x200717d0        0x2 src/ASF/common/services/usb/udc/udc.o
 .bss.udc_ep_status.7629
                0x200717d2        0x2 src/ASF/common/services/usb/udc/udc.o
 .bss.udc_iface_setting
                0x200717d4        0x1 src/ASF/common/services/usb/udc/udc.o
 *fill*         0x200717d5        0x3 
 .bss.udc_num_configuration
                0x200717d8        0x1 src/ASF/common/services/usb/udc/udc.o
 *fill*         0x200717d9        0x3 
 .bss.udc_ptr_conf
                0x200717dc        0x4 src/ASF/common/services/usb/udc/udc.o
 .bss.udc_ptr_iface
                0x200717e0        0x4 src/ASF/common/services/usb/udc/udc.o
 .bss.gs_interrupt_sources
                0x200717e4       0x70 src/ASF/sam/drivers/pio/pio_handler.o
 .bss.b_is_sleep_clock_used
                0x20071854        0x1 src/ASF/sam/drivers/pmc/sleep.o
 *fill*         0x20071855        0x3 
 .bss.callback_clocks_restored
                0x20071858        0x4 src/ASF/sam/drivers/pmc/sleep.o
 .bss.b_shortpacket.8340
                0x2007185c        0x1 src/ASF/sam/drivers/uotghs/uotghs_device.o
 .bss.udd_b_idle
                0x2007185d        0x1 src/ASF/sam/drivers/uotghs/uotghs_device.o
 .bss.udd_b_sleep_initialized
                0x2007185e        0x1 src/ASF/sam/drivers/uotghs/uotghs_device.o
 *fill*         0x2007185f        0x1 
 .bss.udd_ctrl_payload_buf_cnt
                0x20071860        0x2 src/ASF/sam/drivers/uotghs/uotghs_device.o
 .bss.udd_ctrl_prev_payload_buf_cnt
                0x20071862        0x2 src/ASF/sam/drivers/uotghs/uotghs_device.o
 .bss.udd_ep_control_state
                0x20071864        0x1 src/ASF/sam/drivers/uotghs/uotghs_device.o
 *fill*         0x20071865        0x3 
 .bss.udd_ep_job
                0x20071868       0x90 src/ASF/sam/drivers/uotghs/uotghs_device.o
 .bss.ul_reg_val.7444
                0x200718f8        0x4 src/ASF/sam/drivers/usart/usart.o
 .bss.main_b_cdc_enable
                0x200718fc        0x1 src/main.o
 *fill*         0x200718fd        0x3 
 .bss.usart_options
                0x20071900       0x18 src/uart_sam.o
 *(COMMON)
 COMMON         0x20071918        0x6 src/ASF/common/services/sleepmgr/sam/sleepmgr.o
                0x20071918                sleepmgr_locks
 *fill*         0x2007191e        0x2 
 COMMON         0x20071920       0x18 src/ASF/sam/drivers/uotghs/uotghs_device.o
                0x20071920                udd_g_ctrlreq
 COMMON         0x20071938       0x21 c:/program files (x86)/atmel/studio/7.0/toolchain/arm/arm-gnu-toolchain/bin/../lib/gcc/arm-none-eabi/6.3.1/../../../../arm-none-eabi/lib/thumb/v7-m\libc.a(lib_a-lock.o)
                0x20071938                __lock___atexit_recursive_mutex
                0x2007193c                __lock___arc4random_mutex
                0x20071940                __lock___env_recursive_mutex
                0x20071944                __lock___sinit_recursive_mutex
                0x20071948                __lock___malloc_recursive_mutex
                0x2007194c                __lock___at_quick_exit_mutex
                0x20071950                __lock___dd_hash_mutex
                0x20071954                __lock___tz_mutex
                0x20071958                __lock___sfp_recursive_mutex
                0x2007195c                . = ALIGN (0x4)
 *fill*         0x20071959        0x3 
                0x2007195c                _ebss = .
                0x2007195c                _ezero = .

.stack          0x2007195c     0x2004 load address 0x000852c0
                0x20071960                . = ALIGN (0x8)
 *fill*         0x2007195c        0x4 
                0x20071960                _sstack = .
                0x20073960                . = (. + __stack_size__)
 *fill*         0x20071960     0x2000 
                0x20073960                . = ALIGN (0x8)
                0x20073960                _estack = .
                0x20073960                . = ALIGN (0x4)
                0x20073960                _end = .
OUTPUT(USB_uart_manchester.elf elf32-littlearm)

.ARM.attributes
                0x00000000       0x29
 .ARM.attributes
                0x00000000       0x1d c:/program files (x86)/atmel/studio/7.0/toolchain/arm/arm-gnu-toolchain/bin/../lib/gcc/arm-none-eabi/6.3.1/thumb/v7-m/crti.o
 .ARM.attributes
                0x0000001d       0x2d c:/program files (x86)/atmel/studio/7.0/toolchain/arm/arm-gnu-toolchain/bin/../lib/gcc/arm-none-eabi/6.3.1/thumb/v7-m/crtbegin.o
 .ARM.attributes
                0x0000004a       0x33 src/ASF/common/services/usb/class/cdc/device/example2/sam3x8e_arduino_due_x/ui.o
 .ARM.attributes
                0x0000007d       0x33 src/ASF/common/services/clock/sam3x/sysclk.o
 .ARM.attributes
                0x000000b0       0x33 src/ASF/common/services/sleepmgr/sam/sleepmgr.o
 .ARM.attributes
                0x000000e3       0x33 src/ASF/common/services/usb/class/cdc/device/udi_cdc.o
 .ARM.attributes
                0x00000116       0x33 src/ASF/common/services/usb/class/cdc/device/udi_cdc_desc.o
 .ARM.attributes
                0x00000149       0x33 src/ASF/common/services/usb/udc/udc.o
 .ARM.attributes
                0x0000017c       0x33 src/ASF/common/utils/interrupt/interrupt_sam_nvic.o
 .ARM.attributes
                0x000001af       0x33 src/ASF/sam/boards/arduino_due_x/init.o
 .ARM.attributes
                0x000001e2       0x33 src/ASF/sam/boards/arduino_due_x/led.o
 .ARM.attributes
                0x00000215       0x33 src/ASF/sam/drivers/pio/pio.o
 .ARM.attributes
                0x00000248       0x33 src/ASF/sam/drivers/pio/pio_handler.o
 .ARM.attributes
                0x0000027b       0x33 src/ASF/sam/drivers/pmc/pmc.o
 .ARM.attributes
                0x000002ae       0x33 src/ASF/sam/drivers/pmc/sleep.o
 .ARM.attributes
                0x000002e1       0x33 src/ASF/sam/drivers/uotghs/uotghs_device.o
 .ARM.attributes
                0x00000314       0x33 src/ASF/sam/drivers/usart/usart.o
 .ARM.attributes
                0x00000347       0x33 src/ASF/sam/utils/cmsis/sam3x/source/templates/exceptions.o
 .ARM.attributes
                0x0000037a       0x33 src/ASF/sam/utils/cmsis/sam3x/source/templates/gcc/startup_sam3x.o
 .ARM.attributes
                0x000003ad       0x33 src/ASF/sam/utils/cmsis/sam3x/source/templates/system_sam3x.o
 .ARM.attributes
                0x000003e0       0x33 src/main.o
 .ARM.attributes
                0x00000413       0x33 src/uart_sam.o
 .ARM.attributes
                0x00000446       0x2d c:/program files (x86)/atmel/studio/7.0/toolchain/arm/arm-gnu-toolchain/bin/../lib/gcc/arm-none-eabi/6.3.1/../../../../arm-none-eabi/lib/thumb/v7-m\libc.a(lib_a-impure.o)
 .ARM.attributes
                0x00000473       0x2d c:/program files (x86)/atmel/studio/7.0/toolchain/arm/arm-gnu-toolchain/bin/../lib/gcc/arm-none-eabi/6.3.1/../../../../arm-none-eabi/lib/thumb/v7-m\libc.a(lib_a-init.o)
 .ARM.attributes
                0x000004a0       0x2d c:/program files (x86)/atmel/studio/7.0/toolchain/arm/arm-gnu-toolchain/bin/../lib/gcc/arm-none-eabi/6.3.1/../../../../arm-none-eabi/lib/thumb/v7-m\libc.a(lib_a-__call_atexit.o)
 .ARM.attributes
                0x000004cd       0x2d c:/program files (x86)/atmel/studio/7.0/toolchain/arm/arm-gnu-toolchain/bin/../lib/gcc/arm-none-eabi/6.3.1/../../../../arm-none-eabi/lib/thumb/v7-m\libc.a(lib_a-atexit.o)
 .ARM.attributes
                0x000004fa       0x2d c:/program files (x86)/atmel/studio/7.0/toolchain/arm/arm-gnu-toolchain/bin/../lib/gcc/arm-none-eabi/6.3.1/../../../../arm-none-eabi/lib/thumb/v7-m\libc.a(lib_a-fini.o)
 .ARM.attributes
                0x00000527       0x2d c:/program files (x86)/atmel/studio/7.0/toolchain/arm/arm-gnu-toolchain/bin/../lib/gcc/arm-none-eabi/6.3.1/../../../../arm-none-eabi/lib/thumb/v7-m\libc.a(lib_a-lock.o)
 .ARM.attributes
                0x00000554       0x2d c:/program files (x86)/atmel/studio/7.0/toolchain/arm/arm-gnu-toolchain/bin/../lib/gcc/arm-none-eabi/6.3.1/../../../../arm-none-eabi/lib/thumb/v7-m\libc.a(lib_a-__atexit.o)
 .ARM.attributes
                0x00000581       0x1d c:/program files (x86)/atmel/studio/7.0/toolchain/arm/arm-gnu-toolchain/bin/../lib/gcc/arm-none-eabi/6.3.1/thumb/v7-m/crtn.o

.comment        0x00000000       0x59
 .comment       0x00000000       0x59 src/ASF/common/services/usb/class/cdc/device/example2/sam3x8e_arduino_due_x/ui.o
                                 0x5a (size before relaxing)
 .comment       0x00000059       0x5a src/ASF/common/services/clock/sam3x/sysclk.o
 .comment       0x00000059       0x5a src/ASF/common/services/sleepmgr/sam/sleepmgr.o
 .comment       0x00000059       0x5a src/ASF/common/services/usb/class/cdc/device/udi_cdc.o
 .comment       0x00000059       0x5a src/ASF/common/services/usb/class/cdc/device/udi_cdc_desc.o
 .comment       0x00000059       0x5a src/ASF/common/services/usb/udc/udc.o
 .comment       0x00000059       0x5a src/ASF/common/utils/interrupt/interrupt_sam_nvic.o
 .comment       0x00000059       0x5a src/ASF/sam/boards/arduino_due_x/init.o
 .comment       0x00000059       0x5a src/ASF/sam/boards/arduino_due_x/led.o
 .comment       0x00000059       0x5a src/ASF/sam/drivers/pio/pio.o
 .comment       0x00000059       0x5a src/ASF/sam/drivers/pio/pio_handler.o
 .comment       0x00000059       0x5a src/ASF/sam/drivers/pmc/pmc.o
 .comment       0x00000059       0x5a src/ASF/sam/drivers/pmc/sleep.o
 .comment       0x00000059       0x5a src/ASF/sam/drivers/uotghs/uotghs_device.o
 .comment       0x00000059       0x5a src/ASF/sam/drivers/usart/usart.o
 .comment       0x00000059       0x5a src/ASF/sam/utils/cmsis/sam3x/source/templates/exceptions.o
 .comment       0x00000059       0x5a src/ASF/sam/utils/cmsis/sam3x/source/templates/gcc/startup_sam3x.o
 .comment       0x00000059       0x5a src/ASF/sam/utils/cmsis/sam3x/source/templates/system_sam3x.o
 .comment       0x00000059       0x5a src/main.o
 .comment       0x00000059       0x5a src/uart_sam.o

.debug_info     0x00000000    0x1c1d8
 .debug_info    0x00000000      0xca3 src/ASF/common/services/usb/class/cdc/device/example2/sam3x8e_arduino_due_x/ui.o
 .debug_info    0x00000ca3     0x11ad src/ASF/common/services/clock/sam3x/sysclk.o
 .debug_info    0x00001e50      0xa8e src/ASF/common/services/sleepmgr/sam/sleepmgr.o
 .debug_info    0x000028de     0x2a9f src/ASF/common/services/usb/class/cdc/device/udi_cdc.o
 .debug_info    0x0000537d     0x1413 src/ASF/common/services/usb/class/cdc/device/udi_cdc_desc.o
 .debug_info    0x00006790     0x1bfd src/ASF/common/services/usb/udc/udc.o
 .debug_info    0x0000838d      0xaff src/ASF/common/utils/interrupt/interrupt_sam_nvic.o
 .debug_info    0x00008e8c     0x10f2 src/ASF/sam/boards/arduino_due_x/init.o
 .debug_info    0x00009f7e      0xb2b src/ASF/sam/boards/arduino_due_x/led.o
 .debug_info    0x0000aaa9     0x1c61 src/ASF/sam/drivers/pio/pio.o
 .debug_info    0x0000c70a     0x17f6 src/ASF/sam/drivers/pio/pio_handler.o
 .debug_info    0x0000df00     0x19eb src/ASF/sam/drivers/pmc/pmc.o
 .debug_info    0x0000f8eb     0x1336 src/ASF/sam/drivers/pmc/sleep.o
 .debug_info    0x00010c21     0x39a4 src/ASF/sam/drivers/uotghs/uotghs_device.o
 .debug_info    0x000145c5     0x24e3 src/ASF/sam/drivers/usart/usart.o
 .debug_info    0x00016aa8      0xa39 src/ASF/sam/utils/cmsis/sam3x/source/templates/exceptions.o
 .debug_info    0x000174e1      0xd1b src/ASF/sam/utils/cmsis/sam3x/source/templates/gcc/startup_sam3x.o
 .debug_info    0x000181fc      0xdc2 src/ASF/sam/utils/cmsis/sam3x/source/templates/system_sam3x.o
 .debug_info    0x00018fbe     0x12f2 src/main.o
 .debug_info    0x0001a2b0     0x1f28 src/uart_sam.o

.debug_abbrev   0x00000000     0x3a69
 .debug_abbrev  0x00000000      0x203 src/ASF/common/services/usb/class/cdc/device/example2/sam3x8e_arduino_due_x/ui.o
 .debug_abbrev  0x00000203      0x330 src/ASF/common/services/clock/sam3x/sysclk.o
 .debug_abbrev  0x00000533      0x1b2 src/ASF/common/services/sleepmgr/sam/sleepmgr.o
 .debug_abbrev  0x000006e5      0x43d src/ASF/common/services/usb/class/cdc/device/udi_cdc.o
 .debug_abbrev  0x00000b22      0x1c7 src/ASF/common/services/usb/class/cdc/device/udi_cdc_desc.o
 .debug_abbrev  0x00000ce9      0x40f src/ASF/common/services/usb/udc/udc.o
 .debug_abbrev  0x000010f8      0x221 src/ASF/common/utils/interrupt/interrupt_sam_nvic.o
 .debug_abbrev  0x00001319      0x262 src/ASF/sam/boards/arduino_due_x/init.o
 .debug_abbrev  0x0000157b      0x1e1 src/ASF/sam/boards/arduino_due_x/led.o
 .debug_abbrev  0x0000175c      0x3c7 src/ASF/sam/drivers/pio/pio.o
 .debug_abbrev  0x00001b23      0x340 src/ASF/sam/drivers/pio/pio_handler.o
 .debug_abbrev  0x00001e63      0x335 src/ASF/sam/drivers/pmc/pmc.o
 .debug_abbrev  0x00002198      0x314 src/ASF/sam/drivers/pmc/sleep.o
 .debug_abbrev  0x000024ac      0x5d8 src/ASF/sam/drivers/uotghs/uotghs_device.o
 .debug_abbrev  0x00002a84      0x406 src/ASF/sam/drivers/usart/usart.o
 .debug_abbrev  0x00002e8a      0x1a4 src/ASF/sam/utils/cmsis/sam3x/source/templates/exceptions.o
 .debug_abbrev  0x0000302e      0x1f2 src/ASF/sam/utils/cmsis/sam3x/source/templates/gcc/startup_sam3x.o
 .debug_abbrev  0x00003220      0x1f4 src/ASF/sam/utils/cmsis/sam3x/source/templates/system_sam3x.o
 .debug_abbrev  0x00003414      0x2f4 src/main.o
 .debug_abbrev  0x00003708      0x361 src/uart_sam.o

.debug_loc      0x00000000     0x6a9d
 .debug_loc     0x00000000      0x1b9 src/ASF/common/services/usb/class/cdc/device/example2/sam3x8e_arduino_due_x/ui.o
 .debug_loc     0x000001b9      0x183 src/ASF/common/services/clock/sam3x/sysclk.o
 .debug_loc     0x0000033c     0x134f src/ASF/common/services/usb/class/cdc/device/udi_cdc.o
 .debug_loc     0x0000168b      0x508 src/ASF/common/services/usb/udc/udc.o
 .debug_loc     0x00001b93       0x70 src/ASF/sam/boards/arduino_due_x/init.o
 .debug_loc     0x00001c03       0xc0 src/ASF/sam/boards/arduino_due_x/led.o
 .debug_loc     0x00001cc3      0xacc src/ASF/sam/drivers/pio/pio.o
 .debug_loc     0x0000278f      0x571 src/ASF/sam/drivers/pio/pio_handler.o
 .debug_loc     0x00002d00      0xa54 src/ASF/sam/drivers/pmc/pmc.o
 .debug_loc     0x00003754      0x43b src/ASF/sam/drivers/pmc/sleep.o
 .debug_loc     0x00003b8f     0x172c src/ASF/sam/drivers/uotghs/uotghs_device.o
 .debug_loc     0x000052bb     0x1062 src/ASF/sam/drivers/usart/usart.o
 .debug_loc     0x0000631d       0x6b src/ASF/sam/utils/cmsis/sam3x/source/templates/gcc/startup_sam3x.o
 .debug_loc     0x00006388      0x243 src/main.o
 .debug_loc     0x000065cb      0x4d2 src/uart_sam.o

.debug_aranges  0x00000000      0xbe8
 .debug_aranges
                0x00000000       0x78 src/ASF/common/services/usb/class/cdc/device/example2/sam3x8e_arduino_due_x/ui.o
 .debug_aranges
                0x00000078       0x40 src/ASF/common/services/clock/sam3x/sysclk.o
 .debug_aranges
                0x000000b8       0x18 src/ASF/common/services/sleepmgr/sam/sleepmgr.o
 .debug_aranges
                0x000000d0      0x178 src/ASF/common/services/usb/class/cdc/device/udi_cdc.o
 .debug_aranges
                0x00000248       0x18 src/ASF/common/services/usb/class/cdc/device/udi_cdc_desc.o
 .debug_aranges
                0x00000260       0x70 src/ASF/common/services/usb/udc/udc.o
 .debug_aranges
                0x000002d0       0x28 src/ASF/common/utils/interrupt/interrupt_sam_nvic.o
 .debug_aranges
                0x000002f8       0x20 src/ASF/sam/boards/arduino_due_x/init.o
 .debug_aranges
                0x00000318       0x28 src/ASF/sam/boards/arduino_due_x/led.o
 .debug_aranges
                0x00000340      0x148 src/ASF/sam/drivers/pio/pio.o
 .debug_aranges
                0x00000488       0x58 src/ASF/sam/drivers/pio/pio_handler.o
 .debug_aranges
                0x000004e0      0x200 src/ASF/sam/drivers/pmc/pmc.o
 .debug_aranges
                0x000006e0       0x30 src/ASF/sam/drivers/pmc/sleep.o
 .debug_aranges
                0x00000710      0x120 src/ASF/sam/drivers/uotghs/uotghs_device.o
 .debug_aranges
                0x00000830      0x2a8 src/ASF/sam/drivers/usart/usart.o
 .debug_aranges
                0x00000ad8       0x20 src/ASF/sam/utils/cmsis/sam3x/source/templates/exceptions.o
 .debug_aranges
                0x00000af8       0x20 src/ASF/sam/utils/cmsis/sam3x/source/templates/gcc/startup_sam3x.o
 .debug_aranges
                0x00000b18       0x30 src/ASF/sam/utils/cmsis/sam3x/source/templates/system_sam3x.o
 .debug_aranges
                0x00000b48       0x50 src/main.o
 .debug_aranges
                0x00000b98       0x50 src/uart_sam.o

.debug_ranges   0x00000000      0xcc8
 .debug_ranges  0x00000000       0x68 src/ASF/common/services/usb/class/cdc/device/example2/sam3x8e_arduino_due_x/ui.o
 .debug_ranges  0x00000068       0x30 src/ASF/common/services/clock/sam3x/sysclk.o
 .debug_ranges  0x00000098      0x1b0 src/ASF/common/services/usb/class/cdc/device/udi_cdc.o
 .debug_ranges  0x00000248       0xe8 src/ASF/common/services/usb/udc/udc.o
 .debug_ranges  0x00000330       0x18 src/ASF/common/utils/interrupt/interrupt_sam_nvic.o
 .debug_ranges  0x00000348       0x10 src/ASF/sam/boards/arduino_due_x/init.o
 .debug_ranges  0x00000358       0x18 src/ASF/sam/boards/arduino_due_x/led.o
 .debug_ranges  0x00000370      0x150 src/ASF/sam/drivers/pio/pio.o
 .debug_ranges  0x000004c0       0x60 src/ASF/sam/drivers/pio/pio_handler.o
 .debug_ranges  0x00000520      0x1f0 src/ASF/sam/drivers/pmc/pmc.o
 .debug_ranges  0x00000710       0x50 src/ASF/sam/drivers/pmc/sleep.o
 .debug_ranges  0x00000760      0x178 src/ASF/sam/drivers/uotghs/uotghs_device.o
 .debug_ranges  0x000008d8      0x298 src/ASF/sam/drivers/usart/usart.o
 .debug_ranges  0x00000b70       0x10 src/ASF/sam/utils/cmsis/sam3x/source/templates/exceptions.o
 .debug_ranges  0x00000b80       0x10 src/ASF/sam/utils/cmsis/sam3x/source/templates/gcc/startup_sam3x.o
 .debug_ranges  0x00000b90       0x20 src/ASF/sam/utils/cmsis/sam3x/source/templates/system_sam3x.o
 .debug_ranges  0x00000bb0       0x70 src/main.o
 .debug_ranges  0x00000c20       0xa8 src/uart_sam.o

.debug_macro    0x00000000    0x1b689
 .debug_macro   0x00000000      0x60e src/ASF/common/services/usb/class/cdc/device/example2/sam3x8e_arduino_due_x/ui.o
 .debug_macro   0x0000060e      0x8d4 src/ASF/common/services/usb/class/cdc/device/example2/sam3x8e_arduino_due_x/ui.o
 .debug_macro   0x00000ee2      0x16d src/ASF/common/services/usb/class/cdc/device/example2/sam3x8e_arduino_due_x/ui.o
 .debug_macro   0x0000104f      0x71d src/ASF/common/services/usb/class/cdc/device/example2/sam3x8e_arduino_due_x/ui.o
 .debug_macro   0x0000176c       0x76 src/ASF/common/services/usb/class/cdc/device/example2/sam3x8e_arduino_due_x/ui.o
 .debug_macro   0x000017e2       0x16 src/ASF/common/services/usb/class/cdc/device/example2/sam3x8e_arduino_due_x/ui.o
 .debug_macro   0x000017f8      0x6da src/ASF/common/services/usb/class/cdc/device/example2/sam3x8e_arduino_due_x/ui.o
 .debug_macro   0x00001ed2       0x22 src/ASF/common/services/usb/class/cdc/device/example2/sam3x8e_arduino_due_x/ui.o
 .debug_macro   0x00001ef4       0x87 src/ASF/common/services/usb/class/cdc/device/example2/sam3x8e_arduino_due_x/ui.o
 .debug_macro   0x00001f7b       0x51 src/ASF/common/services/usb/class/cdc/device/example2/sam3x8e_arduino_due_x/ui.o
 .debug_macro   0x00001fcc       0xef src/ASF/common/services/usb/class/cdc/device/example2/sam3x8e_arduino_due_x/ui.o
 .debug_macro   0x000020bb       0x6a src/ASF/common/services/usb/class/cdc/device/example2/sam3x8e_arduino_due_x/ui.o
 .debug_macro   0x00002125      0x1df src/ASF/common/services/usb/class/cdc/device/example2/sam3x8e_arduino_due_x/ui.o
 .debug_macro   0x00002304       0x20 src/ASF/common/services/usb/class/cdc/device/example2/sam3x8e_arduino_due_x/ui.o
 .debug_macro   0x00002324       0x1c src/ASF/common/services/usb/class/cdc/device/example2/sam3x8e_arduino_due_x/ui.o
 .debug_macro   0x00002340       0x22 src/ASF/common/services/usb/class/cdc/device/example2/sam3x8e_arduino_due_x/ui.o
 .debug_macro   0x00002362       0xc3 src/ASF/common/services/usb/class/cdc/device/example2/sam3x8e_arduino_due_x/ui.o
 .debug_macro   0x00002425      0xe49 src/ASF/common/services/usb/class/cdc/device/example2/sam3x8e_arduino_due_x/ui.o
 .debug_macro   0x0000326e      0x11f src/ASF/common/services/usb/class/cdc/device/example2/sam3x8e_arduino_due_x/ui.o
 .debug_macro   0x0000338d      0xaac src/ASF/common/services/usb/class/cdc/device/example2/sam3x8e_arduino_due_x/ui.o
 .debug_macro   0x00003e39      0x55f src/ASF/common/services/usb/class/cdc/device/example2/sam3x8e_arduino_due_x/ui.o
 .debug_macro   0x00004398      0x2ab src/ASF/common/services/usb/class/cdc/device/example2/sam3x8e_arduino_due_x/ui.o
 .debug_macro   0x00004643      0x310 src/ASF/common/services/usb/class/cdc/device/example2/sam3x8e_arduino_due_x/ui.o
 .debug_macro   0x00004953      0x746 src/ASF/common/services/usb/class/cdc/device/example2/sam3x8e_arduino_due_x/ui.o
 .debug_macro   0x00005099       0x82 src/ASF/common/services/usb/class/cdc/device/example2/sam3x8e_arduino_due_x/ui.o
 .debug_macro   0x0000511b      0x571 src/ASF/common/services/usb/class/cdc/device/example2/sam3x8e_arduino_due_x/ui.o
 .debug_macro   0x0000568c       0x1c src/ASF/common/services/usb/class/cdc/device/example2/sam3x8e_arduino_due_x/ui.o
 .debug_macro   0x000056a8      0x6ae src/ASF/common/services/usb/class/cdc/device/example2/sam3x8e_arduino_due_x/ui.o
 .debug_macro   0x00005d56      0x523 src/ASF/common/services/usb/class/cdc/device/example2/sam3x8e_arduino_due_x/ui.o
 .debug_macro   0x00006279       0xbe src/ASF/common/services/usb/class/cdc/device/example2/sam3x8e_arduino_due_x/ui.o
 .debug_macro   0x00006337     0x2338 src/ASF/common/services/usb/class/cdc/device/example2/sam3x8e_arduino_due_x/ui.o
 .debug_macro   0x0000866f      0x853 src/ASF/common/services/usb/class/cdc/device/example2/sam3x8e_arduino_due_x/ui.o
 .debug_macro   0x00008ec2      0xdbf src/ASF/common/services/usb/class/cdc/device/example2/sam3x8e_arduino_due_x/ui.o
 .debug_macro   0x00009c81       0x7c src/ASF/common/services/usb/class/cdc/device/example2/sam3x8e_arduino_due_x/ui.o
 .debug_macro   0x00009cfd      0x25a src/ASF/common/services/usb/class/cdc/device/example2/sam3x8e_arduino_due_x/ui.o
 .debug_macro   0x00009f57       0x58 src/ASF/common/services/usb/class/cdc/device/example2/sam3x8e_arduino_due_x/ui.o
 .debug_macro   0x00009faf      0x99e src/ASF/common/services/usb/class/cdc/device/example2/sam3x8e_arduino_due_x/ui.o
 .debug_macro   0x0000a94d      0x240 src/ASF/common/services/usb/class/cdc/device/example2/sam3x8e_arduino_due_x/ui.o
 .debug_macro   0x0000ab8d      0x4d5 src/ASF/common/services/usb/class/cdc/device/example2/sam3x8e_arduino_due_x/ui.o
 .debug_macro   0x0000b062      0x6a9 src/ASF/common/services/usb/class/cdc/device/example2/sam3x8e_arduino_due_x/ui.o
 .debug_macro   0x0000b70b      0x595 src/ASF/common/services/usb/class/cdc/device/example2/sam3x8e_arduino_due_x/ui.o
 .debug_macro   0x0000bca0       0x46 src/ASF/common/services/usb/class/cdc/device/example2/sam3x8e_arduino_due_x/ui.o
 .debug_macro   0x0000bce6      0x344 src/ASF/common/services/usb/class/cdc/device/example2/sam3x8e_arduino_due_x/ui.o
 .debug_macro   0x0000c02a      0x283 src/ASF/common/services/usb/class/cdc/device/example2/sam3x8e_arduino_due_x/ui.o
 .debug_macro   0x0000c2ad     0x14d7 src/ASF/common/services/usb/class/cdc/device/example2/sam3x8e_arduino_due_x/ui.o
 .debug_macro   0x0000d784      0x7b0 src/ASF/common/services/usb/class/cdc/device/example2/sam3x8e_arduino_due_x/ui.o
 .debug_macro   0x0000df34       0x76 src/ASF/common/services/usb/class/cdc/device/example2/sam3x8e_arduino_due_x/ui.o
 .debug_macro   0x0000dfaa       0x82 src/ASF/common/services/usb/class/cdc/device/example2/sam3x8e_arduino_due_x/ui.o
 .debug_macro   0x0000e02c       0x76 src/ASF/common/services/usb/class/cdc/device/example2/sam3x8e_arduino_due_x/ui.o
 .debug_macro   0x0000e0a2       0x4c src/ASF/common/services/usb/class/cdc/device/example2/sam3x8e_arduino_due_x/ui.o
 .debug_macro   0x0000e0ee      0x100 src/ASF/common/services/usb/class/cdc/device/example2/sam3x8e_arduino_due_x/ui.o
 .debug_macro   0x0000e1ee      0x100 src/ASF/common/services/usb/class/cdc/device/example2/sam3x8e_arduino_due_x/ui.o
 .debug_macro   0x0000e2ee      0x100 src/ASF/common/services/usb/class/cdc/device/example2/sam3x8e_arduino_due_x/ui.o
 .debug_macro   0x0000e3ee       0x88 src/ASF/common/services/usb/class/cdc/device/example2/sam3x8e_arduino_due_x/ui.o
 .debug_macro   0x0000e476       0x88 src/ASF/common/services/usb/class/cdc/device/example2/sam3x8e_arduino_due_x/ui.o
 .debug_macro   0x0000e4fe      0x3b4 src/ASF/common/services/usb/class/cdc/device/example2/sam3x8e_arduino_due_x/ui.o
 .debug_macro   0x0000e8b2       0xb8 src/ASF/common/services/usb/class/cdc/device/example2/sam3x8e_arduino_due_x/ui.o
 .debug_macro   0x0000e96a       0xb8 src/ASF/common/services/usb/class/cdc/device/example2/sam3x8e_arduino_due_x/ui.o
 .debug_macro   0x0000ea22       0xb8 src/ASF/common/services/usb/class/cdc/device/example2/sam3x8e_arduino_due_x/ui.o
 .debug_macro   0x0000eada       0xb8 src/ASF/common/services/usb/class/cdc/device/example2/sam3x8e_arduino_due_x/ui.o
 .debug_macro   0x0000eb92      0x2b8 src/ASF/common/services/usb/class/cdc/device/example2/sam3x8e_arduino_due_x/ui.o
 .debug_macro   0x0000ee4a      0x11b src/ASF/common/services/usb/class/cdc/device/example2/sam3x8e_arduino_due_x/ui.o
 .debug_macro   0x0000ef65      0x21b src/ASF/common/services/usb/class/cdc/device/example2/sam3x8e_arduino_due_x/ui.o
 .debug_macro   0x0000f180      0x21b src/ASF/common/services/usb/class/cdc/device/example2/sam3x8e_arduino_due_x/ui.o
 .debug_macro   0x0000f39b       0x2e src/ASF/common/services/usb/class/cdc/device/example2/sam3x8e_arduino_due_x/ui.o
 .debug_macro   0x0000f3c9       0xac src/ASF/common/services/usb/class/cdc/device/example2/sam3x8e_arduino_due_x/ui.o
 .debug_macro   0x0000f475      0x143 src/ASF/common/services/usb/class/cdc/device/example2/sam3x8e_arduino_due_x/ui.o
 .debug_macro   0x0000f5b8       0x7c src/ASF/common/services/usb/class/cdc/device/example2/sam3x8e_arduino_due_x/ui.o
 .debug_macro   0x0000f634      0x1fb src/ASF/common/services/usb/class/cdc/device/example2/sam3x8e_arduino_due_x/ui.o
 .debug_macro   0x0000f82f       0x64 src/ASF/common/services/usb/class/cdc/device/example2/sam3x8e_arduino_due_x/ui.o
 .debug_macro   0x0000f893       0xa6 src/ASF/common/services/usb/class/cdc/device/example2/sam3x8e_arduino_due_x/ui.o
 .debug_macro   0x0000f939       0x7c src/ASF/common/services/usb/class/cdc/device/example2/sam3x8e_arduino_due_x/ui.o
 .debug_macro   0x0000f9b5       0x16 src/ASF/common/services/usb/class/cdc/device/example2/sam3x8e_arduino_due_x/ui.o
 .debug_macro   0x0000f9cb       0x22 src/ASF/common/services/usb/class/cdc/device/example2/sam3x8e_arduino_due_x/ui.o
 .debug_macro   0x0000f9ed       0x22 src/ASF/common/services/usb/class/cdc/device/example2/sam3x8e_arduino_due_x/ui.o
 .debug_macro   0x0000fa0f      0x10c src/ASF/common/services/usb/class/cdc/device/example2/sam3x8e_arduino_due_x/ui.o
 .debug_macro   0x0000fb1b      0x10c src/ASF/common/services/usb/class/cdc/device/example2/sam3x8e_arduino_due_x/ui.o
 .debug_macro   0x0000fc27      0x10c src/ASF/common/services/usb/class/cdc/device/example2/sam3x8e_arduino_due_x/ui.o
 .debug_macro   0x0000fd33      0x10c src/ASF/common/services/usb/class/cdc/device/example2/sam3x8e_arduino_due_x/ui.o
 .debug_macro   0x0000fe3f       0x1c src/ASF/common/services/usb/class/cdc/device/example2/sam3x8e_arduino_due_x/ui.o
 .debug_macro   0x0000fe5b       0x2e src/ASF/common/services/usb/class/cdc/device/example2/sam3x8e_arduino_due_x/ui.o
 .debug_macro   0x0000fe89       0x22 src/ASF/common/services/usb/class/cdc/device/example2/sam3x8e_arduino_due_x/ui.o
 .debug_macro   0x0000feab       0x1c src/ASF/common/services/usb/class/cdc/device/example2/sam3x8e_arduino_due_x/ui.o
 .debug_macro   0x0000fec7       0x58 src/ASF/common/services/usb/class/cdc/device/example2/sam3x8e_arduino_due_x/ui.o
 .debug_macro   0x0000ff1f       0x10 src/ASF/common/services/usb/class/cdc/device/example2/sam3x8e_arduino_due_x/ui.o
 .debug_macro   0x0000ff2f      0x273 src/ASF/common/services/usb/class/cdc/device/example2/sam3x8e_arduino_due_x/ui.o
 .debug_macro   0x000101a2      0xd39 src/ASF/common/services/usb/class/cdc/device/example2/sam3x8e_arduino_due_x/ui.o
 .debug_macro   0x00010edb      0x131 src/ASF/common/services/usb/class/cdc/device/example2/sam3x8e_arduino_due_x/ui.o
 .debug_macro   0x0001100c       0x58 src/ASF/common/services/usb/class/cdc/device/example2/sam3x8e_arduino_due_x/ui.o
 .debug_macro   0x00011064       0x35 src/ASF/common/services/usb/class/cdc/device/example2/sam3x8e_arduino_due_x/ui.o
 .debug_macro   0x00011099       0x9c src/ASF/common/services/usb/class/cdc/device/example2/sam3x8e_arduino_due_x/ui.o
 .debug_macro   0x00011135       0x16 src/ASF/common/services/usb/class/cdc/device/example2/sam3x8e_arduino_due_x/ui.o
 .debug_macro   0x0001114b       0x35 src/ASF/common/services/usb/class/cdc/device/example2/sam3x8e_arduino_due_x/ui.o
 .debug_macro   0x00011180      0x34d src/ASF/common/services/usb/class/cdc/device/example2/sam3x8e_arduino_due_x/ui.o
 .debug_macro   0x000114cd       0x10 src/ASF/common/services/usb/class/cdc/device/example2/sam3x8e_arduino_due_x/ui.o
 .debug_macro   0x000114dd       0x58 src/ASF/common/services/usb/class/cdc/device/example2/sam3x8e_arduino_due_x/ui.o
 .debug_macro   0x00011535       0x1f src/ASF/common/services/usb/class/cdc/device/example2/sam3x8e_arduino_due_x/ui.o
 .debug_macro   0x00011554       0x43 src/ASF/common/services/usb/class/cdc/device/example2/sam3x8e_arduino_due_x/ui.o
 .debug_macro   0x00011597       0x20 src/ASF/common/services/usb/class/cdc/device/example2/sam3x8e_arduino_due_x/ui.o
 .debug_macro   0x000115b7      0x187 src/ASF/common/services/usb/class/cdc/device/example2/sam3x8e_arduino_due_x/ui.o
 .debug_macro   0x0001173e       0x10 src/ASF/common/services/usb/class/cdc/device/example2/sam3x8e_arduino_due_x/ui.o
 .debug_macro   0x0001174e       0x1c src/ASF/common/services/usb/class/cdc/device/example2/sam3x8e_arduino_due_x/ui.o
 .debug_macro   0x0001176a       0x52 src/ASF/common/services/usb/class/cdc/device/example2/sam3x8e_arduino_due_x/ui.o
 .debug_macro   0x000117bc       0x40 src/ASF/common/services/usb/class/cdc/device/example2/sam3x8e_arduino_due_x/ui.o
 .debug_macro   0x000117fc       0x10 src/ASF/common/services/usb/class/cdc/device/example2/sam3x8e_arduino_due_x/ui.o
 .debug_macro   0x0001180c       0x40 src/ASF/common/services/usb/class/cdc/device/example2/sam3x8e_arduino_due_x/ui.o
 .debug_macro   0x0001184c       0xd7 src/ASF/common/services/usb/class/cdc/device/example2/sam3x8e_arduino_due_x/ui.o
 .debug_macro   0x00011923       0x16 src/ASF/common/services/usb/class/cdc/device/example2/sam3x8e_arduino_due_x/ui.o
 .debug_macro   0x00011939      0x18b src/ASF/common/services/usb/class/cdc/device/example2/sam3x8e_arduino_due_x/ui.o
 .debug_macro   0x00011ac4       0x22 src/ASF/common/services/usb/class/cdc/device/example2/sam3x8e_arduino_due_x/ui.o
 .debug_macro   0x00011ae6       0x16 src/ASF/common/services/usb/class/cdc/device/example2/sam3x8e_arduino_due_x/ui.o
 .debug_macro   0x00011afc       0x16 src/ASF/common/services/usb/class/cdc/device/example2/sam3x8e_arduino_due_x/ui.o
 .debug_macro   0x00011b12       0x29 src/ASF/common/services/usb/class/cdc/device/example2/sam3x8e_arduino_due_x/ui.o
 .debug_macro   0x00011b3b       0x73 src/ASF/common/services/usb/class/cdc/device/example2/sam3x8e_arduino_due_x/ui.o
 .debug_macro   0x00011bae       0x44 src/ASF/common/services/usb/class/cdc/device/example2/sam3x8e_arduino_due_x/ui.o
 .debug_macro   0x00011bf2      0x3ca src/ASF/common/services/usb/class/cdc/device/example2/sam3x8e_arduino_due_x/ui.o
 .debug_macro   0x00011fbc       0xb8 src/ASF/common/services/usb/class/cdc/device/example2/sam3x8e_arduino_due_x/ui.o
 .debug_macro   0x00012074      0x21e src/ASF/common/services/usb/class/cdc/device/example2/sam3x8e_arduino_due_x/ui.o
 .debug_macro   0x00012292       0x99 src/ASF/common/services/usb/class/cdc/device/example2/sam3x8e_arduino_due_x/ui.o
 .debug_macro   0x0001232b      0x2df src/ASF/common/services/usb/class/cdc/device/example2/sam3x8e_arduino_due_x/ui.o
 .debug_macro   0x0001260a      0x78f src/ASF/common/services/usb/class/cdc/device/example2/sam3x8e_arduino_due_x/ui.o
 .debug_macro   0x00012d99       0x94 src/ASF/common/services/usb/class/cdc/device/example2/sam3x8e_arduino_due_x/ui.o
 .debug_macro   0x00012e2d       0x40 src/ASF/common/services/usb/class/cdc/device/example2/sam3x8e_arduino_due_x/ui.o
 .debug_macro   0x00012e6d      0x5f1 src/ASF/common/services/clock/sam3x/sysclk.o
 .debug_macro   0x0001345e       0x34 src/ASF/common/services/clock/sam3x/sysclk.o
 .debug_macro   0x00013492      0x2d9 src/ASF/common/services/clock/sam3x/sysclk.o
 .debug_macro   0x0001376b       0x5e src/ASF/common/services/clock/sam3x/sysclk.o
 .debug_macro   0x000137c9       0x64 src/ASF/common/services/clock/sam3x/sysclk.o
 .debug_macro   0x0001382d       0x5f src/ASF/common/services/clock/sam3x/sysclk.o
 .debug_macro   0x0001388c       0x90 src/ASF/common/services/clock/sam3x/sysclk.o
 .debug_macro   0x0001391c      0x594 src/ASF/common/services/sleepmgr/sam/sleepmgr.o
 .debug_macro   0x00013eb0       0x10 src/ASF/common/services/sleepmgr/sam/sleepmgr.o
 .debug_macro   0x00013ec0       0x34 src/ASF/common/services/sleepmgr/sam/sleepmgr.o
 .debug_macro   0x00013ef4      0x6c0 src/ASF/common/services/usb/class/cdc/device/udi_cdc.o
 .debug_macro   0x000145b4       0xb2 src/ASF/common/services/usb/class/cdc/device/udi_cdc.o
 .debug_macro   0x00014666      0x241 src/ASF/common/services/usb/class/cdc/device/udi_cdc.o
 .debug_macro   0x000148a7      0x162 src/ASF/common/services/usb/class/cdc/device/udi_cdc.o
 .debug_macro   0x00014a09       0x16 src/ASF/common/services/usb/class/cdc/device/udi_cdc.o
 .debug_macro   0x00014a1f       0x1c src/ASF/common/services/usb/class/cdc/device/udi_cdc.o
 .debug_macro   0x00014a3b      0x190 src/ASF/common/services/usb/class/cdc/device/udi_cdc.o
 .debug_macro   0x00014bcb       0x16 src/ASF/common/services/usb/class/cdc/device/udi_cdc.o
 .debug_macro   0x00014be1      0x64e src/ASF/common/services/usb/class/cdc/device/udi_cdc_desc.o
 .debug_macro   0x0001522f      0x610 src/ASF/common/services/usb/udc/udc.o
 .debug_macro   0x0001583f      0x578 src/ASF/common/utils/interrupt/interrupt_sam_nvic.o
 .debug_macro   0x00015db7       0x3e src/ASF/common/utils/interrupt/interrupt_sam_nvic.o
 .debug_macro   0x00015df5      0x636 src/ASF/sam/boards/arduino_due_x/init.o
 .debug_macro   0x0001642b       0x34 src/ASF/sam/boards/arduino_due_x/init.o
 .debug_macro   0x0001645f       0x6a src/ASF/sam/boards/arduino_due_x/init.o
 .debug_macro   0x000164c9      0x5db src/ASF/sam/boards/arduino_due_x/led.o
 .debug_macro   0x00016aa4      0x589 src/ASF/sam/drivers/pio/pio.o
 .debug_macro   0x0001702d       0x8e src/ASF/sam/drivers/pio/pio.o
 .debug_macro   0x000170bb      0x58d src/ASF/sam/drivers/pio/pio_handler.o
 .debug_macro   0x00017648      0x583 src/ASF/sam/drivers/pmc/pmc.o
 .debug_macro   0x00017bcb       0x58 src/ASF/sam/drivers/pmc/pmc.o
 .debug_macro   0x00017c23      0x5a3 src/ASF/sam/drivers/pmc/sleep.o
 .debug_macro   0x000181c6      0x759 src/ASF/sam/drivers/uotghs/uotghs_device.o
 .debug_macro   0x0001891f      0x1c7 src/ASF/sam/drivers/uotghs/uotghs_device.o
 .debug_macro   0x00018ae6      0x5c4 src/ASF/sam/drivers/uotghs/uotghs_device.o
 .debug_macro   0x000190aa      0x5b9 src/ASF/sam/drivers/usart/usart.o
 .debug_macro   0x00019663       0x28 src/ASF/sam/drivers/usart/usart.o
 .debug_macro   0x0001968b      0x582 src/ASF/sam/utils/cmsis/sam3x/source/templates/exceptions.o
 .debug_macro   0x00019c0d      0x590 src/ASF/sam/utils/cmsis/sam3x/source/templates/gcc/startup_sam3x.o
 .debug_macro   0x0001a19d      0x590 src/ASF/sam/utils/cmsis/sam3x/source/templates/system_sam3x.o
 .debug_macro   0x0001a72d       0x26 src/ASF/sam/utils/cmsis/sam3x/source/templates/system_sam3x.o
 .debug_macro   0x0001a753      0x753 src/main.o
 .debug_macro   0x0001aea6       0x2e src/main.o
 .debug_macro   0x0001aed4      0x763 src/uart_sam.o
 .debug_macro   0x0001b637       0x52 src/uart_sam.o

.debug_line     0x00000000    0x12174
 .debug_line    0x00000000      0xdf8 src/ASF/common/services/usb/class/cdc/device/example2/sam3x8e_arduino_due_x/ui.o
 .debug_line    0x00000df8      0xcdc src/ASF/common/services/clock/sam3x/sysclk.o
 .debug_line    0x00001ad4      0xbd2 src/ASF/common/services/sleepmgr/sam/sleepmgr.o
 .debug_line    0x000026a6     0x1387 src/ASF/common/services/usb/class/cdc/device/udi_cdc.o
 .debug_line    0x00003a2d      0xc6f src/ASF/common/services/usb/class/cdc/device/udi_cdc_desc.o
 .debug_line    0x0000469c      0xecf src/ASF/common/services/usb/udc/udc.o
 .debug_line    0x0000556b      0xb7f src/ASF/common/utils/interrupt/interrupt_sam_nvic.o
 .debug_line    0x000060ea      0xd75 src/ASF/sam/boards/arduino_due_x/init.o
 .debug_line    0x00006e5f      0xc4d src/ASF/sam/boards/arduino_due_x/led.o
 .debug_line    0x00007aac      0xeeb src/ASF/sam/drivers/pio/pio.o
 .debug_line    0x00008997      0xc3b src/ASF/sam/drivers/pio/pio_handler.o
 .debug_line    0x000095d2     0x10e4 src/ASF/sam/drivers/pmc/pmc.o
 .debug_line    0x0000a6b6      0xce5 src/ASF/sam/drivers/pmc/sleep.o
 .debug_line    0x0000b39b     0x180c src/ASF/sam/drivers/uotghs/uotghs_device.o
 .debug_line    0x0000cba7     0x1244 src/ASF/sam/drivers/usart/usart.o
 .debug_line    0x0000ddeb      0xb45 src/ASF/sam/utils/cmsis/sam3x/source/templates/exceptions.o
 .debug_line    0x0000e930      0xb8e src/ASF/sam/utils/cmsis/sam3x/source/templates/gcc/startup_sam3x.o
 .debug_line    0x0000f4be      0xbc0 src/ASF/sam/utils/cmsis/sam3x/source/templates/system_sam3x.o
 .debug_line    0x0001007e     0x1055 src/main.o
 .debug_line    0x000110d3     0x10a1 src/uart_sam.o

.debug_str      0x00000000    0x72c92
 .debug_str     0x00000000    0x6383e src/ASF/common/services/usb/class/cdc/device/example2/sam3x8e_arduino_due_x/ui.o
                              0x63beb (size before relaxing)
 .debug_str     0x0006383e      0xdb8 src/ASF/common/services/clock/sam3x/sysclk.o
                              0x630f5 (size before relaxing)
 .debug_str     0x000645f6      0x193 src/ASF/common/services/sleepmgr/sam/sleepmgr.o
                              0x5f160 (size before relaxing)
 .debug_str     0x00064789     0x3861 src/ASF/common/services/usb/class/cdc/device/udi_cdc.o
                              0x63a2c (size before relaxing)
 .debug_str     0x00067fea      0x775 src/ASF/common/services/usb/class/cdc/device/udi_cdc_desc.o
                              0x63379 (size before relaxing)
 .debug_str     0x0006875f      0x853 src/ASF/common/services/usb/udc/udc.o
                              0x621a9 (size before relaxing)
 .debug_str     0x00068fb2       0x65 src/ASF/common/utils/interrupt/interrupt_sam_nvic.o
                              0x5f024 (size before relaxing)
 .debug_str     0x00069017      0x537 src/ASF/sam/boards/arduino_due_x/init.o
                              0x63853 (size before relaxing)
 .debug_str     0x0006954e      0x109 src/ASF/sam/boards/arduino_due_x/led.o
                              0x62a45 (size before relaxing)
 .debug_str     0x00069657      0x3e7 src/ASF/sam/drivers/pio/pio.o
                              0x5f978 (size before relaxing)
 .debug_str     0x00069a3e      0x42d src/ASF/sam/drivers/pio/pio_handler.o
                              0x5fa85 (size before relaxing)
 .debug_str     0x00069e6b      0x579 src/ASF/sam/drivers/pmc/pmc.o
                              0x5f9e2 (size before relaxing)
 .debug_str     0x0006a3e4      0x189 src/ASF/sam/drivers/pmc/sleep.o
                              0x629a4 (size before relaxing)
 .debug_str     0x0006a56d     0x7608 src/ASF/sam/drivers/uotghs/uotghs_device.o
                              0x6d2e1 (size before relaxing)
 .debug_str     0x00071b75      0xc28 src/ASF/sam/drivers/usart/usart.o
                              0x5fc4a (size before relaxing)
 .debug_str     0x0007279d       0x4d src/ASF/sam/utils/cmsis/sam3x/source/templates/exceptions.o
                              0x5efed (size before relaxing)
 .debug_str     0x000727ea       0xec src/ASF/sam/utils/cmsis/sam3x/source/templates/gcc/startup_sam3x.o
                              0x5f101 (size before relaxing)
 .debug_str     0x000728d6      0x171 src/ASF/sam/utils/cmsis/sam3x/source/templates/system_sam3x.o
                              0x5f2c5 (size before relaxing)
 .debug_str     0x00072a47       0xb1 src/main.o
                              0x67515 (size before relaxing)
 .debug_str     0x00072af8      0x19a src/uart_sam.o
                              0x67cb0 (size before relaxing)

.debug_frame    0x00000000     0x1d84
 .debug_frame   0x00000000      0x100 src/ASF/common/services/usb/class/cdc/device/example2/sam3x8e_arduino_due_x/ui.o
 .debug_frame   0x00000100       0x88 src/ASF/common/services/clock/sam3x/sysclk.o
 .debug_frame   0x00000188      0x4cc src/ASF/common/services/usb/class/cdc/device/udi_cdc.o
 .debug_frame   0x00000654      0x13c src/ASF/common/services/usb/udc/udc.o
 .debug_frame   0x00000790       0x30 src/ASF/common/utils/interrupt/interrupt_sam_nvic.o
 .debug_frame   0x000007c0       0x28 src/ASF/sam/boards/arduino_due_x/init.o
 .debug_frame   0x000007e8       0x50 src/ASF/sam/boards/arduino_due_x/led.o
 .debug_frame   0x00000838      0x2b8 src/ASF/sam/drivers/pio/pio.o
 .debug_frame   0x00000af0       0xf8 src/ASF/sam/drivers/pio/pio_handler.o
 .debug_frame   0x00000be8      0x404 src/ASF/sam/drivers/pmc/pmc.o
 .debug_frame   0x00000fec       0x60 src/ASF/sam/drivers/pmc/sleep.o
 .debug_frame   0x0000104c      0x3a4 src/ASF/sam/drivers/uotghs/uotghs_device.o
 .debug_frame   0x000013f0      0x5cc src/ASF/sam/drivers/usart/usart.o
 .debug_frame   0x000019bc       0x20 src/ASF/sam/utils/cmsis/sam3x/source/templates/exceptions.o
 .debug_frame   0x000019dc       0x28 src/ASF/sam/utils/cmsis/sam3x/source/templates/gcc/startup_sam3x.o
 .debug_frame   0x00001a04       0x40 src/ASF/sam/utils/cmsis/sam3x/source/templates/system_sam3x.o
 .debug_frame   0x00001a44       0xb8 src/main.o
 .debug_frame   0x00001afc       0xc8 src/uart_sam.o
 .debug_frame   0x00001bc4       0x2c c:/program files (x86)/atmel/studio/7.0/toolchain/arm/arm-gnu-toolchain/bin/../lib/gcc/arm-none-eabi/6.3.1/../../../../arm-none-eabi/lib/thumb/v7-m\libc.a(lib_a-init.o)
 .debug_frame   0x00001bf0       0x5c c:/program files (x86)/atmel/studio/7.0/toolchain/arm/arm-gnu-toolchain/bin/../lib/gcc/arm-none-eabi/6.3.1/../../../../arm-none-eabi/lib/thumb/v7-m\libc.a(lib_a-__call_atexit.o)
 .debug_frame   0x00001c4c       0x20 c:/program files (x86)/atmel/studio/7.0/toolchain/arm/arm-gnu-toolchain/bin/../lib/gcc/arm-none-eabi/6.3.1/../../../../arm-none-eabi/lib/thumb/v7-m\libc.a(lib_a-atexit.o)
 .debug_frame   0x00001c6c       0x34 c:/program files (x86)/atmel/studio/7.0/toolchain/arm/arm-gnu-toolchain/bin/../lib/gcc/arm-none-eabi/6.3.1/../../../../arm-none-eabi/lib/thumb/v7-m\libc.a(lib_a-fini.o)
 .debug_frame   0x00001ca0       0xb0 c:/program files (x86)/atmel/studio/7.0/toolchain/arm/arm-gnu-toolchain/bin/../lib/gcc/arm-none-eabi/6.3.1/../../../../arm-none-eabi/lib/thumb/v7-m\libc.a(lib_a-lock.o)
 .debug_frame   0x00001d50       0x34 c:/program files (x86)/atmel/studio/7.0/toolchain/arm/arm-gnu-toolchain/bin/../lib/gcc/arm-none-eabi/6.3.1/../../../../arm-none-eabi/lib/thumb/v7-m\libc.a(lib_a-__atexit.o)

Cross Reference Table

Symbol                                            File
ADC_Handler                                       src/ASF/sam/utils/cmsis/sam3x/source/templates/exceptions.o
                                                  src/ASF/sam/utils/cmsis/sam3x/source/templates/gcc/startup_sam3x.o
BusFault_Handler                                  src/ASF/sam/utils/cmsis/sam3x/source/templates/exceptions.o
                                                  src/ASF/sam/utils/cmsis/sam3x/source/templates/gcc/startup_sam3x.o
CAN0_Handler                                      src/ASF/sam/utils/cmsis/sam3x/source/templates/exceptions.o
                                                  src/ASF/sam/utils/cmsis/sam3x/source/templates/gcc/startup_sam3x.o
CAN1_Handler                                      src/ASF/sam/utils/cmsis/sam3x/source/templates/exceptions.o
                                                  src/ASF/sam/utils/cmsis/sam3x/source/templates/gcc/startup_sam3x.o
DACC_Handler                                      src/ASF/sam/utils/cmsis/sam3x/source/templates/exceptions.o
                                                  src/ASF/sam/utils/cmsis/sam3x/source/templates/gcc/startup_sam3x.o
DMAC_Handler                                      src/ASF/sam/utils/cmsis/sam3x/source/templates/exceptions.o
                                                  src/ASF/sam/utils/cmsis/sam3x/source/templates/gcc/startup_sam3x.o
DebugMon_Handler                                  src/ASF/sam/utils/cmsis/sam3x/source/templates/exceptions.o
                                                  src/ASF/sam/utils/cmsis/sam3x/source/templates/gcc/startup_sam3x.o
Dummy_Handler                                     src/ASF/sam/utils/cmsis/sam3x/source/templates/exceptions.o
EFC0_Handler                                      src/ASF/sam/utils/cmsis/sam3x/source/templates/exceptions.o
                                                  src/ASF/sam/utils/cmsis/sam3x/source/templates/gcc/startup_sam3x.o
EFC1_Handler                                      src/ASF/sam/utils/cmsis/sam3x/source/templates/exceptions.o
                                                  src/ASF/sam/utils/cmsis/sam3x/source/templates/gcc/startup_sam3x.o
EMAC_Handler                                      src/ASF/sam/utils/cmsis/sam3x/source/templates/exceptions.o
                                                  src/ASF/sam/utils/cmsis/sam3x/source/templates/gcc/startup_sam3x.o
HSMCI_Handler                                     src/ASF/sam/utils/cmsis/sam3x/source/templates/exceptions.o
                                                  src/ASF/sam/utils/cmsis/sam3x/source/templates/gcc/startup_sam3x.o
HardFault_Handler                                 src/ASF/sam/utils/cmsis/sam3x/source/templates/exceptions.o
                                                  src/ASF/sam/utils/cmsis/sam3x/source/templates/gcc/startup_sam3x.o
LED_Off                                           src/ASF/sam/boards/arduino_due_x/led.o
                                                  src/ASF/common/services/usb/class/cdc/device/example2/sam3x8e_arduino_due_x/ui.o
LED_On                                            src/ASF/sam/boards/arduino_due_x/led.o
                                                  src/ASF/common/services/usb/class/cdc/device/example2/sam3x8e_arduino_due_x/ui.o
MemManage_Handler                                 src/ASF/sam/utils/cmsis/sam3x/source/templates/exceptions.o
                                                  src/ASF/sam/utils/cmsis/sam3x/source/templates/gcc/startup_sam3x.o
NMI_Handler                                       src/ASF/sam/utils/cmsis/sam3x/source/templates/exceptions.o
                                                  src/ASF/sam/utils/cmsis/sam3x/source/templates/gcc/startup_sam3x.o
PIOA_Handler                                      src/ASF/sam/drivers/pio/pio_handler.o
                                                  src/ASF/sam/utils/cmsis/sam3x/source/templates/gcc/startup_sam3x.o
PIOB_Handler                                      src/ASF/sam/drivers/pio/pio_handler.o
                                                  src/ASF/sam/utils/cmsis/sam3x/source/templates/gcc/startup_sam3x.o
PIOC_Handler                                      src/ASF/sam/drivers/pio/pio_handler.o
                                                  src/ASF/sam/utils/cmsis/sam3x/source/templates/gcc/startup_sam3x.o
PIOD_Handler                                      src/ASF/sam/drivers/pio/pio_handler.o
                                                  src/ASF/sam/utils/cmsis/sam3x/source/templates/gcc/startup_sam3x.o
PMC_Handler                                       src/ASF/sam/utils/cmsis/sam3x/source/templates/exceptions.o
                                                  src/ASF/sam/utils/cmsis/sam3x/source/templates/gcc/startup_sam3x.o
PWM_Handler                                       src/ASF/sam/utils/cmsis/sam3x/source/templates/exceptions.o
                                                  src/ASF/sam/utils/cmsis/sam3x/source/templates/gcc/startup_sam3x.o
PendSV_Handler                                    src/ASF/sam/utils/cmsis/sam3x/source/templates/exceptions.o
                                                  src/ASF/sam/utils/cmsis/sam3x/source/templates/gcc/startup_sam3x.o
RSTC_Handler                                      src/ASF/sam/utils/cmsis/sam3x/source/templates/exceptions.o
                                                  src/ASF/sam/utils/cmsis/sam3x/source/templates/gcc/startup_sam3x.o
RTC_Handler                                       src/ASF/sam/utils/cmsis/sam3x/source/templates/exceptions.o
                                                  src/ASF/sam/utils/cmsis/sam3x/source/templates/gcc/startup_sam3x.o
RTT_Handler                                       src/ASF/sam/utils/cmsis/sam3x/source/templates/exceptions.o
                                                  src/ASF/sam/utils/cmsis/sam3x/source/templates/gcc/startup_sam3x.o
Reset_Handler                                     src/ASF/sam/utils/cmsis/sam3x/source/templates/gcc/startup_sam3x.o
SMC_Handler                                       src/ASF/sam/utils/cmsis/sam3x/source/templates/exceptions.o
                                                  src/ASF/sam/utils/cmsis/sam3x/source/templates/gcc/startup_sam3x.o
SPI0_Handler                                      src/ASF/sam/utils/cmsis/sam3x/source/templates/exceptions.o
                                                  src/ASF/sam/utils/cmsis/sam3x/source/templates/gcc/startup_sam3x.o
SSC_Handler                                       src/ASF/sam/utils/cmsis/sam3x/source/templates/exceptions.o
                                                  src/ASF/sam/utils/cmsis/sam3x/source/templates/gcc/startup_sam3x.o
SUPC_Handler                                      src/ASF/sam/utils/cmsis/sam3x/source/templates/exceptions.o
                                                  src/ASF/sam/utils/cmsis/sam3x/source/templates/gcc/startup_sam3x.o
SVC_Handler                                       src/ASF/sam/utils/cmsis/sam3x/source/templates/exceptions.o
                                                  src/ASF/sam/utils/cmsis/sam3x/source/templates/gcc/startup_sam3x.o
SysTick_Handler                                   src/ASF/sam/utils/cmsis/sam3x/source/templates/exceptions.o
                                                  src/ASF/sam/utils/cmsis/sam3x/source/templates/gcc/startup_sam3x.o
SystemCoreClock                                   src/ASF/sam/utils/cmsis/sam3x/source/templates/system_sam3x.o
SystemCoreClockUpdate                             src/ASF/sam/utils/cmsis/sam3x/source/templates/system_sam3x.o
                                                  src/ASF/common/services/clock/sam3x/sysclk.o
SystemInit                                        src/ASF/sam/utils/cmsis/sam3x/source/templates/system_sam3x.o
TC0_Handler                                       src/ASF/sam/utils/cmsis/sam3x/source/templates/exceptions.o
                                                  src/ASF/sam/utils/cmsis/sam3x/source/templates/gcc/startup_sam3x.o
TC1_Handler                                       src/ASF/sam/utils/cmsis/sam3x/source/templates/exceptions.o
                                                  src/ASF/sam/utils/cmsis/sam3x/source/templates/gcc/startup_sam3x.o
TC2_Handler                                       src/ASF/sam/utils/cmsis/sam3x/source/templates/exceptions.o
                                                  src/ASF/sam/utils/cmsis/sam3x/source/templates/gcc/startup_sam3x.o
TC3_Handler                                       src/ASF/sam/utils/cmsis/sam3x/source/templates/exceptions.o
                                                  src/ASF/sam/utils/cmsis/sam3x/source/templates/gcc/startup_sam3x.o
TC4_Handler                                       src/ASF/sam/utils/cmsis/sam3x/source/templates/exceptions.o
                                                  src/ASF/sam/utils/cmsis/sam3x/source/templates/gcc/startup_sam3x.o
TC5_Handler                                       src/ASF/sam/utils/cmsis/sam3x/source/templates/exceptions.o
                                                  src/ASF/sam/utils/cmsis/sam3x/source/templates/gcc/startup_sam3x.o
TC6_Handler                                       src/ASF/sam/utils/cmsis/sam3x/source/templates/exceptions.o
                                                  src/ASF/sam/utils/cmsis/sam3x/source/templates/gcc/startup_sam3x.o
TC7_Handler                                       src/ASF/sam/utils/cmsis/sam3x/source/templates/exceptions.o
                                                  src/ASF/sam/utils/cmsis/sam3x/source/templates/gcc/startup_sam3x.o
TC8_Handler                                       src/ASF/sam/utils/cmsis/sam3x/source/templates/exceptions.o
                                                  src/ASF/sam/utils/cmsis/sam3x/source/templates/gcc/startup_sam3x.o
TRNG_Handler                                      src/ASF/sam/utils/cmsis/sam3x/source/templates/exceptions.o
                                                  src/ASF/sam/utils/cmsis/sam3x/source/templates/gcc/startup_sam3x.o
TWI0_Handler                                      src/ASF/sam/utils/cmsis/sam3x/source/templates/exceptions.o
                                                  src/ASF/sam/utils/cmsis/sam3x/source/templates/gcc/startup_sam3x.o
TWI1_Handler                                      src/ASF/sam/utils/cmsis/sam3x/source/templates/exceptions.o